Archive member included to satisfy reference by file (symbol)

../../libpico-tflmicro.a(flatbuffer_conversions.cpp.obj)
                              CMakeFiles/kernels_while_test.dir/while_test.cpp.obj (tflite::ParseAdd(tflite::Operator const*, tflite::ErrorReporter*, tflite::BuiltinDataAllocator*, void**))
../../libpico-tflmicro.a(add.cpp.obj)
                              CMakeFiles/kernels_while_test.dir/while_test.cpp.obj (tflite::Register_ADD())
../../libpico-tflmicro.a(comparisons.cpp.obj)
                              CMakeFiles/kernels_while_test.dir/while_test.cpp.obj (tflite::Register_LESS())
../../libpico-tflmicro.a(kernel_util.cpp.obj)
                              ../../libpico-tflmicro.a(add.cpp.obj) (tflite::micro::RegisterOp(void* (*)(TfLiteContext*, char const*, unsigned int), TfLiteStatus (*)(TfLiteContext*, TfLiteNode*), TfLiteStatus (*)(TfLiteContext*, TfLiteNode*), void (*)(TfLiteContext*, void*), void (*)(TfLiteContext*, void*)))
../../libpico-tflmicro.a(while.cpp.obj)
                              CMakeFiles/kernels_while_test.dir/while_test.cpp.obj (tflite::Register_WHILE())
../../libpico-tflmicro.a(memory_helpers.cpp.obj)
                              ../../libpico-tflmicro.a(kernel_util.cpp.obj) (tflite::TfLiteEvalTensorByteLength(TfLiteEvalTensor const*, unsigned int*))
../../libpico-tflmicro.a(micro_context.cpp.obj)
                              ../../libpico-tflmicro.a(add.cpp.obj) (tflite::MicroContext::AllocateTempInputTensor(TfLiteNode const*, int))
../../libpico-tflmicro.a(micro_interpreter.cpp.obj)
                              CMakeFiles/kernels_while_test.dir/while_test.cpp.obj (tflite::MicroInterpreter::MicroInterpreter(tflite::Model const*, tflite::MicroOpResolver const&, unsigned char*, unsigned int, tflite::MicroResourceVariables*, tflite::MicroProfilerInterface*, bool))
../../libpico-tflmicro.a(micro_interpreter_context.cpp.obj)
                              ../../libpico-tflmicro.a(micro_interpreter.cpp.obj) (tflite::MicroInterpreterContext::~MicroInterpreterContext())
../../libpico-tflmicro.a(micro_interpreter_graph.cpp.obj)
                              ../../libpico-tflmicro.a(micro_interpreter.cpp.obj) (tflite::MicroInterpreterGraph::~MicroInterpreterGraph())
../../libpico-tflmicro.a(micro_log.cpp.obj)
                              ../../libpico-tflmicro.a(micro_context.cpp.obj) (VMicroPrintf(char const*, std::__va_list))
../../libpico-tflmicro.a(micro_op_resolver.cpp.obj)
                              ../../libpico-tflmicro.a(micro_interpreter.cpp.obj) (tflite::GetRegistrationFromOpCode(tflite::OperatorCode const*, tflite::MicroOpResolver const&, TFLMRegistration const**))
../../libpico-tflmicro.a(micro_resource_variable.cpp.obj)
                              ../../libpico-tflmicro.a(micro_interpreter_graph.cpp.obj) (tflite::MicroResourceVariables::ResetAll())
../../libpico-tflmicro.a(micro_utils.cpp.obj)
                              ../../libpico-tflmicro.a(micro_resource_variable.cpp.obj) (tflite::EvalTensorBytes(TfLiteEvalTensor const*))
../../libpico-tflmicro.a(system_setup.cpp.obj)
                              CMakeFiles/kernels_while_test.dir/while_test.cpp.obj (tflite::InitializeTarget())
../../libpico-tflmicro.a(test_helpers.cpp.obj)
                              CMakeFiles/kernels_while_test.dir/while_test.cpp.obj (tflite::testing::GetSimpleModelWithSubgraphsAndWhile())
../../libpico-tflmicro.a(flatbuffer_conversions_bridge.cpp.obj)
                              ../../libpico-tflmicro.a(memory_helpers.cpp.obj) (tflite::ConvertTensorType(tflite::TensorType, TfLiteType*))
../../libpico-tflmicro.a(micro_error_reporter.cpp.obj)
                              ../../libpico-tflmicro.a(flatbuffer_conversions_bridge.cpp.obj) (tflite::GetMicroErrorReporter())
../../libpico-tflmicro.a(schema_utils.cpp.obj)
                              ../../libpico-tflmicro.a(micro_interpreter.cpp.obj) (tflite::GetBuiltinCode(tflite::OperatorCode const*))
../../libpico-tflmicro.a(arm_elementwise_add_s16.c.obj)
                              ../../libpico-tflmicro.a(add.cpp.obj) (arm_elementwise_add_s16)
../../libpico-tflmicro.a(arm_elementwise_add_s8.c.obj)
                              ../../libpico-tflmicro.a(add.cpp.obj) (arm_elementwise_add_s8)
../../libpico-tflmicro.a(error_reporter.cpp.obj)
                              ../../libpico-tflmicro.a(flatbuffer_conversions.cpp.obj) (tflite::ErrorReporter::Report(char const*, ...))
../../libpico-tflmicro.a(common.cpp.obj)
                              ../../libpico-tflmicro.a(kernel_util.cpp.obj) (TfLiteIntArrayGetSizeInBytes)
../../libpico-tflmicro.a(portable_tensor_utils.cpp.obj)
                              ../../libpico-tflmicro.a(kernel_util.cpp.obj) (tflite::tensor_utils::UnpackDenseInt4IntoInt8(signed char const*, int, signed char*))
../../libpico-tflmicro.a(quantization_util.cpp.obj)
                              ../../libpico-tflmicro.a(add.cpp.obj) (tflite::QuantizeMultiplierSmallerThanOneExp(double, long*, int*))
[...]
Memory Configuration

Name             Origin             Length             Attributes
FLASH            0x10000000         0x00200000         xr
RAM              0x20000000         0x00040000         xrw
SCRATCH_X        0x20040000         0x00001000         xrw
SCRATCH_Y        0x20041000         0x00001000         xrw
*default*        0x00000000         0xffffffff

Linker script and memory map

LOAD /Applications/ArmGNUToolchain/13.3.rel1/arm-none-eabi/bin/../lib/gcc/arm-none-eabi/13.3.1/thumb/v6-m/nofp/crti.o
LOAD /Applications/ArmGNUToolchain/13.3.rel1/arm-none-eabi/bin/../lib/gcc/arm-none-eabi/13.3.1/thumb/v6-m/nofp/crtbegin.o
LOAD /Applications/ArmGNUToolchain/13.3.rel1/arm-none-eabi/bin/../lib/gcc/arm-none-eabi/13.3.1/../../../../arm-none-eabi/lib/thumb/v6-m/nofp/crt0.o

.flash_begin    0x10000000        0x0
                0x10000000                        __flash_binary_start = .

.boot2          0x10000000      0x100
                0x10000000                        __boot2_start__ = .
 *(.boot2)
 .boot2         0x10000000      0x100 /var/folders/wk/x60qw4752395jljvch3xcywh0000gn/T//cct4KF2C.o
                0x10000100                        __boot2_end__ = .
                0x00000001                        ASSERT (((__boot2_end__ - __boot2_start__) == 0x100), ERROR: Pico second stage bootloader must be 256 bytes in size)

.text           0x10000100    0x200e8
                0x10000100                        __logical_binary_start = .
 *(.vectors)
 .vectors       0x10000100       0xd4 CMakeFiles/kernels_while_test.dir/Users/mac/2024S2/COMP2560/pico/pico-sdk/src/rp2_common/pico_standard_link/crt0.S.obj
                0x10000100                __VECTOR_TABLE
                0x10000100                __vectors
                0x100001c0                __default_isrs_start
                0x100001c0                isr_invalid
                0x100001c2                isr_nmi
                0x100001c4                isr_hardfault
                0x100001c6                isr_svcall
                0x100001c8                isr_pendsv
                0x100001ca                isr_systick
                0x100001cc                isr_irq28
                0x100001cc                isr_irq19
                0x100001cc                isr_irq0
                0x100001cc                isr_irq6
                0x100001cc                isr_irq22
                0x100001cc                isr_irq17
                0x100001cc                isr_irq14
                0x100001cc                isr_irq2
                0x100001cc                isr_irq10
                0x100001cc                isr_irq8
                0x100001cc                isr_irq24
                0x100001cc                isr_irq1
                0x100001cc                isr_irq7
                0x100001cc                isr_irq21
                0x100001cc                isr_irq20
                0x100001cc                isr_irq15
                0x100001cc                isr_irq25
                0x100001cc                isr_irq4
                0x100001cc                isr_irq16
                0x100001cc                isr_irq29
                0x100001cc                isr_irq26
                0x100001cc                __default_isrs_end
                0x100001cc                isr_irq3
                0x100001cc                isr_irq9
                0x100001cc                __unhandled_user_irq
                0x100001cc                isr_irq13
                0x100001cc                isr_irq27
                0x100001cc                isr_irq31
                0x100001cc                isr_irq5
                0x100001cc                isr_irq11
                0x100001cc                isr_irq23
                0x100001cc                isr_irq18
                0x100001cc                isr_irq30
                0x100001cc                isr_irq12
                0x100001d2                unhandled_user_irq_num_in_r0
 *(.binary_info_header)
 .binary_info_header
                0x100001d4       0x14 CMakeFiles/kernels_while_test.dir/Users/mac/2024S2/COMP2560/pico/pico-sdk/src/rp2_common/pico_standard_link/crt0.S.obj
                0x100001e8                        __binary_info_header_end = .
 *(.reset)
 .reset         0x100001e8       0xa0 CMakeFiles/kernels_while_test.dir/Users/mac/2024S2/COMP2560/pico/pico-sdk/src/rp2_common/pico_standard_link/crt0.S.obj
                0x100001e8                _entry_point
 .reset         0x10000288       0x30 CMakeFiles/kernels_while_test.dir/Users/mac/2024S2/COMP2560/pico/pico-sdk/src/rp2_common/pico_standard_link/binary_info.c.obj
 *(.init)
 .init          0x100002b8        0x4 /Applications/ArmGNUToolchain/13.3.rel1/arm-none-eabi/bin/../lib/gcc/arm-none-eabi/13.3.1/thumb/v6-m/nofp/crti.o
                0x100002b8                _init
 *(EXCLUDE_FILE(*libm.a: *libc.a:*lib_a-mem*.o *libgcc.a:) .text*)
 .text.register_tm_clones
                0x100002bc       0x28 /Applications/ArmGNUToolchain/13.3.rel1/arm-none-eabi/bin/../lib/gcc/arm-none-eabi/13.3.1/thumb/v6-m/nofp/crtbegin.o
 .text.frame_dummy
                0x100002e4       0x24 /Applications/ArmGNUToolchain/13.3.rel1/arm-none-eabi/bin/../lib/gcc/arm-none-eabi/13.3.1/thumb/v6-m/nofp/crtbegin.o
 .text._ZN6tflite22MicroMutableOpResolverILj3EED0Ev
                0x10000308        0x4 CMakeFiles/kernels_while_test.dir/while_test.cpp.obj
                0x10000308                tflite::MicroMutableOpResolver<3u>::~MicroMutableOpResolver()
                0x10000308                tflite::MicroMutableOpResolver<3u>::~MicroMutableOpResolver()
                0x10000308                tflite::MicroMutableOpResolver<3u>::~MicroMutableOpResolver()
 .text._ZNK6tflite22MicroMutableOpResolverILj3EE6FindOpENS_15BuiltinOperatorE
                0x1000030c       0x44 CMakeFiles/kernels_while_test.dir/while_test.cpp.obj
                0x1000030c                tflite::MicroMutableOpResolver<3u>::FindOp(tflite::BuiltinOperator) const
 .text._ZNK6tflite22MicroMutableOpResolverILj3EE15GetOpDataParserENS_15BuiltinOperatorE
                0x10000350       0x3c CMakeFiles/kernels_while_test.dir/while_test.cpp.obj
                0x10000350                tflite::MicroMutableOpResolver<3u>::GetOpDataParser(tflite::BuiltinOperator) const
 .text._ZNK6tflite22MicroMutableOpResolverILj3EE6FindOpEPKc
                0x1000038c       0x68 CMakeFiles/kernels_while_test.dir/while_test.cpp.obj
                0x1000038c                tflite::MicroMutableOpResolver<3u>::FindOp(char const*) const
 .text.startup.main
                0x100003f4      0x7c4 CMakeFiles/kernels_while_test.dir/while_test.cpp.obj
                0x100003f4                main
 .text.running_on_fpga
                0x10000bb8       0x10 CMakeFiles/kernels_while_test.dir/Users/mac/2024S2/COMP2560/pico/pico-sdk/src/rp2_common/pico_platform/platform.c.obj
                0x10000bb8                running_on_fpga
 .text.hw_claim_or_assert
                0x10000bc8       0x44 CMakeFiles/kernels_while_test.dir/Users/mac/2024S2/COMP2560/pico/pico-sdk/src/rp2_common/hardware_claim/claim.c.obj
                0x10000bc8                hw_claim_or_assert
 .text.hw_claim_unused_from_range
                0x10000c0c       0x9c CMakeFiles/kernels_while_test.dir/Users/mac/2024S2/COMP2560/pico/pico-sdk/src/rp2_common/hardware_claim/claim.c.obj
                0x10000c0c                hw_claim_unused_from_range
 .text.spin_locks_reset
                0x10000ca8       0x1c CMakeFiles/kernels_while_test.dir/Users/mac/2024S2/COMP2560/pico/pico-sdk/src/rp2_common/hardware_sync/sync.c.obj
                0x10000ca8                spin_locks_reset
 .text.next_striped_spin_lock_num
                0x10000cc4       0x18 CMakeFiles/kernels_while_test.dir/Users/mac/2024S2/COMP2560/pico/pico-sdk/src/rp2_common/hardware_sync/sync.c.obj
                0x10000cc4                next_striped_spin_lock_num
 .text.spin_lock_claim_unused
                0x10000cdc       0x24 CMakeFiles/kernels_while_test.dir/Users/mac/2024S2/COMP2560/pico/pico-sdk/src/rp2_common/hardware_sync/sync.c.obj
                0x10000cdc                spin_lock_claim_unused
 .text.irq_set_enabled
                0x10000d00       0x24 CMakeFiles/kernels_while_test.dir/Users/mac/2024S2/COMP2560/pico/pico-sdk/src/rp2_common/hardware_irq/irq.c.obj
                0x10000d00                irq_set_enabled
 .text.irq_set_pending
                0x10000d24       0x10 CMakeFiles/kernels_while_test.dir/Users/mac/2024S2/COMP2560/pico/pico-sdk/src/rp2_common/hardware_irq/irq.c.obj
                0x10000d24                irq_set_pending
 .text.irq_has_shared_handler
                0x10000d34       0x2c CMakeFiles/kernels_while_test.dir/Users/mac/2024S2/COMP2560/pico/pico-sdk/src/rp2_common/hardware_irq/irq.c.obj
                0x10000d34                irq_has_shared_handler
 .text.irq_get_vtable_handler
                0x10000d60       0x10 CMakeFiles/kernels_while_test.dir/Users/mac/2024S2/COMP2560/pico/pico-sdk/src/rp2_common/hardware_irq/irq.c.obj
                0x10000d60                irq_get_vtable_handler
 .text.irq_set_exclusive_handler
                0x10000d70       0x54 CMakeFiles/kernels_while_test.dir/Users/mac/2024S2/COMP2560/pico/pico-sdk/src/rp2_common/hardware_irq/irq.c.obj
                0x10000d70                irq_set_exclusive_handler
 .text.irq_add_shared_handler
                0x10000dc4      0x1f4 CMakeFiles/kernels_while_test.dir/Users/mac/2024S2/COMP2560/pico/pico-sdk/src/rp2_common/hardware_irq/irq.c.obj
                0x10000dc4                irq_add_shared_handler
 .text.irq_remove_handler
                0x10000fb8      0x1c4 CMakeFiles/kernels_while_test.dir/Users/mac/2024S2/COMP2560/pico/pico-sdk/src/rp2_common/hardware_irq/irq.c.obj
                0x10000fb8                irq_remove_handler
 .text.irq_add_tail_to_free_list
                0x1000117c       0xb4 CMakeFiles/kernels_while_test.dir/Users/mac/2024S2/COMP2560/pico/pico-sdk/src/rp2_common/hardware_irq/irq.c.obj
                0x1000117c                irq_add_tail_to_free_list
 .text.irq_init_priorities
                0x10001230       0x24 CMakeFiles/kernels_while_test.dir/Users/mac/2024S2/COMP2560/pico/pico-sdk/src/rp2_common/hardware_irq/irq.c.obj
                0x10001230                irq_init_priorities
 .text.user_irq_claim_unused
                0x10001254       0x2c CMakeFiles/kernels_while_test.dir/Users/mac/2024S2/COMP2560/pico/pico-sdk/src/rp2_common/hardware_irq/irq.c.obj
                0x10001254                user_irq_claim_unused
 .text.lock_init
                0x10001280       0x10 CMakeFiles/kernels_while_test.dir/Users/mac/2024S2/COMP2560/pico/pico-sdk/src/common/pico_sync/lock_core.c.obj
                0x10001280                lock_init
 .text.mutex_init
                0x10001290       0x1c CMakeFiles/kernels_while_test.dir/Users/mac/2024S2/COMP2560/pico/pico-sdk/src/common/pico_sync/mutex.c.obj
                0x10001290                mutex_init
 .text.recursive_mutex_init
                0x100012ac       0x1c CMakeFiles/kernels_while_test.dir/Users/mac/2024S2/COMP2560/pico/pico-sdk/src/common/pico_sync/mutex.c.obj
                0x100012ac                recursive_mutex_init
 .text.critical_section_init
                0x100012c8       0x1c CMakeFiles/kernels_while_test.dir/Users/mac/2024S2/COMP2560/pico/pico-sdk/src/common/pico_sync/critical_section.c.obj
                0x100012c8                critical_section_init
 .text.critical_section_init_with_lock_num
                0x100012e4       0x14 CMakeFiles/kernels_while_test.dir/Users/mac/2024S2/COMP2560/pico/pico-sdk/src/common/pico_sync/critical_section.c.obj
                0x100012e4                critical_section_init_with_lock_num
 .text.timer_pool_entry_comparator
                0x100012f8       0x34 CMakeFiles/kernels_while_test.dir/Users/mac/2024S2/COMP2560/pico/pico-sdk/src/common/pico_time/time.c.obj
                0x100012f8                timer_pool_entry_comparator
 .text.sleep_until_callback
                0x1000132c       0x30 CMakeFiles/kernels_while_test.dir/Users/mac/2024S2/COMP2560/pico/pico-sdk/src/common/pico_time/time.c.obj
 .text.add_alarm_under_lock.isra.0
                0x1000135c      0x100 CMakeFiles/kernels_while_test.dir/Users/mac/2024S2/COMP2560/pico/pico-sdk/src/common/pico_time/time.c.obj
 .text.alarm_pool_alarm_callback
                0x1000145c      0x1c0 CMakeFiles/kernels_while_test.dir/Users/mac/2024S2/COMP2560/pico/pico-sdk/src/common/pico_time/time.c.obj
 .text.alarm_pool_init_default
                0x1000161c       0x6c CMakeFiles/kernels_while_test.dir/Users/mac/2024S2/COMP2560/pico/pico-sdk/src/common/pico_time/time.c.obj
                0x1000161c                alarm_pool_init_default
 .text.alarm_pool_get_default
                0x10001688        0x8 CMakeFiles/kernels_while_test.dir/Users/mac/2024S2/COMP2560/pico/pico-sdk/src/common/pico_time/time.c.obj
                0x10001688                alarm_pool_get_default
 .text.alarm_pool_add_alarm_at
                0x10001690      0x17c CMakeFiles/kernels_while_test.dir/Users/mac/2024S2/COMP2560/pico/pico-sdk/src/common/pico_time/time.c.obj
                0x10001690                alarm_pool_add_alarm_at
 .text.alarm_pool_core_num
                0x1000180c        0x4 CMakeFiles/kernels_while_test.dir/Users/mac/2024S2/COMP2560/pico/pico-sdk/src/common/pico_time/time.c.obj
                0x1000180c                alarm_pool_core_num
 .text.best_effort_wfe_or_timeout
                0x10001810       0xcc CMakeFiles/kernels_while_test.dir/Users/mac/2024S2/COMP2560/pico/pico-sdk/src/common/pico_time/time.c.obj
                0x10001810                best_effort_wfe_or_timeout
 .text.hardware_alarm_irq_handler
                0x100018dc       0xbc CMakeFiles/kernels_while_test.dir/Users/mac/2024S2/COMP2560/pico/pico-sdk/src/rp2_common/hardware_timer/timer.c.obj
 .text.hardware_alarm_claim
                0x10001998       0x18 CMakeFiles/kernels_while_test.dir/Users/mac/2024S2/COMP2560/pico/pico-sdk/src/rp2_common/hardware_timer/timer.c.obj
                0x10001998                hardware_alarm_claim
 .text.time_us_64
                0x100019b0       0x14 CMakeFiles/kernels_while_test.dir/Users/mac/2024S2/COMP2560/pico/pico-sdk/src/rp2_common/hardware_timer/timer.c.obj
                0x100019b0                time_us_64
 .text.busy_wait_us
                0x100019c4       0x68 CMakeFiles/kernels_while_test.dir/Users/mac/2024S2/COMP2560/pico/pico-sdk/src/rp2_common/hardware_timer/timer.c.obj
                0x100019c4                busy_wait_us
 .text.hardware_alarm_set_callback
                0x10001a2c       0x8c CMakeFiles/kernels_while_test.dir/Users/mac/2024S2/COMP2560/pico/pico-sdk/src/rp2_common/hardware_timer/timer.c.obj
                0x10001a2c                hardware_alarm_set_callback
 .text.hardware_alarm_set_target
                0x10001ab8       0xd0 CMakeFiles/kernels_while_test.dir/Users/mac/2024S2/COMP2560/pico/pico-sdk/src/rp2_common/hardware_timer/timer.c.obj
                0x10001ab8                hardware_alarm_set_target
 .text.hardware_alarm_cancel
                0x10001b88       0x3c CMakeFiles/kernels_while_test.dir/Users/mac/2024S2/COMP2560/pico/pico-sdk/src/rp2_common/hardware_timer/timer.c.obj
                0x10001b88                hardware_alarm_cancel
 .text.ph_merge_nodes
                0x10001bc4       0x58 CMakeFiles/kernels_while_test.dir/Users/mac/2024S2/COMP2560/pico/pico-sdk/src/common/pico_util/pheap.c.obj
 .text.ph_post_alloc_init
                0x10001c1c       0x3c CMakeFiles/kernels_while_test.dir/Users/mac/2024S2/COMP2560/pico/pico-sdk/src/common/pico_util/pheap.c.obj
                0x10001c1c                ph_post_alloc_init
 .text.ph_merge_two_pass
                0x10001c58       0x8c CMakeFiles/kernels_while_test.dir/Users/mac/2024S2/COMP2560/pico/pico-sdk/src/common/pico_util/pheap.c.obj
                0x10001c58                ph_merge_two_pass
 .text.ph_remove_any_head
                0x10001ce4      0x100 CMakeFiles/kernels_while_test.dir/Users/mac/2024S2/COMP2560/pico/pico-sdk/src/common/pico_util/pheap.c.obj
 .text.ph_remove_head
                0x10001de4      0x104 CMakeFiles/kernels_while_test.dir/Users/mac/2024S2/COMP2560/pico/pico-sdk/src/common/pico_util/pheap.c.obj
                0x10001de4                ph_remove_head
 .text.ph_remove_and_free_node
                0x10001ee8       0x78 CMakeFiles/kernels_while_test.dir/Users/mac/2024S2/COMP2560/pico/pico-sdk/src/common/pico_util/pheap.c.obj
                0x10001ee8                ph_remove_and_free_node
 .text.clocks_init
                0x10001f60      0x2c8 CMakeFiles/kernels_while_test.dir/Users/mac/2024S2/COMP2560/pico/pico-sdk/src/rp2_common/hardware_clocks/clocks.c.obj
                0x10001f60                clocks_init
 .text.pll_init
                0x10002228       0xa4 CMakeFiles/kernels_while_test.dir/Users/mac/2024S2/COMP2560/pico/pico-sdk/src/rp2_common/hardware_pll/pll.c.obj
                0x10002228                pll_init
 .text.watchdog_start_tick
                0x100022cc       0x10 CMakeFiles/kernels_while_test.dir/Users/mac/2024S2/COMP2560/pico/pico-sdk/src/rp2_common/hardware_watchdog/watchdog.c.obj
                0x100022cc                watchdog_start_tick
 .text.watchdog_reboot
                0x100022dc       0x9c CMakeFiles/kernels_while_test.dir/Users/mac/2024S2/COMP2560/pico/pico-sdk/src/rp2_common/hardware_watchdog/watchdog.c.obj
                0x100022dc                watchdog_reboot
 .text.xosc_init
                0x10002378       0x28 CMakeFiles/kernels_while_test.dir/Users/mac/2024S2/COMP2560/pico/pico-sdk/src/rp2_common/hardware_xosc/xosc.c.obj
                0x10002378                xosc_init
 .text.runtime_init
                0x100023a0       0xf0 CMakeFiles/kernels_while_test.dir/Users/mac/2024S2/COMP2560/pico/pico-sdk/src/rp2_common/pico_runtime/runtime.c.obj
                0x100023a0                runtime_init
 .text._exit    0x10002490        0x4 CMakeFiles/kernels_while_test.dir/Users/mac/2024S2/COMP2560/pico/pico-sdk/src/rp2_common/pico_runtime/runtime.c.obj
                0x10002490                _exit
 .text._sbrk    0x10002494       0x34 CMakeFiles/kernels_while_test.dir/Users/mac/2024S2/COMP2560/pico/pico-sdk/src/rp2_common/pico_runtime/runtime.c.obj
                0x10002494                _sbrk
 .text._getpid  0x100024c8        0x4 CMakeFiles/kernels_while_test.dir/Users/mac/2024S2/COMP2560/pico/pico-sdk/src/rp2_common/pico_runtime/runtime.c.obj
                0x100024c8                _getpid
 .text._kill    0x100024cc        0x8 CMakeFiles/kernels_while_test.dir/Users/mac/2024S2/COMP2560/pico/pico-sdk/src/rp2_common/pico_runtime/runtime.c.obj
                0x100024cc                _kill
 .text.exit     0x100024d4        0x8 CMakeFiles/kernels_while_test.dir/Users/mac/2024S2/COMP2560/pico/pico-sdk/src/rp2_common/pico_runtime/runtime.c.obj
                0x100024d4                exit
 .text.__assert_func
                0x100024dc       0x38 CMakeFiles/kernels_while_test.dir/Users/mac/2024S2/COMP2560/pico/pico-sdk/src/rp2_common/pico_runtime/runtime.c.obj
                0x100024dc                __assert_func
 .text.panic    0x10002514       0x30 CMakeFiles/kernels_while_test.dir/Users/mac/2024S2/COMP2560/pico/pico-sdk/src/rp2_common/pico_runtime/runtime.c.obj
                0x10002514                panic
 .text.hard_assertion_failure
                0x10002544        0xc CMakeFiles/kernels_while_test.dir/Users/mac/2024S2/COMP2560/pico/pico-sdk/src/rp2_common/pico_runtime/runtime.c.obj
                0x10002544                hard_assertion_failure
 .text._out_buffer
                0x10002550        0x8 CMakeFiles/kernels_while_test.dir/Users/mac/2024S2/COMP2560/pico/pico-sdk/src/rp2_common/pico_printf/printf.c.obj
 .text._out_null
                0x10002558        0x4 CMakeFiles/kernels_while_test.dir/Users/mac/2024S2/COMP2560/pico/pico-sdk/src/rp2_common/pico_printf/printf.c.obj
 .text._out_rev
                0x1000255c       0xac CMakeFiles/kernels_while_test.dir/Users/mac/2024S2/COMP2560/pico/pico-sdk/src/rp2_common/pico_printf/printf.c.obj
 .text._ntoa_format
                0x10002608      0x250 CMakeFiles/kernels_while_test.dir/Users/mac/2024S2/COMP2560/pico/pico-sdk/src/rp2_common/pico_printf/printf.c.obj
 .text._out_char
                0x10002858       0x10 CMakeFiles/kernels_while_test.dir/Users/mac/2024S2/COMP2560/pico/pico-sdk/src/rp2_common/pico_printf/printf.c.obj
 .text._etoa    0x10002868      0x464 CMakeFiles/kernels_while_test.dir/Users/mac/2024S2/COMP2560/pico/pico-sdk/src/rp2_common/pico_printf/printf.c.obj
 .text._ftoa    0x10002ccc      0x3c0 CMakeFiles/kernels_while_test.dir/Users/mac/2024S2/COMP2560/pico/pico-sdk/src/rp2_common/pico_printf/printf.c.obj
 .text._vsnprintf
                0x1000308c      0xbc8 CMakeFiles/kernels_while_test.dir/Users/mac/2024S2/COMP2560/pico/pico-sdk/src/rp2_common/pico_printf/printf.c.obj
 .text.__wrap_sprintf
                0x10003c54       0x2c CMakeFiles/kernels_while_test.dir/Users/mac/2024S2/COMP2560/pico/pico-sdk/src/rp2_common/pico_printf/printf.c.obj
                0x10003c54                __wrap_sprintf
 .text.weak_raw_printf
                0x10003c80       0x40 CMakeFiles/kernels_while_test.dir/Users/mac/2024S2/COMP2560/pico/pico-sdk/src/rp2_common/pico_printf/printf.c.obj
                0x10003c80                weak_raw_printf
 .text.weak_raw_vprintf
                0x10003cc0       0x30 CMakeFiles/kernels_while_test.dir/Users/mac/2024S2/COMP2560/pico/pico-sdk/src/rp2_common/pico_printf/printf.c.obj
                0x10003cc0                weak_raw_vprintf
 .text          0x10003cf0       0x10 CMakeFiles/kernels_while_test.dir/Users/mac/2024S2/COMP2560/pico/pico-sdk/src/rp2_common/pico_bit_ops/bit_ops_aeabi.S.obj
 .text.rom_func_lookup
                0x10003d00       0x10 CMakeFiles/kernels_while_test.dir/Users/mac/2024S2/COMP2560/pico/pico-sdk/src/rp2_common/pico_bootrom/bootrom.c.obj
                0x10003d00                rom_func_lookup
 .text.rom_data_lookup
                0x10003d10       0x10 CMakeFiles/kernels_while_test.dir/Users/mac/2024S2/COMP2560/pico/pico-sdk/src/rp2_common/pico_bootrom/bootrom.c.obj
                0x10003d10                rom_data_lookup
 .text.rom_funcs_lookup
                0x10003d20       0x44 CMakeFiles/kernels_while_test.dir/Users/mac/2024S2/COMP2560/pico/pico-sdk/src/rp2_common/pico_bootrom/bootrom.c.obj
                0x10003d20                rom_funcs_lookup
 .text.__wrap___aeabi_idiv
                0x10003d64       0x50 CMakeFiles/kernels_while_test.dir/Users/mac/2024S2/COMP2560/pico/pico-sdk/src/rp2_common/pico_divider/divider.S.obj
                0x10003d64                __wrap___aeabi_idivmod
                0x10003d64                divmod_s32s32
                0x10003d64                div_s32s32
                0x10003d64                __wrap___aeabi_idiv
                0x10003d6c                divmod_s32s32_unsafe
                0x10003d98                divmod_s32s32_savestate
 .text.__wrap___aeabi_uidiv
                0x10003db4       0x4c CMakeFiles/kernels_while_test.dir/Users/mac/2024S2/COMP2560/pico/pico-sdk/src/rp2_common/pico_divider/divider.S.obj
                0x10003db4                __wrap___aeabi_uidiv
                0x10003db4                __wrap___aeabi_uidivmod
                0x10003db4                div_u32u32
                0x10003db4                divmod_u32u32
                0x10003dbc                divmod_u32u32_unsafe
                0x10003de4                divmod_u32u32_savestate
 .text.__wrap___aeabi_ldiv
                0x10003e00      0x424 CMakeFiles/kernels_while_test.dir/Users/mac/2024S2/COMP2560/pico/pico-sdk/src/rp2_common/pico_divider/divider.S.obj
                0x10003e00                __wrap___aeabi_ldivmod
                0x10003e00                div_s64s64
                0x10003e00                divmod_s64s64
                0x10003e30                divmod_u64u64
                0x10003e30                div_u64u64
                0x10003e30                __wrap___aeabi_uldivmod
                0x10003e40                divmod_u64u64_savestate
                0x10003e60                divmod_s64s64_unsafe
                0x10003ee8                divmod_u64u64_unsafe
 .text.__wrap___aeabi_darithmetic
                0x10004224       0x80 CMakeFiles/kernels_while_test.dir/Users/mac/2024S2/COMP2560/pico/pico-sdk/src/rp2_common/pico_double/double_aeabi.S.obj
                0x10004224                __wrap___aeabi_drsub
                0x1000422a                __wrap___aeabi_dsub
                0x1000423c                __wrap___aeabi_dadd
                0x1000424e                __wrap___aeabi_ddiv
                0x1000428a                __wrap___aeabi_dmul
 .text.__wrap___aeabi_cdcmple
                0x100042a4       0x6c CMakeFiles/kernels_while_test.dir/Users/mac/2024S2/COMP2560/pico/pico-sdk/src/rp2_common/pico_double/double_aeabi.S.obj
                0x100042a4                __wrap___aeabi_cdrcmple
                0x100042b4                __wrap___aeabi_cdcmple
                0x100042b4                __wrap___aeabi_cdcmpeq
 .text.__wrap___aeabi_dcmpeq
                0x10004310       0x10 CMakeFiles/kernels_while_test.dir/Users/mac/2024S2/COMP2560/pico/pico-sdk/src/rp2_common/pico_double/double_aeabi.S.obj
                0x10004310                __wrap___aeabi_dcmpeq
 .text.__wrap___aeabi_dcmplt
                0x10004320        0xc CMakeFiles/kernels_while_test.dir/Users/mac/2024S2/COMP2560/pico/pico-sdk/src/rp2_common/pico_double/double_aeabi.S.obj
                0x10004320                __wrap___aeabi_dcmplt
 .text.__wrap___aeabi_dcmple
                0x1000432c       0x10 CMakeFiles/kernels_while_test.dir/Users/mac/2024S2/COMP2560/pico/pico-sdk/src/rp2_common/pico_double/double_aeabi.S.obj
                0x1000432c                __wrap___aeabi_dcmple
 .text.__wrap___aeabi_dcmpge
                0x1000433c       0x10 CMakeFiles/kernels_while_test.dir/Users/mac/2024S2/COMP2560/pico/pico-sdk/src/rp2_common/pico_double/double_aeabi.S.obj
                0x1000433c                __wrap___aeabi_dcmpge
 .text.__wrap___aeabi_dcmpgt
                0x1000434c        0xa CMakeFiles/kernels_while_test.dir/Users/mac/2024S2/COMP2560/pico/pico-sdk/src/rp2_common/pico_double/double_aeabi.S.obj
                0x1000434c                __wrap___aeabi_dcmpgt
 .text.__wrap___aeabi_dcmpun
                0x10004356       0x1c CMakeFiles/kernels_while_test.dir/Users/mac/2024S2/COMP2560/pico/pico-sdk/src/rp2_common/pico_double/double_aeabi.S.obj
                0x10004356                __wrap___aeabi_dcmpun
 *fill*         0x10004372        0x2 
 .text.__wrap___aeabi_i2d
                0x10004374       0x38 CMakeFiles/kernels_while_test.dir/Users/mac/2024S2/COMP2560/pico/pico-sdk/src/rp2_common/pico_double/double_aeabi.S.obj
                0x10004374                __wrap___aeabi_ui2d
                0x1000437c                __wrap___aeabi_i2d
 .text.__wrap___aeabi_d2iz
                0x100043ac       0x48 CMakeFiles/kernels_while_test.dir/Users/mac/2024S2/COMP2560/pico/pico-sdk/src/rp2_common/pico_double/double_aeabi.S.obj
                0x100043ac                __wrap___aeabi_d2iz
                0x100043ac                double2int_z
 .text.__wrap___aeabi_d2uiz
                0x100043f4       0x18 CMakeFiles/kernels_while_test.dir/Users/mac/2024S2/COMP2560/pico/pico-sdk/src/rp2_common/pico_double/double_aeabi.S.obj
                0x100043f4                double2uint
                0x100043f4                __wrap___aeabi_d2uiz
 .text.__wrap___aeabi_d2lz
                0x1000440c       0x26 CMakeFiles/kernels_while_test.dir/Users/mac/2024S2/COMP2560/pico/pico-sdk/src/rp2_common/pico_double/double_aeabi.S.obj
                0x1000440c                __wrap___aeabi_d2lz
                0x1000440c                double2int64_z
 *fill*         0x10004432        0x2 
 .text.double2int64
                0x10004434       0x18 CMakeFiles/kernels_while_test.dir/Users/mac/2024S2/COMP2560/pico/pico-sdk/src/rp2_common/pico_double/double_aeabi.S.obj
                0x10004434                double2int64
 .text.double2ufix64
                0x1000444c       0x18 CMakeFiles/kernels_while_test.dir/Users/mac/2024S2/COMP2560/pico/pico-sdk/src/rp2_common/pico_double/double_aeabi.S.obj
                0x1000444c                double2ufix64
 .text.__wrap___aeabi_d2f
                0x10004464       0x18 CMakeFiles/kernels_while_test.dir/Users/mac/2024S2/COMP2560/pico/pico-sdk/src/rp2_common/pico_double/double_aeabi.S.obj
                0x10004464                __wrap___aeabi_d2f
 .text.__aeabi_double_init
                0x1000447c       0x98 CMakeFiles/kernels_while_test.dir/Users/mac/2024S2/COMP2560/pico/pico-sdk/src/rp2_common/pico_double/double_init_rom.c.obj
                0x1000447c                __aeabi_double_init
 .text.__wrap_round
                0x10004514       0x9c CMakeFiles/kernels_while_test.dir/Users/mac/2024S2/COMP2560/pico/pico-sdk/src/rp2_common/pico_double/double_math.c.obj
                0x10004514                __wrap_round
 .text.double_table_shim_on_use_helper
                0x100045b0       0x2c CMakeFiles/kernels_while_test.dir/Users/mac/2024S2/COMP2560/pico/pico-sdk/src/rp2_common/pico_double/double_v1_rom_shim.S.obj
                0x100045b0                double_table_shim_on_use_helper
 .text.__wrap___aeabi_dsub
                0x100045dc       0x10 CMakeFiles/kernels_while_test.dir/Users/mac/2024S2/COMP2560/pico/pico-sdk/src/rp2_common/pico_double/double_v1_rom_shim.S.obj
                0x100045dc                drsub_shim
                0x100045e2                dsub_shim
 .text.dadd_shim
                0x100045ec      0x15c CMakeFiles/kernels_while_test.dir/Users/mac/2024S2/COMP2560/pico/pico-sdk/src/rp2_common/pico_double/double_v1_rom_shim.S.obj
                0x100045ec                dadd_shim
 .text.dmul_shim
                0x10004748      0x15c CMakeFiles/kernels_while_test.dir/Users/mac/2024S2/COMP2560/pico/pico-sdk/src/rp2_common/pico_double/double_v1_rom_shim.S.obj
                0x10004748                dmul_shim
 .text.ddiv_shim
                0x100048a4      0x1b0 CMakeFiles/kernels_while_test.dir/Users/mac/2024S2/COMP2560/pico/pico-sdk/src/rp2_common/pico_double/double_v1_rom_shim.S.obj
                0x100048a4                ddiv_shim
 .text.double2uint_shim
                0x10004a54        0xe CMakeFiles/kernels_while_test.dir/Users/mac/2024S2/COMP2560/pico/pico-sdk/src/rp2_common/pico_double/double_v1_rom_shim.S.obj
                0x10004a54                double2uint_shim
                0x10004a56                double2ufix_shim
 .text.double2int64_shim
                0x10004a62       0x1a CMakeFiles/kernels_while_test.dir/Users/mac/2024S2/COMP2560/pico/pico-sdk/src/rp2_common/pico_double/double_v1_rom_shim.S.obj
                0x10004a62                double2int64_shim
                0x10004a64                double2fix64_shim
 .text.double2uint64_shim
                0x10004a7c       0x70 CMakeFiles/kernels_while_test.dir/Users/mac/2024S2/COMP2560/pico/pico-sdk/src/rp2_common/pico_double/double_v1_rom_shim.S.obj
                0x10004a7c                double2uint64_shim
                0x10004a7e                double2ufix64_shim
                0x10004a9e                d2fix_a
 .text.double2float_shim
                0x10004aec       0x5c CMakeFiles/kernels_while_test.dir/Users/mac/2024S2/COMP2560/pico/pico-sdk/src/rp2_common/pico_double/double_v1_rom_shim.S.obj
                0x10004aec                double2float_shim
 .text.dunpacks
                0x10004b48       0x3c CMakeFiles/kernels_while_test.dir/Users/mac/2024S2/COMP2560/pico/pico-sdk/src/rp2_common/pico_double/double_v1_rom_shim.S.obj
                0x10004b48                dunpacks
 .text.__aeabi_lmul
                0x10004b84       0x32 CMakeFiles/kernels_while_test.dir/Users/mac/2024S2/COMP2560/pico/pico-sdk/src/rp2_common/pico_int64_ops/pico_int64_ops_aeabi.S.obj
                0x10004b84                __wrap___aeabi_lmul
 *fill*         0x10004bb6        0x2 
 .text.__wrap___aeabi_farithmetic
                0x10004bb8       0x48 CMakeFiles/kernels_while_test.dir/Users/mac/2024S2/COMP2560/pico/pico-sdk/src/rp2_common/pico_float/float_aeabi.S.obj
                0x10004bb8                __wrap___aeabi_frsub
                0x10004bbe                __wrap___aeabi_fsub
                0x10004bc4                __wrap___aeabi_fadd
                0x10004bca                __wrap___aeabi_fdiv
                0x10004bf2                __wrap___aeabi_fmul
 .text.__wrap___aeabi_cfcmple
                0x10004c00       0x50 CMakeFiles/kernels_while_test.dir/Users/mac/2024S2/COMP2560/pico/pico-sdk/src/rp2_common/pico_float/float_aeabi.S.obj
                0x10004c00                __wrap___aeabi_cfrcmple
                0x10004c0c                __wrap___aeabi_cfcmpeq
                0x10004c0c                __wrap___aeabi_cfcmple
 .text.__wrap___aeabi_fcmplt
                0x10004c50        0xc CMakeFiles/kernels_while_test.dir/Users/mac/2024S2/COMP2560/pico/pico-sdk/src/rp2_common/pico_float/float_aeabi.S.obj
                0x10004c50                __wrap___aeabi_fcmplt
 .text.__wrap___aeabi_fcmple
                0x10004c5c       0x10 CMakeFiles/kernels_while_test.dir/Users/mac/2024S2/COMP2560/pico/pico-sdk/src/rp2_common/pico_float/float_aeabi.S.obj
                0x10004c5c                __wrap___aeabi_fcmple
 .text.__wrap___aeabi_fcmpge
                0x10004c6c       0x10 CMakeFiles/kernels_while_test.dir/Users/mac/2024S2/COMP2560/pico/pico-sdk/src/rp2_common/pico_float/float_aeabi.S.obj
                0x10004c6c                __wrap___aeabi_fcmpge
 .text.__wrap___aeabi_fcmpgt
                0x10004c7c        0xa CMakeFiles/kernels_while_test.dir/Users/mac/2024S2/COMP2560/pico/pico-sdk/src/rp2_common/pico_float/float_aeabi.S.obj
                0x10004c7c                __wrap___aeabi_fcmpgt
 .text.__wrap___aeabi_f2iz
                0x10004c86       0x4e CMakeFiles/kernels_while_test.dir/Users/mac/2024S2/COMP2560/pico/pico-sdk/src/rp2_common/pico_float/float_aeabi.S.obj
                0x10004c86                __wrap___aeabi_f2iz
                0x10004c86                float2int_z
 .text.float2int
                0x10004cd4       0x14 CMakeFiles/kernels_while_test.dir/Users/mac/2024S2/COMP2560/pico/pico-sdk/src/rp2_common/pico_float/float_aeabi.S.obj
                0x10004cd4                float2int
 .text.__wrap___aeabi_f2uiz
                0x10004ce8        0xc CMakeFiles/kernels_while_test.dir/Users/mac/2024S2/COMP2560/pico/pico-sdk/src/rp2_common/pico_float/float_aeabi.S.obj
                0x10004ce8                __wrap___aeabi_f2uiz
 .text.__wrap___aeabi_f2d
                0x10004cf4       0x14 CMakeFiles/kernels_while_test.dir/Users/mac/2024S2/COMP2560/pico/pico-sdk/src/rp2_common/pico_float/float_aeabi.S.obj
                0x10004cf4                __wrap___aeabi_f2d
 .text.__aeabi_float_init
                0x10004d08       0x64 CMakeFiles/kernels_while_test.dir/Users/mac/2024S2/COMP2560/pico/pico-sdk/src/rp2_common/pico_float/float_init_rom.c.obj
                0x10004d08                __aeabi_float_init
 .text.float_table_shim_on_use_helper
                0x10004d6c       0x2c CMakeFiles/kernels_while_test.dir/Users/mac/2024S2/COMP2560/pico/pico-sdk/src/rp2_common/pico_float/float_v1_rom_shim.S.obj
                0x10004d6c                float_table_shim_on_use_helper
 .text.float232_shims
                0x10004d98       0x18 CMakeFiles/kernels_while_test.dir/Users/mac/2024S2/COMP2560/pico/pico-sdk/src/rp2_common/pico_float/float_v1_rom_shim.S.obj
                0x10004d98                float2int_shim
                0x10004d9a                float2fix_shim
 .text.float2double_shim
                0x10004db0       0x30 CMakeFiles/kernels_while_test.dir/Users/mac/2024S2/COMP2560/pico/pico-sdk/src/rp2_common/pico_float/float_v1_rom_shim.S.obj
                0x10004db0                float2double_shim
 .text.__wrap_malloc
                0x10004de0       0x3c CMakeFiles/kernels_while_test.dir/Users/mac/2024S2/COMP2560/pico/pico-sdk/src/rp2_common/pico_malloc/pico_malloc.c.obj
                0x10004de0                __wrap_malloc
 .text.__wrap_realloc
                0x10004e1c       0x40 CMakeFiles/kernels_while_test.dir/Users/mac/2024S2/COMP2560/pico/pico-sdk/src/rp2_common/pico_malloc/pico_malloc.c.obj
                0x10004e1c                __wrap_realloc
 .text.__wrap_free
                0x10004e5c       0x20 CMakeFiles/kernels_while_test.dir/Users/mac/2024S2/COMP2560/pico/pico-sdk/src/rp2_common/pico_malloc/pico_malloc.c.obj
                0x10004e5c                __wrap_free
 .text          0x10004e7c       0x10 CMakeFiles/kernels_while_test.dir/Users/mac/2024S2/COMP2560/pico/pico-sdk/src/rp2_common/pico_mem_ops/mem_ops_aeabi.S.obj
                0x10004e7c                __aeabi_mem_init
 .text.memset   0x10004e8c        0xc CMakeFiles/kernels_while_test.dir/Users/mac/2024S2/COMP2560/pico/pico-sdk/src/rp2_common/pico_mem_ops/mem_ops_aeabi.S.obj
                0x10004e8c                __wrap_memset
 .text.memcpy   0x10004e98        0xc CMakeFiles/kernels_while_test.dir/Users/mac/2024S2/COMP2560/pico/pico-sdk/src/rp2_common/pico_mem_ops/mem_ops_aeabi.S.obj
                0x10004e98                __wrap___aeabi_memcpy
                0x10004e98                __wrap_memcpy
 .text._ZdlPv   0x10004ea4        0x8 CMakeFiles/kernels_while_test.dir/Users/mac/2024S2/COMP2560/pico/pico-sdk/src/rp2_common/pico_standard_link/new_delete.cpp.obj
                0x10004ea4                operator delete(void*)
 .text.stdio_out_chars_crlf
                0x10004eac       0x94 CMakeFiles/kernels_while_test.dir/Users/mac/2024S2/COMP2560/pico/pico-sdk/src/rp2_common/pico_stdio/stdio.c.obj
 .text.__wrap_putchar
                0x10004f40       0x98 CMakeFiles/kernels_while_test.dir/Users/mac/2024S2/COMP2560/pico/pico-sdk/src/rp2_common/pico_stdio/stdio.c.obj
                0x10004f40                __wrap_putchar
 .text.__wrap_puts
                0x10004fd8       0xe0 CMakeFiles/kernels_while_test.dir/Users/mac/2024S2/COMP2560/pico/pico-sdk/src/rp2_common/pico_stdio/stdio.c.obj
                0x10004fd8                __wrap_puts
 .text._read    0x100050b8       0x94 CMakeFiles/kernels_while_test.dir/Users/mac/2024S2/COMP2560/pico/pico-sdk/src/rp2_common/pico_stdio/stdio.c.obj
                0x100050b8                _read
 .text._write   0x1000514c       0xb4 CMakeFiles/kernels_while_test.dir/Users/mac/2024S2/COMP2560/pico/pico-sdk/src/rp2_common/pico_stdio/stdio.c.obj
                0x1000514c                _write
 .text._close   0x10005200        0x8 CMakeFiles/kernels_while_test.dir/Users/mac/2024S2/COMP2560/pico/pico-sdk/src/rp2_common/pico_stdio/stdio.c.obj
                0x10005200                _close
 .text._lseek   0x10005208        0x8 CMakeFiles/kernels_while_test.dir/Users/mac/2024S2/COMP2560/pico/pico-sdk/src/rp2_common/pico_stdio/stdio.c.obj
                0x10005208                _lseek
 .text._fstat   0x10005210        0x8 CMakeFiles/kernels_while_test.dir/Users/mac/2024S2/COMP2560/pico/pico-sdk/src/rp2_common/pico_stdio/stdio.c.obj
                0x10005210                _fstat
 .text._isatty  0x10005218        0xc CMakeFiles/kernels_while_test.dir/Users/mac/2024S2/COMP2560/pico/pico-sdk/src/rp2_common/pico_stdio/stdio.c.obj
                0x10005218                _isatty
 .text.stdio_set_driver_enabled
                0x10005224       0x30 CMakeFiles/kernels_while_test.dir/Users/mac/2024S2/COMP2560/pico/pico-sdk/src/rp2_common/pico_stdio/stdio.c.obj
                0x10005224                stdio_set_driver_enabled
 .text.stdio_init_all
                0x10005254        0x8 CMakeFiles/kernels_while_test.dir/Users/mac/2024S2/COMP2560/pico/pico-sdk/src/rp2_common/pico_stdio/stdio.c.obj
                0x10005254                stdio_init_all
 .text.resetd_init
                0x1000525c        0x4 CMakeFiles/kernels_while_test.dir/Users/mac/2024S2/COMP2560/pico/pico-sdk/src/rp2_common/pico_stdio_usb/reset_interface.c.obj
 .text.resetd_reset
                0x10005260        0xc CMakeFiles/kernels_while_test.dir/Users/mac/2024S2/COMP2560/pico/pico-sdk/src/rp2_common/pico_stdio_usb/reset_interface.c.obj
 .text.resetd_open
                0x1000526c       0x28 CMakeFiles/kernels_while_test.dir/Users/mac/2024S2/COMP2560/pico/pico-sdk/src/rp2_common/pico_stdio_usb/reset_interface.c.obj
 .text.resetd_xfer_cb
                0x10005294        0x4 CMakeFiles/kernels_while_test.dir/Users/mac/2024S2/COMP2560/pico/pico-sdk/src/rp2_common/pico_stdio_usb/reset_interface.c.obj
 .text.resetd_control_xfer_cb
                0x10005298       0x60 CMakeFiles/kernels_while_test.dir/Users/mac/2024S2/COMP2560/pico/pico-sdk/src/rp2_common/pico_stdio_usb/reset_interface.c.obj
 .text.usbd_app_driver_get_cb
                0x100052f8        0xc CMakeFiles/kernels_while_test.dir/Users/mac/2024S2/COMP2560/pico/pico-sdk/src/rp2_common/pico_stdio_usb/reset_interface.c.obj
                0x100052f8                usbd_app_driver_get_cb
 .text.tud_cdc_line_coding_cb
                0x10005304       0x34 CMakeFiles/kernels_while_test.dir/Users/mac/2024S2/COMP2560/pico/pico-sdk/src/rp2_common/pico_stdio_usb/reset_interface.c.obj
                0x10005304                tud_cdc_line_coding_cb
 .text.stdio_usb_set_chars_available_callback
                0x10005338       0x14 CMakeFiles/kernels_while_test.dir/Users/mac/2024S2/COMP2560/pico/pico-sdk/src/rp2_common/pico_stdio_usb/stdio_usb.c.obj
                0x10005338                stdio_usb_set_chars_available_callback
 .text.usb_irq  0x1000534c       0x10 CMakeFiles/kernels_while_test.dir/Users/mac/2024S2/COMP2560/pico/pico-sdk/src/rp2_common/pico_stdio_usb/stdio_usb.c.obj
 .text.timer_task
                0x1000535c       0x54 CMakeFiles/kernels_while_test.dir/Users/mac/2024S2/COMP2560/pico/pico-sdk/src/rp2_common/pico_stdio_usb/stdio_usb.c.obj
 .text.stdio_usb_in_chars
                0x100053b0       0x90 CMakeFiles/kernels_while_test.dir/Users/mac/2024S2/COMP2560/pico/pico-sdk/src/rp2_common/pico_stdio_usb/stdio_usb.c.obj
                0x100053b0                stdio_usb_in_chars
 .text.stdio_usb_out_chars
                0x10005440      0x104 CMakeFiles/kernels_while_test.dir/Users/mac/2024S2/COMP2560/pico/pico-sdk/src/rp2_common/pico_stdio_usb/stdio_usb.c.obj
 .text.low_priority_worker_irq
                0x10005544       0xa8 CMakeFiles/kernels_while_test.dir/Users/mac/2024S2/COMP2560/pico/pico-sdk/src/rp2_common/pico_stdio_usb/stdio_usb.c.obj
 .text.tud_cdc_rx_cb
                0x100055ec       0x20 CMakeFiles/kernels_while_test.dir/Users/mac/2024S2/COMP2560/pico/pico-sdk/src/rp2_common/pico_stdio_usb/stdio_usb.c.obj
                0x100055ec                tud_cdc_rx_cb
 .text.stdio_usb_init
                0x1000560c       0xe0 CMakeFiles/kernels_while_test.dir/Users/mac/2024S2/COMP2560/pico/pico-sdk/src/rp2_common/pico_stdio_usb/stdio_usb.c.obj
                0x1000560c                stdio_usb_init
 .text.tud_descriptor_device_cb
                0x100056ec        0x8 CMakeFiles/kernels_while_test.dir/Users/mac/2024S2/COMP2560/pico/pico-sdk/src/rp2_common/pico_stdio_usb/stdio_usb_descriptors.c.obj
                0x100056ec                tud_descriptor_device_cb
 .text.tud_descriptor_configuration_cb
                0x100056f4        0x8 CMakeFiles/kernels_while_test.dir/Users/mac/2024S2/COMP2560/pico/pico-sdk/src/rp2_common/pico_stdio_usb/stdio_usb_descriptors.c.obj
                0x100056f4                tud_descriptor_configuration_cb
 .text.tud_descriptor_string_cb
                0x100056fc       0x78 CMakeFiles/kernels_while_test.dir/Users/mac/2024S2/COMP2560/pico/pico-sdk/src/rp2_common/pico_stdio_usb/stdio_usb_descriptors.c.obj
                0x100056fc                tud_descriptor_string_cb
 .text.startup._retrieve_unique_id_on_boot
                0x10005774       0x10 CMakeFiles/kernels_while_test.dir/Users/mac/2024S2/COMP2560/pico/pico-sdk/src/rp2_common/pico_unique_id/unique_id.c.obj
 .text.pico_get_unique_board_id_string
                0x10005784      0x1a8 CMakeFiles/kernels_while_test.dir/Users/mac/2024S2/COMP2560/pico/pico-sdk/src/rp2_common/pico_unique_id/unique_id.c.obj
                0x10005784                pico_get_unique_board_id_string
 .text.flash_get_unique_id
                0x1000592c       0x3c CMakeFiles/kernels_while_test.dir/Users/mac/2024S2/COMP2560/pico/pico-sdk/src/rp2_common/hardware_flash/flash.c.obj
                0x1000592c                flash_get_unique_id
 .text.dcd_int_enable
                0x10005968        0xc CMakeFiles/kernels_while_test.dir/Users/mac/2024S2/COMP2560/pico/pico-sdk/lib/tinyusb/src/portable/raspberrypi/rp2040/dcd_rp2040.c.obj
                0x10005968                dcd_int_enable
 .text.dcd_set_address
                0x10005974       0x14 CMakeFiles/kernels_while_test.dir/Users/mac/2024S2/COMP2560/pico/pico-sdk/lib/tinyusb/src/portable/raspberrypi/rp2040/dcd_rp2040.c.obj
                0x10005974                dcd_set_address
 .text.dcd_connect
                0x10005988       0x10 CMakeFiles/kernels_while_test.dir/Users/mac/2024S2/COMP2560/pico/pico-sdk/lib/tinyusb/src/portable/raspberrypi/rp2040/dcd_rp2040.c.obj
                0x10005988                dcd_connect
 .text.dcd_init
                0x10005998       0x98 CMakeFiles/kernels_while_test.dir/Users/mac/2024S2/COMP2560/pico/pico-sdk/lib/tinyusb/src/portable/raspberrypi/rp2040/dcd_rp2040.c.obj
                0x10005998                dcd_init
 .text.dcd_edpt0_status_complete
                0x10005a30       0x1c CMakeFiles/kernels_while_test.dir/Users/mac/2024S2/COMP2560/pico/pico-sdk/lib/tinyusb/src/portable/raspberrypi/rp2040/dcd_rp2040.c.obj
                0x10005a30                dcd_edpt0_status_complete
 .text.dcd_edpt_open
                0x10005a4c      0x108 CMakeFiles/kernels_while_test.dir/Users/mac/2024S2/COMP2560/pico/pico-sdk/lib/tinyusb/src/portable/raspberrypi/rp2040/dcd_rp2040.c.obj
                0x10005a4c                dcd_edpt_open
 .text.dcd_edpt_close_all
                0x10005b54        0x8 CMakeFiles/kernels_while_test.dir/Users/mac/2024S2/COMP2560/pico/pico-sdk/lib/tinyusb/src/portable/raspberrypi/rp2040/dcd_rp2040.c.obj
                0x10005b54                dcd_edpt_close_all
 .text.dcd_edpt_xfer
                0x10005b5c       0x24 CMakeFiles/kernels_while_test.dir/Users/mac/2024S2/COMP2560/pico/pico-sdk/lib/tinyusb/src/portable/raspberrypi/rp2040/dcd_rp2040.c.obj
                0x10005b5c                dcd_edpt_xfer
 .text.dcd_edpt_stall
                0x10005b80       0x34 CMakeFiles/kernels_while_test.dir/Users/mac/2024S2/COMP2560/pico/pico-sdk/lib/tinyusb/src/portable/raspberrypi/rp2040/dcd_rp2040.c.obj
                0x10005b80                dcd_edpt_stall
 .text.dcd_edpt_clear_stall
                0x10005bb4       0x30 CMakeFiles/kernels_while_test.dir/Users/mac/2024S2/COMP2560/pico/pico-sdk/lib/tinyusb/src/portable/raspberrypi/rp2040/dcd_rp2040.c.obj
                0x10005bb4                dcd_edpt_clear_stall
 .text.rp2040_usb_init
                0x10005be4       0x4c CMakeFiles/kernels_while_test.dir/Users/mac/2024S2/COMP2560/pico/pico-sdk/lib/tinyusb/src/portable/raspberrypi/rp2040/rp2040_usb.c.obj
                0x10005be4                rp2040_usb_init
 .text.hw_endpoint_xfer_start
                0x10005c30       0x40 CMakeFiles/kernels_while_test.dir/Users/mac/2024S2/COMP2560/pico/pico-sdk/lib/tinyusb/src/portable/raspberrypi/rp2040/rp2040_usb.c.obj
                0x10005c30                hw_endpoint_xfer_start
 .text.tud_mounted
                0x10005c70       0x10 CMakeFiles/kernels_while_test.dir/Users/mac/2024S2/COMP2560/pico/pico-sdk/lib/tinyusb/src/device/usbd.c.obj
                0x10005c70                tud_mounted
 .text.tud_suspended
                0x10005c80       0x10 CMakeFiles/kernels_while_test.dir/Users/mac/2024S2/COMP2560/pico/pico-sdk/lib/tinyusb/src/device/usbd.c.obj
                0x10005c80                tud_suspended
 .text.tud_inited
                0x10005c90       0x14 CMakeFiles/kernels_while_test.dir/Users/mac/2024S2/COMP2560/pico/pico-sdk/lib/tinyusb/src/device/usbd.c.obj
                0x10005c90                tud_inited
 .text.tud_init
                0x10005ca4       0xdc CMakeFiles/kernels_while_test.dir/Users/mac/2024S2/COMP2560/pico/pico-sdk/lib/tinyusb/src/device/usbd.c.obj
                0x10005ca4                tud_init
 .text.tud_task_ext
                0x10005d80      0x850 CMakeFiles/kernels_while_test.dir/Users/mac/2024S2/COMP2560/pico/pico-sdk/lib/tinyusb/src/device/usbd.c.obj
                0x10005d80                tud_task_ext
 .text.usbd_open_edpt_pair
                0x100065d0       0x9c CMakeFiles/kernels_while_test.dir/Users/mac/2024S2/COMP2560/pico/pico-sdk/lib/tinyusb/src/device/usbd.c.obj
                0x100065d0                usbd_open_edpt_pair
 .text.usbd_defer_func
                0x1000666c       0x48 CMakeFiles/kernels_while_test.dir/Users/mac/2024S2/COMP2560/pico/pico-sdk/lib/tinyusb/src/device/usbd.c.obj
                0x1000666c                usbd_defer_func
 .text.usbd_edpt_open
                0x100066b4       0x34 CMakeFiles/kernels_while_test.dir/Users/mac/2024S2/COMP2560/pico/pico-sdk/lib/tinyusb/src/device/usbd.c.obj
                0x100066b4                usbd_edpt_open
 .text.usbd_edpt_claim
                0x100066e8       0x28 CMakeFiles/kernels_while_test.dir/Users/mac/2024S2/COMP2560/pico/pico-sdk/lib/tinyusb/src/device/usbd.c.obj
                0x100066e8                usbd_edpt_claim
 .text.usbd_edpt_release
                0x10006710       0x28 CMakeFiles/kernels_while_test.dir/Users/mac/2024S2/COMP2560/pico/pico-sdk/lib/tinyusb/src/device/usbd.c.obj
                0x10006710                usbd_edpt_release
 .text.usbd_edpt_xfer
                0x10006738       0x4c CMakeFiles/kernels_while_test.dir/Users/mac/2024S2/COMP2560/pico/pico-sdk/lib/tinyusb/src/device/usbd.c.obj
                0x10006738                usbd_edpt_xfer
 .text.tud_control_status
                0x10006784       0x2c CMakeFiles/kernels_while_test.dir/Users/mac/2024S2/COMP2560/pico/pico-sdk/lib/tinyusb/src/device/usbd_control.c.obj
                0x10006784                tud_control_status
 .text.tud_control_xfer
                0x100067b0       0xac CMakeFiles/kernels_while_test.dir/Users/mac/2024S2/COMP2560/pico/pico-sdk/lib/tinyusb/src/device/usbd_control.c.obj
                0x100067b0                tud_control_xfer
 .text.usbd_control_reset
                0x1000685c       0x14 CMakeFiles/kernels_while_test.dir/Users/mac/2024S2/COMP2560/pico/pico-sdk/lib/tinyusb/src/device/usbd_control.c.obj
                0x1000685c                usbd_control_reset
 .text.usbd_control_set_complete_callback
                0x10006870        0xc CMakeFiles/kernels_while_test.dir/Users/mac/2024S2/COMP2560/pico/pico-sdk/lib/tinyusb/src/device/usbd_control.c.obj
                0x10006870                usbd_control_set_complete_callback
 .text.usbd_control_set_request
                0x1000687c       0x1c CMakeFiles/kernels_while_test.dir/Users/mac/2024S2/COMP2560/pico/pico-sdk/lib/tinyusb/src/device/usbd_control.c.obj
                0x1000687c                usbd_control_set_request
 .text.usbd_control_xfer_cb
                0x10006898       0xf4 CMakeFiles/kernels_while_test.dir/Users/mac/2024S2/COMP2560/pico/pico-sdk/lib/tinyusb/src/device/usbd_control.c.obj
                0x10006898                usbd_control_xfer_cb
 .text.tud_cdc_n_connected
                0x1000698c       0x30 CMakeFiles/kernels_while_test.dir/Users/mac/2024S2/COMP2560/pico/pico-sdk/lib/tinyusb/src/class/cdc/cdc_device.c.obj
                0x1000698c                tud_cdc_n_connected
 .text.tud_cdc_n_available
                0x100069bc       0x18 CMakeFiles/kernels_while_test.dir/Users/mac/2024S2/COMP2560/pico/pico-sdk/lib/tinyusb/src/class/cdc/cdc_device.c.obj
                0x100069bc                tud_cdc_n_available
 .text.tud_cdc_n_read
                0x100069d4       0x70 CMakeFiles/kernels_while_test.dir/Users/mac/2024S2/COMP2560/pico/pico-sdk/lib/tinyusb/src/class/cdc/cdc_device.c.obj
                0x100069d4                tud_cdc_n_read
 .text.tud_cdc_n_write_flush
                0x10006a44       0x78 CMakeFiles/kernels_while_test.dir/Users/mac/2024S2/COMP2560/pico/pico-sdk/lib/tinyusb/src/class/cdc/cdc_device.c.obj
                0x10006a44                tud_cdc_n_write_flush
 .text.tud_cdc_n_write
                0x10006abc       0x34 CMakeFiles/kernels_while_test.dir/Users/mac/2024S2/COMP2560/pico/pico-sdk/lib/tinyusb/src/class/cdc/cdc_device.c.obj
                0x10006abc                tud_cdc_n_write
 .text.tud_cdc_n_write_available
                0x10006af0       0x18 CMakeFiles/kernels_while_test.dir/Users/mac/2024S2/COMP2560/pico/pico-sdk/lib/tinyusb/src/class/cdc/cdc_device.c.obj
                0x10006af0                tud_cdc_n_write_available
 .text.cdcd_init
                0x10006b08       0x7c CMakeFiles/kernels_while_test.dir/Users/mac/2024S2/COMP2560/pico/pico-sdk/lib/tinyusb/src/class/cdc/cdc_device.c.obj
                0x10006b08                cdcd_init
 .text.cdcd_reset
                0x10006b84       0x2c CMakeFiles/kernels_while_test.dir/Users/mac/2024S2/COMP2560/pico/pico-sdk/lib/tinyusb/src/class/cdc/cdc_device.c.obj
                0x10006b84                cdcd_reset
 .text.cdcd_open
                0x10006bb0       0xe4 CMakeFiles/kernels_while_test.dir/Users/mac/2024S2/COMP2560/pico/pico-sdk/lib/tinyusb/src/class/cdc/cdc_device.c.obj
                0x10006bb0                cdcd_open
 .text.cdcd_control_xfer_cb
                0x10006c94       0xe4 CMakeFiles/kernels_while_test.dir/Users/mac/2024S2/COMP2560/pico/pico-sdk/lib/tinyusb/src/class/cdc/cdc_device.c.obj
                0x10006c94                cdcd_control_xfer_cb
 .text.cdcd_xfer_cb
                0x10006d78      0x13c CMakeFiles/kernels_while_test.dir/Users/mac/2024S2/COMP2560/pico/pico-sdk/lib/tinyusb/src/class/cdc/cdc_device.c.obj
                0x10006d78                cdcd_xfer_cb
 .text.tusb_init
                0x10006eb4        0xc CMakeFiles/kernels_while_test.dir/Users/mac/2024S2/COMP2560/pico/pico-sdk/lib/tinyusb/src/tusb.c.obj
                0x10006eb4                tusb_init
 .text.tusb_inited
                0x10006ec0        0x8 CMakeFiles/kernels_while_test.dir/Users/mac/2024S2/COMP2560/pico/pico-sdk/lib/tinyusb/src/tusb.c.obj
                0x10006ec0                tusb_inited
 .text.tu_edpt_claim
                0x10006ec8       0x50 CMakeFiles/kernels_while_test.dir/Users/mac/2024S2/COMP2560/pico/pico-sdk/lib/tinyusb/src/tusb.c.obj
                0x10006ec8                tu_edpt_claim
 .text.tu_edpt_release
                0x10006f18       0x38 CMakeFiles/kernels_while_test.dir/Users/mac/2024S2/COMP2560/pico/pico-sdk/lib/tinyusb/src/tusb.c.obj
                0x10006f18                tu_edpt_release
 .text.tu_edpt_validate
                0x10006f50       0x7c CMakeFiles/kernels_while_test.dir/Users/mac/2024S2/COMP2560/pico/pico-sdk/lib/tinyusb/src/tusb.c.obj
                0x10006f50                tu_edpt_validate
 .text.tu_edpt_bind_driver
                0x10006fcc       0x34 CMakeFiles/kernels_while_test.dir/Users/mac/2024S2/COMP2560/pico/pico-sdk/lib/tinyusb/src/tusb.c.obj
                0x10006fcc                tu_edpt_bind_driver
 .text.tu_fifo_config
                0x10007000       0x6c CMakeFiles/kernels_while_test.dir/Users/mac/2024S2/COMP2560/pico/pico-sdk/lib/tinyusb/src/common/tusb_fifo.c.obj
                0x10007000                tu_fifo_config
 .text.tu_fifo_count
                0x1000706c       0x2c CMakeFiles/kernels_while_test.dir/Users/mac/2024S2/COMP2560/pico/pico-sdk/lib/tinyusb/src/common/tusb_fifo.c.obj
                0x1000706c                tu_fifo_count
 .text.tu_fifo_empty
                0x10007098       0x10 CMakeFiles/kernels_while_test.dir/Users/mac/2024S2/COMP2560/pico/pico-sdk/lib/tinyusb/src/common/tusb_fifo.c.obj
                0x10007098                tu_fifo_empty
 .text.tu_fifo_remaining
                0x100070a8       0x2c CMakeFiles/kernels_while_test.dir/Users/mac/2024S2/COMP2560/pico/pico-sdk/lib/tinyusb/src/common/tusb_fifo.c.obj
                0x100070a8                tu_fifo_remaining
 .text.tu_fifo_read
                0x100070d4       0x9c CMakeFiles/kernels_while_test.dir/Users/mac/2024S2/COMP2560/pico/pico-sdk/lib/tinyusb/src/common/tusb_fifo.c.obj
                0x100070d4                tu_fifo_read
 .text.tu_fifo_read_n
                0x10007170       0xe8 CMakeFiles/kernels_while_test.dir/Users/mac/2024S2/COMP2560/pico/pico-sdk/lib/tinyusb/src/common/tusb_fifo.c.obj
                0x10007170                tu_fifo_read_n
 .text.tu_fifo_write
                0x10007258       0xa8 CMakeFiles/kernels_while_test.dir/Users/mac/2024S2/COMP2560/pico/pico-sdk/lib/tinyusb/src/common/tusb_fifo.c.obj
                0x10007258                tu_fifo_write
 .text.tu_fifo_write_n
                0x10007300      0x178 CMakeFiles/kernels_while_test.dir/Users/mac/2024S2/COMP2560/pico/pico-sdk/lib/tinyusb/src/common/tusb_fifo.c.obj
                0x10007300                tu_fifo_write_n
 .text.tu_fifo_clear
                0x10007478       0x40 CMakeFiles/kernels_while_test.dir/Users/mac/2024S2/COMP2560/pico/pico-sdk/lib/tinyusb/src/common/tusb_fifo.c.obj
                0x10007478                tu_fifo_clear
 .text.tu_fifo_set_overwritable
                0x100074b8       0x48 CMakeFiles/kernels_while_test.dir/Users/mac/2024S2/COMP2560/pico/pico-sdk/lib/tinyusb/src/common/tusb_fifo.c.obj
                0x100074b8                tu_fifo_set_overwritable
 .text._ZN6tflite17ConvertTensorTypeENS_10TensorTypeEP10TfLiteTypePNS_13ErrorReporterE
                0x10007500       0x9c ../../libpico-tflmicro.a(flatbuffer_conversions.cpp.obj)
                0x10007500                tflite::ConvertTensorType(tflite::TensorType, TfLiteType*, tflite::ErrorReporter*)
 .text._ZN6tflite8ParseAddEPKNS_8OperatorEPNS_13ErrorReporterEPNS_20BuiltinDataAllocatorEPPv
                0x1000759c       0x98 ../../libpico-tflmicro.a(flatbuffer_conversions.cpp.obj)
                0x1000759c                tflite::ParseAdd(tflite::Operator const*, tflite::ErrorReporter*, tflite::BuiltinDataAllocator*, void**)
 .text._ZN6tflite9ParseLessEPKNS_8OperatorEPNS_13ErrorReporterEPNS_20BuiltinDataAllocatorEPPv
                0x10007634        0x4 ../../libpico-tflmicro.a(flatbuffer_conversions.cpp.obj)
                0x10007634                tflite::ParseLess(tflite::Operator const*, tflite::ErrorReporter*, tflite::BuiltinDataAllocator*, void**)
 .text._ZN6tflite10ParseWhileEPKNS_8OperatorEPNS_13ErrorReporterEPNS_20BuiltinDataAllocatorEPPv
                0x10007638       0x70 ../../libpico-tflmicro.a(flatbuffer_conversions.cpp.obj)
                0x10007638                tflite::ParseWhile(tflite::Operator const*, tflite::ErrorReporter*, tflite::BuiltinDataAllocator*, void**)
 .text._ZN6tflite7InitAddEP13TfLiteContextPKcj
                0x100076a8        0xc ../../libpico-tflmicro.a(add.cpp.obj)
                0x100076a8                tflite::InitAdd(TfLiteContext*, char const*, unsigned int)
 .text._ZN6tflite10PrepareAddEP13TfLiteContextP10TfLiteNode
                0x100076b4      0x330 ../../libpico-tflmicro.a(add.cpp.obj)
                0x100076b4                tflite::PrepareAdd(TfLiteContext*, TfLiteNode*)
 .text._ZN6tflite21reference_integer_ops31BroadcastAddRecursiveDimensionsIaEEvRKNS_16ArithmeticParamsEiPjS5_S5_S5_S5_S5_PKT_S8_PS6_PFvS4_EPFS6_S6_S6_S4_E.part.0.isra.0
                0x100079e4      0x490 ../../libpico-tflmicro.a(add.cpp.obj)
 .text._ZN6tflite21reference_integer_ops7AddFuncEaaRKNS_16ArithmeticParamsE
                0x10007e74      0x1b8 ../../libpico-tflmicro.a(add.cpp.obj)
                0x10007e74                tflite::reference_integer_ops::AddFunc(signed char, signed char, tflite::ArithmeticParams const&)
 .text._ZN6tflite12Register_ADDEv
                0x1000802c       0x2c ../../libpico-tflmicro.a(add.cpp.obj)
                0x1000802c                tflite::Register_ADD()
 .text._ZN6tflite28ReduceDimensionsForBroadcastILi6EEEbRKNS_12RuntimeShapeES3_PjS4_S4_
                0x10008058      0x338 ../../libpico-tflmicro.a(add.cpp.obj)
                0x10008058                bool tflite::ReduceDimensionsForBroadcast<6>(tflite::RuntimeShape const&, tflite::RuntimeShape const&, unsigned int*, unsigned int*, unsigned int*)
 .text._ZN6tflite12_GLOBAL__N_120EvalAddQuantizedInt8EP13TfLiteContextP10TfLiteNodeP15TfLiteAddParamsPKNS0_6OpDataEPK16TfLiteEvalTensorSC_PSA_.isra.0
                0x10008390      0x69c ../../libpico-tflmicro.a(add.cpp.obj)
 .text._ZN6tflite12_GLOBAL__N_121EvalAddQuantizedInt16EP13TfLiteContextP10TfLiteNodeP15TfLiteAddParamsPKNS0_6OpDataEPK16TfLiteEvalTensorSC_PSA_.isra.0
                0x10008a2c      0xa08 ../../libpico-tflmicro.a(add.cpp.obj)
 .text._ZN6tflite13reference_ops31BroadcastAddRecursiveDimensionsIfEEviPjS2_S2_S2_S2_S2_T_S3_PKS3_S5_PS3_
                0x10009434      0x554 ../../libpico-tflmicro.a(add.cpp.obj)
                0x10009434                void tflite::reference_ops::BroadcastAddRecursiveDimensions<float>(int, unsigned int*, unsigned int*, unsigned int*, unsigned int*, unsigned int*, unsigned int*, float, float, float const*, float const*, float*)
 .text._ZN6tflite13reference_ops31BroadcastAddRecursiveDimensionsIlEEviPjS2_S2_S2_S2_S2_T_S3_PKS3_S5_PS3_
                0x10009988      0x454 ../../libpico-tflmicro.a(add.cpp.obj)
                0x10009988                void tflite::reference_ops::BroadcastAddRecursiveDimensions<long>(int, unsigned int*, unsigned int*, unsigned int*, unsigned int*, unsigned int*, unsigned int*, long, long, long const*, long const*, long*)
 .text._ZN6tflite12_GLOBAL__N_17EvalAddEP13TfLiteContextP10TfLiteNodeP15TfLiteAddParamsPKNS0_6OpDataEPK16TfLiteEvalTensorSC_PSA_.isra.0
                0x10009ddc      0x3e4 ../../libpico-tflmicro.a(add.cpp.obj)
 .text._ZN6tflite7EvalAddEP13TfLiteContextP10TfLiteNode
                0x1000a1c0       0x7c ../../libpico-tflmicro.a(add.cpp.obj)
                0x1000a1c0                tflite::EvalAdd(TfLiteContext*, TfLiteNode*)
 .text._ZN6tflite12_GLOBAL__N_14InitEP13TfLiteContextPKcj
                0x1000a23c        0xc ../../libpico-tflmicro.a(comparisons.cpp.obj)
 .text._ZN6tflite12_GLOBAL__N_118ComparisonsPrepareEP13TfLiteContextP10TfLiteNode
                0x1000a248       0xdc ../../libpico-tflmicro.a(comparisons.cpp.obj)
 .text._ZN6tflite12_GLOBAL__N_18LessEvalEP13TfLiteContextP10TfLiteNode
                0x1000a324      0xf5c ../../libpico-tflmicro.a(comparisons.cpp.obj)
 .text._ZN6tflite13Register_LESSEv
                0x1000b280       0x2c ../../libpico-tflmicro.a(comparisons.cpp.obj)
                0x1000b280                tflite::Register_LESS()
 .text._ZN6tflite5micro10RegisterOpEPFPvP13TfLiteContextPKcjEPF12TfLiteStatusS3_P10TfLiteNodeESC_PFvS3_S1_ESE_
                0x1000b2ac       0x18 ../../libpico-tflmicro.a(kernel_util.cpp.obj)
                0x1000b2ac                tflite::micro::RegisterOp(void* (*)(TfLiteContext*, char const*, unsigned int), TfLiteStatus (*)(TfLiteContext*, TfLiteNode*), TfLiteStatus (*)(TfLiteContext*, TfLiteNode*), void (*)(TfLiteContext*, void*), void (*)(TfLiteContext*, void*))
 .text._ZN6tflite5micro12GetEvalInputEPK13TfLiteContextPK10TfLiteNodei
                0x1000b2c4       0x28 ../../libpico-tflmicro.a(kernel_util.cpp.obj)
                0x1000b2c4                tflite::micro::GetEvalInput(TfLiteContext const*, TfLiteNode const*, int)
 .text._ZN6tflite5micro13GetEvalOutputEPK13TfLiteContextPK10TfLiteNodei
                0x1000b2ec       0x10 ../../libpico-tflmicro.a(kernel_util.cpp.obj)
                0x1000b2ec                tflite::micro::GetEvalOutput(TfLiteContext const*, TfLiteNode const*, int)
 .text._ZN6tflite5micro14HaveSameShapesEPK16TfLiteEvalTensorS3_
                0x1000b2fc       0x14 ../../libpico-tflmicro.a(kernel_util.cpp.obj)
                0x1000b2fc                tflite::micro::HaveSameShapes(TfLiteEvalTensor const*, TfLiteEvalTensor const*)
 .text._ZN6tflite5micro14GetTensorShapeEPK16TfLiteEvalTensor
                0x1000b310       0x24 ../../libpico-tflmicro.a(kernel_util.cpp.obj)
                0x1000b310                tflite::micro::GetTensorShape(TfLiteEvalTensor const*)
 .text._ZN6tflite5micro23CopyOpInputsToOpOutputsEP13TfLiteContextP10TfLiteNode
                0x1000b334       0xc0 ../../libpico-tflmicro.a(kernel_util.cpp.obj)
                0x1000b334                tflite::micro::CopyOpInputsToOpOutputs(TfLiteContext*, TfLiteNode*)
 .text._ZN6tflite5micro28CopyOpInputsToSubgraphInputsEP13TfLiteContextP10TfLiteNodePNS_10MicroGraphEii
                0x1000b3f4       0xfc ../../libpico-tflmicro.a(kernel_util.cpp.obj)
                0x1000b3f4                tflite::micro::CopyOpInputsToSubgraphInputs(TfLiteContext*, TfLiteNode*, tflite::MicroGraph*, int, int)
 .text._ZN6tflite5micro29CopyOpOutputsToSubgraphInputsEP13TfLiteContextP10TfLiteNodePNS_10MicroGraphEi
                0x1000b4f0       0xd4 ../../libpico-tflmicro.a(kernel_util.cpp.obj)
                0x1000b4f0                tflite::micro::CopyOpOutputsToSubgraphInputs(TfLiteContext*, TfLiteNode*, tflite::MicroGraph*, int)
 .text._ZN6tflite5micro30CopySubgraphOutputsToOpOutputsEP13TfLiteContextP10TfLiteNodePNS_10MicroGraphEi
                0x1000b5c4       0xd4 ../../libpico-tflmicro.a(kernel_util.cpp.obj)
                0x1000b5c4                tflite::micro::CopySubgraphOutputsToOpOutputs(TfLiteContext*, TfLiteNode*, tflite::MicroGraph*, int)
 .text._ZN6tflite12_GLOBAL__N_19WhileInitEP13TfLiteContextPKcj
                0x1000b698        0xc ../../libpico-tflmicro.a(while.cpp.obj)
 .text._ZN6tflite12_GLOBAL__N_112WhilePrepareEP13TfLiteContextP10TfLiteNode
                0x1000b6a4      0x160 ../../libpico-tflmicro.a(while.cpp.obj)
 .text._ZN6tflite12_GLOBAL__N_19WhileEvalEP13TfLiteContextP10TfLiteNode
                0x1000b804       0xe4 ../../libpico-tflmicro.a(while.cpp.obj)
 .text._ZN6tflite14Register_WHILEEv
                0x1000b8e8       0x2c ../../libpico-tflmicro.a(while.cpp.obj)
                0x1000b8e8                tflite::Register_WHILE()
 .text._ZN6tflite14AlignPointerUpEPhj
                0x1000b914       0x10 ../../libpico-tflmicro.a(memory_helpers.cpp.obj)
                0x1000b914                tflite::AlignPointerUp(unsigned char*, unsigned int)
 .text._ZN6tflite16AlignPointerDownEPhj
                0x1000b924        0xc ../../libpico-tflmicro.a(memory_helpers.cpp.obj)
                0x1000b924                tflite::AlignPointerDown(unsigned char*, unsigned int)
 .text._ZN6tflite11AlignSizeUpEjj
                0x1000b930       0x10 ../../libpico-tflmicro.a(memory_helpers.cpp.obj)
                0x1000b930                tflite::AlignSizeUp(unsigned int, unsigned int)
 .text._ZN6tflite16TfLiteTypeSizeOfE10TfLiteTypePj
                0x1000b940       0x60 ../../libpico-tflmicro.a(memory_helpers.cpp.obj)
                0x1000b940                tflite::TfLiteTypeSizeOf(TfLiteType, unsigned int*)
 .text._ZN6tflite22BytesRequiredForTensorERKNS_6TensorEPjS3_
                0x1000b9a0       0x8c ../../libpico-tflmicro.a(memory_helpers.cpp.obj)
                0x1000b9a0                tflite::BytesRequiredForTensor(tflite::Tensor const&, unsigned int*, unsigned int*)
 .text._ZN6tflite26TfLiteEvalTensorByteLengthEPK16TfLiteEvalTensorPj
                0x1000ba2c       0x88 ../../libpico-tflmicro.a(memory_helpers.cpp.obj)
                0x1000ba2c                tflite::TfLiteEvalTensorByteLength(TfLiteEvalTensor const*, unsigned int*)
 .text._ZN6tflite12MicroContext23AllocateTempInputTensorEPK10TfLiteNodei
                0x1000bab4       0x24 ../../libpico-tflmicro.a(micro_context.cpp.obj)
                0x1000bab4                tflite::MicroContext::AllocateTempInputTensor(TfLiteNode const*, int)
 .text._ZN6tflite12MicroContext24AllocateTempOutputTensorEPK10TfLiteNodei
                0x1000bad8       0x24 ../../libpico-tflmicro.a(micro_context.cpp.obj)
                0x1000bad8                tflite::MicroContext::AllocateTempOutputTensor(TfLiteNode const*, int)
 .text._ZN6tflite25MicroContextReportOpErrorEP13TfLiteContextPKcz
                0x1000bafc       0x18 ../../libpico-tflmicro.a(micro_context.cpp.obj)
                0x1000bafc                tflite::MicroContextReportOpError(TfLiteContext*, char const*, ...)
 .text._ZN6tflite36MicroContextAllocatePersistentBufferEP13TfLiteContextj
                0x1000bb14        0xc ../../libpico-tflmicro.a(micro_interpreter.cpp.obj)
                0x1000bb14                tflite::MicroContextAllocatePersistentBuffer(TfLiteContext*, unsigned int)
 .text._ZN6tflite39MicroContextRequestScratchBufferInArenaEP13TfLiteContextjPi
                0x1000bb20        0xc ../../libpico-tflmicro.a(micro_interpreter.cpp.obj)
                0x1000bb20                tflite::MicroContextRequestScratchBufferInArena(TfLiteContext*, unsigned int, int*)
 .text._ZN6tflite28MicroContextGetScratchBufferEP13TfLiteContexti
                0x1000bb2c        0xc ../../libpico-tflmicro.a(micro_interpreter.cpp.obj)
                0x1000bb2c                tflite::MicroContextGetScratchBuffer(TfLiteContext*, int)
 .text._ZN6tflite21MicroContextGetTensorEPK13TfLiteContexti
                0x1000bb38        0xc ../../libpico-tflmicro.a(micro_interpreter.cpp.obj)
                0x1000bb38                tflite::MicroContextGetTensor(TfLiteContext const*, int)
 .text._ZN6tflite25MicroContextGetEvalTensorEPK13TfLiteContexti
                0x1000bb44        0xc ../../libpico-tflmicro.a(micro_interpreter.cpp.obj)
                0x1000bb44                tflite::MicroContextGetEvalTensor(TfLiteContext const*, int)
 .text._ZN6tflite23MicroInterpreterContext16external_contextEv
                0x1000bb50        0x4 ../../libpico-tflmicro.a(micro_interpreter.cpp.obj)
                0x1000bb50                tflite::MicroInterpreterContext::external_context()
 .text._ZN6tflite30MicroContextGetExternalContextEP13TfLiteContext25TfLiteExternalContextType
                0x1000bb54       0x1c ../../libpico-tflmicro.a(micro_interpreter.cpp.obj)
                0x1000bb54                tflite::MicroContextGetExternalContext(TfLiteContext*, TfLiteExternalContextType)
 .text._ZN6tflite16MicroInterpreterC2EPKNS_5ModelERKNS_15MicroOpResolverEPhjPNS_22MicroResourceVariablesEPNS_22MicroProfilerInterfaceEb
                0x1000bb70       0xc0 ../../libpico-tflmicro.a(micro_interpreter.cpp.obj)
                0x1000bb70                tflite::MicroInterpreter::MicroInterpreter(tflite::Model const*, tflite::MicroOpResolver const&, unsigned char*, unsigned int, tflite::MicroResourceVariables*, tflite::MicroProfilerInterface*, bool)
                0x1000bb70                tflite::MicroInterpreter::MicroInterpreter(tflite::Model const*, tflite::MicroOpResolver const&, unsigned char*, unsigned int, tflite::MicroResourceVariables*, tflite::MicroProfilerInterface*, bool)
 .text._ZN6tflite16MicroInterpreter5inputEj
                0x1000bc30       0x60 ../../libpico-tflmicro.a(micro_interpreter.cpp.obj)
                0x1000bc30                tflite::MicroInterpreter::input(unsigned int)
 .text._ZN6tflite16MicroInterpreter6outputEj
                0x1000bc90       0x60 ../../libpico-tflmicro.a(micro_interpreter.cpp.obj)
                0x1000bc90                tflite::MicroInterpreter::output(unsigned int)
 .text._ZN6tflite16MicroInterpreterD2Ev
                0x1000bcf0       0x28 ../../libpico-tflmicro.a(micro_interpreter.cpp.obj)
                0x1000bcf0                tflite::MicroInterpreter::~MicroInterpreter()
                0x1000bcf0                tflite::MicroInterpreter::~MicroInterpreter()
 .text._ZN6tflite16MicroInterpreter44PrepareNodeAndRegistrationDataFromFlatbufferEv
                0x1000bd18      0x2dc ../../libpico-tflmicro.a(micro_interpreter.cpp.obj)
                0x1000bd18                tflite::MicroInterpreter::PrepareNodeAndRegistrationDataFromFlatbuffer()
 .text._ZN6tflite16MicroInterpreter15AllocateTensorsEv
                0x1000bff4      0x320 ../../libpico-tflmicro.a(micro_interpreter.cpp.obj)
                0x1000bff4                tflite::MicroInterpreter::AllocateTensors()
 .text._ZN6tflite16MicroInterpreter6InvokeEv
                0x1000c314       0x38 ../../libpico-tflmicro.a(micro_interpreter.cpp.obj)
                0x1000c314                tflite::MicroInterpreter::Invoke()
 .text._ZN6tflite23MicroInterpreterContext5graphEv
                0x1000c34c        0x4 ../../libpico-tflmicro.a(micro_interpreter_context.cpp.obj)
                0x1000c34c                tflite::MicroInterpreterContext::graph()
 .text._ZN6tflite23MicroInterpreterContextD0Ev
                0x1000c350        0x4 ../../libpico-tflmicro.a(micro_interpreter_context.cpp.obj)
                0x1000c350                tflite::MicroInterpreterContext::~MicroInterpreterContext()
                0x1000c350                tflite::MicroInterpreterContext::~MicroInterpreterContext()
                0x1000c350                tflite::MicroInterpreterContext::~MicroInterpreterContext()
 .text._ZN6tflite23MicroInterpreterContext24AllocatePersistentBufferEj
                0x1000c354        0xc ../../libpico-tflmicro.a(micro_interpreter_context.cpp.obj)
                0x1000c354                tflite::MicroInterpreterContext::AllocatePersistentBuffer(unsigned int)
 .text._ZN6tflite23MicroInterpreterContext16GetScratchBufferEi
                0x1000c360        0x8 ../../libpico-tflmicro.a(micro_interpreter_context.cpp.obj)
                0x1000c360                tflite::MicroInterpreterContext::GetScratchBuffer(int)
 .text._ZN6tflite23MicroInterpreterContext24AllocateTempTfLiteTensorEi
                0x1000c368       0x20 ../../libpico-tflmicro.a(micro_interpreter_context.cpp.obj)
                0x1000c368                tflite::MicroInterpreterContext::AllocateTempTfLiteTensor(int)
 .text._ZN6tflite23MicroInterpreterContext26DeallocateTempTfLiteTensorEP12TfLiteTensor
                0x1000c388        0xc ../../libpico-tflmicro.a(micro_interpreter_context.cpp.obj)
                0x1000c388                tflite::MicroInterpreterContext::DeallocateTempTfLiteTensor(TfLiteTensor*)
 .text._ZN6tflite23MicroInterpreterContext18AllocateTempBufferEjj
                0x1000c394        0xc ../../libpico-tflmicro.a(micro_interpreter_context.cpp.obj)
                0x1000c394                tflite::MicroInterpreterContext::AllocateTempBuffer(unsigned int, unsigned int)
 .text._ZN6tflite23MicroInterpreterContext20DeallocateTempBufferEPh
                0x1000c3a0        0xc ../../libpico-tflmicro.a(micro_interpreter_context.cpp.obj)
                0x1000c3a0                tflite::MicroInterpreterContext::DeallocateTempBuffer(unsigned char*)
 .text._ZN6tflite23MicroInterpreterContext13GetEvalTensorEi
                0x1000c3ac       0x18 ../../libpico-tflmicro.a(micro_interpreter_context.cpp.obj)
                0x1000c3ac                tflite::MicroInterpreterContext::GetEvalTensor(int)
 .text._ZN6tflite23MicroInterpreterContext27RequestScratchBufferInArenaEjPi
                0x1000c3c4       0x10 ../../libpico-tflmicro.a(micro_interpreter_context.cpp.obj)
                0x1000c3c4                tflite::MicroInterpreterContext::RequestScratchBufferInArena(unsigned int, int*)
 .text._ZN6tflite23MicroInterpreterContext20set_external_contextEPv
                0x1000c3d4       0x24 ../../libpico-tflmicro.a(micro_interpreter_context.cpp.obj)
                0x1000c3d4                tflite::MicroInterpreterContext::set_external_context(void*)
 .text._ZN6tflite23MicroInterpreterContextC2EPNS_14MicroAllocatorEPKNS_5ModelEPNS_21MicroInterpreterGraphE
                0x1000c3f8       0x1c ../../libpico-tflmicro.a(micro_interpreter_context.cpp.obj)
                0x1000c3f8                tflite::MicroInterpreterContext::MicroInterpreterContext(tflite::MicroAllocator*, tflite::Model const*, tflite::MicroInterpreterGraph*)
                0x1000c3f8                tflite::MicroInterpreterContext::MicroInterpreterContext(tflite::MicroAllocator*, tflite::Model const*, tflite::MicroInterpreterGraph*)
 .text._ZN6tflite23MicroInterpreterContext23SetScratchBufferHandlesEPNS_19ScratchBufferHandleE
                0x1000c414        0x4 ../../libpico-tflmicro.a(micro_interpreter_context.cpp.obj)
                0x1000c414                tflite::MicroInterpreterContext::SetScratchBufferHandles(tflite::ScratchBufferHandle*)
 .text._ZN6tflite23MicroInterpreterContext19SetInterpreterStateENS0_16InterpreterStateE
                0x1000c418        0x4 ../../libpico-tflmicro.a(micro_interpreter_context.cpp.obj)
                0x1000c418                tflite::MicroInterpreterContext::SetInterpreterState(tflite::MicroInterpreterContext::InterpreterState)
 .text._ZN6tflite21MicroInterpreterGraph20GetResourceVariablesEv
                0x1000c41c        0x4 ../../libpico-tflmicro.a(micro_interpreter_graph.cpp.obj)
                0x1000c41c                tflite::MicroInterpreterGraph::GetResourceVariables()
 .text._ZN6tflite21MicroInterpreterGraphD0Ev
                0x1000c420        0x4 ../../libpico-tflmicro.a(micro_interpreter_graph.cpp.obj)
                0x1000c420                tflite::MicroInterpreterGraph::~MicroInterpreterGraph()
                0x1000c420                tflite::MicroInterpreterGraph::~MicroInterpreterGraph()
                0x1000c420                tflite::MicroInterpreterGraph::~MicroInterpreterGraph()
 .text._ZN6tflite21MicroInterpreterGraph12NumSubgraphsEv
                0x1000c424       0x20 ../../libpico-tflmicro.a(micro_interpreter_graph.cpp.obj)
                0x1000c424                tflite::MicroInterpreterGraph::NumSubgraphs()
 .text._ZN6tflite21MicroInterpreterGraph17NumSubgraphInputsEi
                0x1000c444       0x44 ../../libpico-tflmicro.a(micro_interpreter_graph.cpp.obj)
                0x1000c444                tflite::MicroInterpreterGraph::NumSubgraphInputs(int)
 .text._ZN6tflite21MicroInterpreterGraph16GetSubgraphInputEii
                0x1000c488       0x58 ../../libpico-tflmicro.a(micro_interpreter_graph.cpp.obj)
                0x1000c488                tflite::MicroInterpreterGraph::GetSubgraphInput(int, int)
 .text._ZN6tflite21MicroInterpreterGraph18NumSubgraphOutputsEi
                0x1000c4e0       0x44 ../../libpico-tflmicro.a(micro_interpreter_graph.cpp.obj)
                0x1000c4e0                tflite::MicroInterpreterGraph::NumSubgraphOutputs(int)
 .text._ZN6tflite21MicroInterpreterGraph17GetSubgraphOutputEii
                0x1000c524       0x58 ../../libpico-tflmicro.a(micro_interpreter_graph.cpp.obj)
                0x1000c524                tflite::MicroInterpreterGraph::GetSubgraphOutput(int, int)
 .text._ZN6tflite21MicroInterpreterGraph13InitSubgraphsEv
                0x1000c57c       0x84 ../../libpico-tflmicro.a(micro_interpreter_graph.cpp.obj)
                0x1000c57c                tflite::MicroInterpreterGraph::InitSubgraphs()
 .text._ZN6tflite21MicroInterpreterGraph14ResetSubgraphsEv
                0x1000c600       0x6c ../../libpico-tflmicro.a(micro_interpreter_graph.cpp.obj)
                0x1000c600                tflite::MicroInterpreterGraph::ResetSubgraphs()
 .text._ZN6tflite21MicroInterpreterGraph13FreeSubgraphsEv
                0x1000c66c       0x6c ../../libpico-tflmicro.a(micro_interpreter_graph.cpp.obj)
                0x1000c66c                tflite::MicroInterpreterGraph::FreeSubgraphs()
 .text._ZN6tflite21MicroInterpreterGraph14InvokeSubgraphEi
                0x1000c6d8      0x118 ../../libpico-tflmicro.a(micro_interpreter_graph.cpp.obj)
                0x1000c6d8                tflite::MicroInterpreterGraph::InvokeSubgraph(int)
 .text._ZN6tflite21MicroInterpreterGraph16PrepareSubgraphsEv
                0x1000c7f0       0xb4 ../../libpico-tflmicro.a(micro_interpreter_graph.cpp.obj)
                0x1000c7f0                tflite::MicroInterpreterGraph::PrepareSubgraphs()
 .text._ZN6tflite21MicroInterpreterGraph20ResetVariableTensorsEv
                0x1000c8a4      0x124 ../../libpico-tflmicro.a(micro_interpreter_graph.cpp.obj)
                0x1000c8a4                tflite::MicroInterpreterGraph::ResetVariableTensors()
 .text._ZN6tflite21MicroInterpreterGraphC2EP13TfLiteContextPKNS_5ModelEPNS_14MicroAllocatorEPNS_22MicroResourceVariablesE
                0x1000c9c8       0x3c ../../libpico-tflmicro.a(micro_interpreter_graph.cpp.obj)
                0x1000c9c8                tflite::MicroInterpreterGraph::MicroInterpreterGraph(TfLiteContext*, tflite::Model const*, tflite::MicroAllocator*, tflite::MicroResourceVariables*)
                0x1000c9c8                tflite::MicroInterpreterGraph::MicroInterpreterGraph(TfLiteContext*, tflite::Model const*, tflite::MicroAllocator*, tflite::MicroResourceVariables*)
 .text._ZN6tflite21MicroInterpreterGraph22SetSubgraphAllocationsEPNS_19SubgraphAllocationsE
                0x1000ca04        0x4 ../../libpico-tflmicro.a(micro_interpreter_graph.cpp.obj)
                0x1000ca04                tflite::MicroInterpreterGraph::SetSubgraphAllocations(tflite::SubgraphAllocations*)
 .text._ZN12_GLOBAL__N_19VDebugLogEPKcz.constprop.0
                0x1000ca08       0x1c ../../libpico-tflmicro.a(micro_log.cpp.obj)
 .text._Z12VMicroPrintfPKcSt9__va_list
                0x1000ca24       0x14 ../../libpico-tflmicro.a(micro_log.cpp.obj)
                0x1000ca24                VMicroPrintf(char const*, std::__va_list)
 .text._Z11MicroPrintfPKcz
                0x1000ca38       0x24 ../../libpico-tflmicro.a(micro_log.cpp.obj)
                0x1000ca38                MicroPrintf(char const*, ...)
 .text._ZN6tflite25GetRegistrationFromOpCodeEPKNS_12OperatorCodeERKNS_15MicroOpResolverEPPK16TFLMRegistration
                0x1000ca5c       0x9c ../../libpico-tflmicro.a(micro_op_resolver.cpp.obj)
                0x1000ca5c                tflite::GetRegistrationFromOpCode(tflite::OperatorCode const*, tflite::MicroOpResolver const&, TFLMRegistration const**)
 .text._ZN6tflite22MicroResourceVariables8ResetAllEv
                0x1000caf8       0x2c ../../libpico-tflmicro.a(micro_resource_variable.cpp.obj)
                0x1000caf8                tflite::MicroResourceVariables::ResetAll()
 .text._ZN6tflite16InitializeTargetEv
                0x1000cb24        0x8 ../../libpico-tflmicro.a(system_setup.cpp.obj)
                0x1000cb24                tflite::InitializeTarget()
 .text.DebugLog
                0x1000cb2c       0x18 ../../libpico-tflmicro.a(system_setup.cpp.obj)
                0x1000cb2c                DebugLog
 .text._ZN6tflite7testing12_GLOBAL__N_114StackAllocator8allocateEj
                0x1000cb44       0x20 ../../libpico-tflmicro.a(test_helpers.cpp.obj)
 .text._ZN6tflite7testing12_GLOBAL__N_114StackAllocator10deallocateEPhj
                0x1000cb64        0x4 ../../libpico-tflmicro.a(test_helpers.cpp.obj)
 .text._ZN6tflite7testing12_GLOBAL__N_114StackAllocatorD0Ev
                0x1000cb68        0x4 ../../libpico-tflmicro.a(test_helpers.cpp.obj)
 .text._ZN11flatbuffers9Allocator19reallocate_downwardEPhjjjj
                0x1000cb6c       0x48 ../../libpico-tflmicro.a(test_helpers.cpp.obj)
                0x1000cb6c                flatbuffers::Allocator::reallocate_downward(unsigned char*, unsigned int, unsigned int, unsigned int, unsigned int)
 .text._ZN6tflite7testing12_GLOBAL__N_115BuilderInstanceEv
                0x1000cbb4       0xb0 ../../libpico-tflmicro.a(test_helpers.cpp.obj)
 .text._ZN11flatbuffers15vector_downwardImE10reallocateEj
                0x1000cc64       0xcc ../../libpico-tflmicro.a(test_helpers.cpp.obj)
                0x1000cc64                flatbuffers::vector_downward<unsigned long>::reallocate(unsigned int)
 .text._ZN11flatbuffers21FlatBufferBuilderImplILb0EE5AlignEj.constprop.0
                0x1000cd30       0x64 ../../libpico-tflmicro.a(test_helpers.cpp.obj)
 .text._ZN11flatbuffers21FlatBufferBuilderImplILb0EE10AddElementIhEEvtT_S3_
                0x1000cd94       0x78 ../../libpico-tflmicro.a(test_helpers.cpp.obj)
                0x1000cd94                void flatbuffers::FlatBufferBuilderImpl<false>::AddElement<unsigned char>(unsigned short, unsigned char, unsigned char)
 .text._ZN11flatbuffers21FlatBufferBuilderImplILb0EE10AddElementIlEEvtT_S3_
                0x1000ce0c       0x6c ../../libpico-tflmicro.a(test_helpers.cpp.obj)
                0x1000ce0c                void flatbuffers::FlatBufferBuilderImpl<false>::AddElement<long>(unsigned short, long, long)
 .text._ZN11flatbuffers21FlatBufferBuilderImplILb0EE10AddElementImEEvtT_S3_.constprop.0
                0x1000ce78       0x68 ../../libpico-tflmicro.a(test_helpers.cpp.obj)
 .text._ZN11flatbuffers21FlatBufferBuilderImplILb0EE6FinishEmPKcb.constprop.1
                0x1000cee0       0xbc ../../libpico-tflmicro.a(test_helpers.cpp.obj)
 .text._ZN11flatbuffers21FlatBufferBuilderImplILb0EE12CreateStringINS_6OffsetEEET_INS_6StringEEPKc
                0x1000cf9c       0xe4 ../../libpico-tflmicro.a(test_helpers.cpp.obj)
                0x1000cf9c                flatbuffers::Offset<flatbuffers::String> flatbuffers::FlatBufferBuilderImpl<false>::CreateString<flatbuffers::Offset>(char const*)
 .text._ZN11flatbuffers21FlatBufferBuilderImplILb0EE12CreateVectorIlNS_6OffsetENS_6VectorEEET0_IJT1_IJT_EEEEPKS7_j.constprop.0
                0x1000d080      0x11c ../../libpico-tflmicro.a(test_helpers.cpp.obj)
 .text._ZN11flatbuffers21FlatBufferBuilderImplILb0EE12CreateVectorIlNS_6OffsetENS_6VectorEEET0_IJT1_IJT_EEEEPKS7_j.constprop.1
                0x1000d19c      0x11c ../../libpico-tflmicro.a(test_helpers.cpp.obj)
 .text._ZN11flatbuffers21FlatBufferBuilderImplILb0EE8EndTableEm
                0x1000d2b8      0x18c ../../libpico-tflmicro.a(test_helpers.cpp.obj)
                0x1000d2b8                flatbuffers::FlatBufferBuilderImpl<false>::EndTable(unsigned long)
 .text._ZN6tflite14CreateSubGraphERN11flatbuffers21FlatBufferBuilderImplILb0EEENS0_6OffsetINS0_6VectorINS4_INS_6TensorEEEmEEEENS4_INS5_IlmEEEESB_NS4_INS5_INS4_INS_8OperatorEEEmEEEENS4_INS0_6StringEEE
                0x1000d444       0xb0 ../../libpico-tflmicro.a(test_helpers.cpp.obj)
                0x1000d444                tflite::CreateSubGraph(flatbuffers::FlatBufferBuilderImpl<false>&, flatbuffers::Offset<flatbuffers::Vector<flatbuffers::Offset<tflite::Tensor>, unsigned long> >, flatbuffers::Offset<flatbuffers::Vector<long, unsigned long> >, flatbuffers::Offset<flatbuffers::Vector<long, unsigned long> >, flatbuffers::Offset<flatbuffers::Vector<flatbuffers::Offset<tflite::Operator>, unsigned long> >, flatbuffers::Offset<flatbuffers::String>)
 .text._ZN6tflite11CreateModelERN11flatbuffers21FlatBufferBuilderImplILb0EEEmNS0_6OffsetINS0_6VectorINS4_INS_12OperatorCodeEEEmEEEENS4_INS5_INS4_INS_8SubGraphEEEmEEEENS4_INS0_6StringEEENS4_INS5_INS4_INS_6BufferEEEmEEEENS4_INS5_IlmEEEENS4_INS5_INS4_INS_8MetadataEEEmEEEENS4_INS5_INS4_INS_12SignatureDefEEEmEEEE
                0x1000d4f4       0xf8 ../../libpico-tflmicro.a(test_helpers.cpp.obj)
                0x1000d4f4                tflite::CreateModel(flatbuffers::FlatBufferBuilderImpl<false>&, unsigned long, flatbuffers::Offset<flatbuffers::Vector<flatbuffers::Offset<tflite::OperatorCode>, unsigned long> >, flatbuffers::Offset<flatbuffers::Vector<flatbuffers::Offset<tflite::SubGraph>, unsigned long> >, flatbuffers::Offset<flatbuffers::String>, flatbuffers::Offset<flatbuffers::Vector<flatbuffers::Offset<tflite::Buffer>, unsigned long> >, flatbuffers::Offset<flatbuffers::Vector<long, unsigned long> >, flatbuffers::Offset<flatbuffers::Vector<flatbuffers::Offset<tflite::Metadata>, unsigned long> >, flatbuffers::Offset<flatbuffers::Vector<flatbuffers::Offset<tflite::SignatureDef>, unsigned long> >)
 .text._ZN6tflite12CreateBufferERN11flatbuffers21FlatBufferBuilderImplILb0EEENS0_6OffsetINS0_6VectorIhmEEEEyy.constprop.0
                0x1000d5ec      0x1ec ../../libpico-tflmicro.a(test_helpers.cpp.obj)
 .text._ZN6tflite14CreateOperatorERN11flatbuffers21FlatBufferBuilderImplILb0EEEmNS0_6OffsetINS0_6VectorIlmEEEES7_NS_14BuiltinOptionsENS4_IvEENS4_INS5_IhmEEEENS_19CustomOptionsFormatESB_S7_yyNS_15BuiltinOptions2ES9_.constprop.0
                0x1000d7d8      0x36c ../../libpico-tflmicro.a(test_helpers.cpp.obj)
 .text._ZN11flatbuffers21FlatBufferBuilderImplILb0EE12CreateVectorIN6tflite8OperatorEEENS_6OffsetINS_6VectorINS5_IT_EEmEEEEPKS8_j.constprop.0
                0x1000db44      0x1cc ../../libpico-tflmicro.a(test_helpers.cpp.obj)
 .text._ZN11flatbuffers21FlatBufferBuilderImplILb0EE12CreateVectorIN6tflite6BufferEEENS_6OffsetINS_6VectorINS5_IT_EEmEEEEPKS8_j.constprop.0
                0x1000dd10      0x1cc ../../libpico-tflmicro.a(test_helpers.cpp.obj)
 .text._ZN11flatbuffers21FlatBufferBuilderImplILb0EE12CreateVectorIN6tflite6TensorEEENS_6OffsetINS_6VectorINS5_IT_EEmEEEEPKS8_j.constprop.3
                0x1000dedc      0x22c ../../libpico-tflmicro.a(test_helpers.cpp.obj)
 .text._ZN11flatbuffers21FlatBufferBuilderImplILb0EE12CreateVectorIN6tflite6TensorEEENS_6OffsetINS_6VectorINS5_IT_EEmEEEEPKS8_j.constprop.1
                0x1000e108      0x3b8 ../../libpico-tflmicro.a(test_helpers.cpp.obj)
 .text._ZN11flatbuffers21FlatBufferBuilderImplILb0EE12CreateVectorIN6tflite8SubGraphEEENS_6OffsetINS_6VectorINS5_IT_EEmEEEEPKS8_j.constprop.1
                0x1000e4c0      0x3b8 ../../libpico-tflmicro.a(test_helpers.cpp.obj)
 .text._ZN6tflite12CreateTensorERN11flatbuffers21FlatBufferBuilderImplILb0EEENS0_6OffsetINS0_6VectorIlmEEEENS_10TensorTypeEmNS4_INS0_6StringEEENS4_INS_22QuantizationParametersEEEbNS4_INS_18SparsityParametersEEES7_bNS4_INS5_INS4_INS_14VariantSubTypeEEEmEEEE.constprop.1
                0x1000e878      0x154 ../../libpico-tflmicro.a(test_helpers.cpp.obj)
 .text._ZN6tflite12CreateTensorERN11flatbuffers21FlatBufferBuilderImplILb0EEENS0_6OffsetINS0_6VectorIlmEEEENS_10TensorTypeEmNS4_INS0_6StringEEENS4_INS_22QuantizationParametersEEEbNS4_INS_18SparsityParametersEEES7_bNS4_INS5_INS4_INS_14VariantSubTypeEEEmEEEE
                0x1000e9cc      0x178 ../../libpico-tflmicro.a(test_helpers.cpp.obj)
                0x1000e9cc                tflite::CreateTensor(flatbuffers::FlatBufferBuilderImpl<false>&, flatbuffers::Offset<flatbuffers::Vector<long, unsigned long> >, tflite::TensorType, unsigned long, flatbuffers::Offset<flatbuffers::String>, flatbuffers::Offset<tflite::QuantizationParameters>, bool, flatbuffers::Offset<tflite::SparsityParameters>, flatbuffers::Offset<flatbuffers::Vector<long, unsigned long> >, bool, flatbuffers::Offset<flatbuffers::Vector<flatbuffers::Offset<tflite::VariantSubType>, unsigned long> >)
 .text._ZN6tflite18CreateOperatorCodeERN11flatbuffers21FlatBufferBuilderImplILb0EEEaNS0_6OffsetINS0_6StringEEElNS_15BuiltinOperatorE.constprop.0
                0x1000eb44       0xf8 ../../libpico-tflmicro.a(test_helpers.cpp.obj)
 .text._ZN6tflite7testing35GetSimpleModelWithSubgraphsAndWhileEv
                0x1000ec3c      0x7e8 ../../libpico-tflmicro.a(test_helpers.cpp.obj)
                0x1000ec3c                tflite::testing::GetSimpleModelWithSubgraphsAndWhile()
 .text._ZN6tflite17ConvertTensorTypeENS_10TensorTypeEP10TfLiteType
                0x1000f424       0x18 ../../libpico-tflmicro.a(flatbuffer_conversions_bridge.cpp.obj)
                0x1000f424                tflite::ConvertTensorType(tflite::TensorType, TfLiteType*)
 .text._ZN6tflite24CallBuiltinParseFunctionEPF12TfLiteStatusPKNS_8OperatorEPNS_13ErrorReporterEPNS_20BuiltinDataAllocatorEPPvES3_S7_S9_
                0x1000f43c       0x1c ../../libpico-tflmicro.a(flatbuffer_conversions_bridge.cpp.obj)
                0x1000f43c                tflite::CallBuiltinParseFunction(TfLiteStatus (*)(tflite::Operator const*, tflite::ErrorReporter*, tflite::BuiltinDataAllocator*, void**), tflite::Operator const*, tflite::BuiltinDataAllocator*, void**)
 .text._ZN6tflite18MicroErrorReporterD0Ev
                0x1000f458        0x4 ../../libpico-tflmicro.a(micro_error_reporter.cpp.obj)
                0x1000f458                tflite::MicroErrorReporter::~MicroErrorReporter()
                0x1000f458                tflite::MicroErrorReporter::~MicroErrorReporter()
                0x1000f458                tflite::MicroErrorReporter::~MicroErrorReporter()
 .text._ZN6tflite18MicroErrorReporter6ReportEPKcSt9__va_list
                0x1000f45c       0x10 ../../libpico-tflmicro.a(micro_error_reporter.cpp.obj)
                0x1000f45c                tflite::MicroErrorReporter::Report(char const*, std::__va_list)
 .text._ZN6tflite21GetMicroErrorReporterEv
                0x1000f46c       0x20 ../../libpico-tflmicro.a(micro_error_reporter.cpp.obj)
                0x1000f46c                tflite::GetMicroErrorReporter()
 .text._ZN6tflite14GetBuiltinCodeEPKNS_12OperatorCodeE
                0x1000f48c       0x3c ../../libpico-tflmicro.a(schema_utils.cpp.obj)
                0x1000f48c                tflite::GetBuiltinCode(tflite::OperatorCode const*)
 .text.arm_elementwise_add_s16
                0x1000f4c8      0x3cc ../../libpico-tflmicro.a(arm_elementwise_add_s16.c.obj)
                0x1000f4c8                arm_elementwise_add_s16
 .text.arm_elementwise_add_s8
                0x1000f894      0x1b8 ../../libpico-tflmicro.a(arm_elementwise_add_s8.c.obj)
                0x1000f894                arm_elementwise_add_s8
 .text._ZN6tflite13ErrorReporter6ReportEPKcz
                0x1000fa4c       0x1c ../../libpico-tflmicro.a(error_reporter.cpp.obj)
                0x1000fa4c                tflite::ErrorReporter::Report(char const*, ...)
 .text.TfLiteIntArrayGetSizeInBytes
                0x1000fa68        0x8 ../../libpico-tflmicro.a(common.cpp.obj)
                0x1000fa68                TfLiteIntArrayGetSizeInBytes
 .text.TfLiteIntArrayEqual
                0x1000fa70       0x34 ../../libpico-tflmicro.a(common.cpp.obj)
                0x1000fa70                TfLiteIntArrayEqual
 .text.TfLiteTypeGetName
                0x1000faa4       0x18 ../../libpico-tflmicro.a(common.cpp.obj)
                0x1000faa4                TfLiteTypeGetName