Archive member included to satisfy reference by file (symbol)

../../libpico-tflmicro.a(flatbuffer_conversions.cpp.obj)
                              CMakeFiles/memory_arena_threshold_test.dir/memory_arena_threshold_test.cpp.obj (tflite::ParseConv2D(tflite::Operator const*, tflite::ErrorReporter*, tflite::BuiltinDataAllocator*, void**))
../../libpico-tflmicro.a(recording_single_arena_buffer_allocator.cpp.obj)
                              CMakeFiles/memory_arena_threshold_test.dir/memory_arena_threshold_test.cpp.obj (tflite::RecordingSingleArenaBufferAllocator::GetUsedBytes() const)
../../libpico-tflmicro.a(single_arena_buffer_allocator.cpp.obj)
                              ../../libpico-tflmicro.a(recording_single_arena_buffer_allocator.cpp.obj) (tflite::SingleArenaBufferAllocator::~SingleArenaBufferAllocator())
../../libpico-tflmicro.a(conv.cpp.obj)
                              CMakeFiles/memory_arena_threshold_test.dir/memory_arena_threshold_test.cpp.obj (tflite::Register_CONV_2D())
../../libpico-tflmicro.a(fully_connected.cpp.obj)
                              CMakeFiles/memory_arena_threshold_test.dir/memory_arena_threshold_test.cpp.obj (tflite::Register_FULLY_CONNECTED())
../../libpico-tflmicro.a(pooling.cpp.obj)
                              CMakeFiles/memory_arena_threshold_test.dir/memory_arena_threshold_test.cpp.obj (tflite::Register_MAX_POOL_2D())
../../libpico-tflmicro.a(softmax.cpp.obj)
                              CMakeFiles/memory_arena_threshold_test.dir/memory_arena_threshold_test.cpp.obj (tflite::Register_SOFTMAX_INT8_INT16())
../../libpico-tflmicro.a(svdf.cpp.obj)
                              CMakeFiles/memory_arena_threshold_test.dir/memory_arena_threshold_test.cpp.obj (tflite::Register_SVDF_INT8())
../../libpico-tflmicro.a(conv_common.cpp.obj)
                              ../../libpico-tflmicro.a(conv.cpp.obj) (tflite::ConvParamsFloat(TfLiteConvParams const&, tflite::OpDataConv const&))
../../libpico-tflmicro.a(dequantize.cpp.obj)
                              CMakeFiles/memory_arena_threshold_test.dir/memory_arena_threshold_test.cpp.obj (tflite::Register_DEQUANTIZE())
../../libpico-tflmicro.a(dequantize_common.cpp.obj)
                              ../../libpico-tflmicro.a(dequantize.cpp.obj) (tflite::DequantizePrepare(TfLiteContext*, TfLiteNode*))
../../libpico-tflmicro.a(fully_connected_common.cpp.obj)
                              ../../libpico-tflmicro.a(fully_connected.cpp.obj) (tflite::FullyConnectedParamsFloat(TfLiteFusedActivation))
../../libpico-tflmicro.a(kernel_util.cpp.obj)
                              ../../libpico-tflmicro.a(conv.cpp.obj) (tflite::micro::RegisterOp(void* (*)(TfLiteContext*, char const*, unsigned int), TfLiteStatus (*)(TfLiteContext*, TfLiteNode*), TfLiteStatus (*)(TfLiteContext*, TfLiteNode*), void (*)(TfLiteContext*, void*), void (*)(TfLiteContext*, void*)))
../../libpico-tflmicro.a(pooling_common.cpp.obj)
                              ../../libpico-tflmicro.a(pooling.cpp.obj) (tflite::PoolingPrepare(TfLiteContext*, TfLiteNode*))
../../libpico-tflmicro.a(quantize.cpp.obj)
                              CMakeFiles/memory_arena_threshold_test.dir/memory_arena_threshold_test.cpp.obj (tflite::Register_QUANTIZE())
../../libpico-tflmicro.a(quantize_common.cpp.obj)
                              ../../libpico-tflmicro.a(quantize.cpp.obj) (tflite::PrepareQuantizeReference(TfLiteContext*, TfLiteNode*))
../../libpico-tflmicro.a(reshape.cpp.obj)
                              CMakeFiles/memory_arena_threshold_test.dir/memory_arena_threshold_test.cpp.obj (tflite::Register_RESHAPE())
../../libpico-tflmicro.a(reshape_common.cpp.obj)
                              ../../libpico-tflmicro.a(reshape.cpp.obj) (tflite::PrepareReshapeReference(TfLiteContext*, TfLiteNode*))
../../libpico-tflmicro.a(softmax_common.cpp.obj)
                              ../../libpico-tflmicro.a(softmax.cpp.obj) (tflite::CalculateSoftmaxParams(TfLiteContext*, TfLiteTensor const*, TfLiteTensor*, TfLiteSoftmaxParams const*, tflite::SoftmaxParams*))
../../libpico-tflmicro.a(svdf_common.cpp.obj)
                              ../../libpico-tflmicro.a(svdf.cpp.obj) (tflite::EvalFloatSvdfReference(TfLiteContext*, TfLiteNode*, TfLiteEvalTensor const*, TfLiteEvalTensor const*, TfLiteEvalTensor const*, TfLiteEvalTensor const*, TfLiteSVDFParams const*, int, TfLiteEvalTensor*, TfLiteEvalTensor*))
../../libpico-tflmicro.a(memory_helpers.cpp.obj)
                              ../../libpico-tflmicro.a(single_arena_buffer_allocator.cpp.obj) (tflite::AlignPointerUp(unsigned char*, unsigned int))
../../libpico-tflmicro.a(micro_context.cpp.obj)
                              ../../libpico-tflmicro.a(conv.cpp.obj) (tflite::MicroContext::AllocateTempInputTensor(TfLiteNode const*, int))
../../libpico-tflmicro.a(micro_interpreter.cpp.obj)
[...]
Memory Configuration

Name             Origin             Length             Attributes
FLASH            0x10000000         0x00200000         xr
RAM              0x20000000         0x00040000         xrw
SCRATCH_X        0x20040000         0x00001000         xrw
SCRATCH_Y        0x20041000         0x00001000         xrw
*default*        0x00000000         0xffffffff

Linker script and memory map

LOAD /Applications/ArmGNUToolchain/13.3.rel1/arm-none-eabi/bin/../lib/gcc/arm-none-eabi/13.3.1/thumb/v6-m/nofp/crti.o
LOAD /Applications/ArmGNUToolchain/13.3.rel1/arm-none-eabi/bin/../lib/gcc/arm-none-eabi/13.3.1/thumb/v6-m/nofp/crtbegin.o
LOAD /Applications/ArmGNUToolchain/13.3.rel1/arm-none-eabi/bin/../lib/gcc/arm-none-eabi/13.3.1/../../../../arm-none-eabi/lib/thumb/v6-m/nofp/crt0.o

.flash_begin    0x10000000        0x0
                0x10000000                        __flash_binary_start = .

.boot2          0x10000000      0x100
                0x10000000                        __boot2_start__ = .
 *(.boot2)
 .boot2         0x10000000      0x100 /var/folders/wk/x60qw4752395jljvch3xcywh0000gn/T//ccI3JDIL.o
                0x10000100                        __boot2_end__ = .
                0x00000001                        ASSERT (((__boot2_end__ - __boot2_start__) == 0x100), ERROR: Pico second stage bootloader must be 256 bytes in size)

.text           0x10000100    0x1c578
                0x10000100                        __logical_binary_start = .
 *(.vectors)
 .vectors       0x10000100       0xd4 CMakeFiles/memory_arena_threshold_test.dir/Users/mac/2024S2/COMP2560/pico/pico-sdk/src/rp2_common/pico_standard_link/crt0.S.obj
                0x10000100                __VECTOR_TABLE
                0x10000100                __vectors
                0x100001c0                __default_isrs_start
                0x100001c0                isr_invalid
                0x100001c2                isr_nmi
                0x100001c4                isr_hardfault
                0x100001c6                isr_svcall
                0x100001c8                isr_pendsv
                0x100001ca                isr_systick
                0x100001cc                isr_irq28
                0x100001cc                isr_irq19
                0x100001cc                isr_irq0
                0x100001cc                isr_irq6
                0x100001cc                isr_irq22
                0x100001cc                isr_irq17
                0x100001cc                isr_irq14
                0x100001cc                isr_irq2
                0x100001cc                isr_irq10
                0x100001cc                isr_irq8
                0x100001cc                isr_irq24
                0x100001cc                isr_irq1
                0x100001cc                isr_irq7
                0x100001cc                isr_irq21
                0x100001cc                isr_irq20
                0x100001cc                isr_irq15
                0x100001cc                isr_irq25
                0x100001cc                isr_irq4
                0x100001cc                isr_irq16
                0x100001cc                isr_irq29
                0x100001cc                isr_irq26
                0x100001cc                __default_isrs_end
                0x100001cc                isr_irq3
                0x100001cc                isr_irq9
                0x100001cc                __unhandled_user_irq
                0x100001cc                isr_irq13
                0x100001cc                isr_irq27
                0x100001cc                isr_irq31
                0x100001cc                isr_irq5
                0x100001cc                isr_irq11
                0x100001cc                isr_irq23
                0x100001cc                isr_irq18
                0x100001cc                isr_irq30
                0x100001cc                isr_irq12
                0x100001d2                unhandled_user_irq_num_in_r0
 *(.binary_info_header)
 .binary_info_header
                0x100001d4       0x14 CMakeFiles/memory_arena_threshold_test.dir/Users/mac/2024S2/COMP2560/pico/pico-sdk/src/rp2_common/pico_standard_link/crt0.S.obj
                0x100001e8                        __binary_info_header_end = .
 *(.reset)
 .reset         0x100001e8       0xa0 CMakeFiles/memory_arena_threshold_test.dir/Users/mac/2024S2/COMP2560/pico/pico-sdk/src/rp2_common/pico_standard_link/crt0.S.obj
                0x100001e8                _entry_point
 .reset         0x10000288       0x30 CMakeFiles/memory_arena_threshold_test.dir/Users/mac/2024S2/COMP2560/pico/pico-sdk/src/rp2_common/pico_standard_link/binary_info.c.obj
 *(.init)
 .init          0x100002b8        0x4 /Applications/ArmGNUToolchain/13.3.rel1/arm-none-eabi/bin/../lib/gcc/arm-none-eabi/13.3.1/thumb/v6-m/nofp/crti.o
                0x100002b8                _init
 *(EXCLUDE_FILE(*libm.a: *libc.a:*lib_a-mem*.o *libgcc.a:) .text*)
 .text.register_tm_clones
                0x100002bc       0x28 /Applications/ArmGNUToolchain/13.3.rel1/arm-none-eabi/bin/../lib/gcc/arm-none-eabi/13.3.1/thumb/v6-m/nofp/crtbegin.o
 .text.frame_dummy
                0x100002e4       0x24 /Applications/ArmGNUToolchain/13.3.rel1/arm-none-eabi/bin/../lib/gcc/arm-none-eabi/13.3.1/thumb/v6-m/nofp/crtbegin.o
 .text._ZN6tflite22MicroMutableOpResolverILj4EED0Ev
                0x10000308        0x4 CMakeFiles/memory_arena_threshold_test.dir/memory_arena_threshold_test.cpp.obj
                0x10000308                tflite::MicroMutableOpResolver<4u>::~MicroMutableOpResolver()
                0x10000308                tflite::MicroMutableOpResolver<4u>::~MicroMutableOpResolver()
                0x10000308                tflite::MicroMutableOpResolver<4u>::~MicroMutableOpResolver()
 .text._ZN6tflite22MicroMutableOpResolverILj6EED0Ev
                0x1000030c        0x4 CMakeFiles/memory_arena_threshold_test.dir/memory_arena_threshold_test.cpp.obj
                0x1000030c                tflite::MicroMutableOpResolver<6u>::~MicroMutableOpResolver()
                0x1000030c                tflite::MicroMutableOpResolver<6u>::~MicroMutableOpResolver()
                0x1000030c                tflite::MicroMutableOpResolver<6u>::~MicroMutableOpResolver()
 .text._ZNK6tflite22MicroMutableOpResolverILj4EE6FindOpENS_15BuiltinOperatorE
                0x10000310       0x54 CMakeFiles/memory_arena_threshold_test.dir/memory_arena_threshold_test.cpp.obj
                0x10000310                tflite::MicroMutableOpResolver<4u>::FindOp(tflite::BuiltinOperator) const
 .text._ZNK6tflite22MicroMutableOpResolverILj6EE6FindOpENS_15BuiltinOperatorE
                0x10000364       0x74 CMakeFiles/memory_arena_threshold_test.dir/memory_arena_threshold_test.cpp.obj
                0x10000364                tflite::MicroMutableOpResolver<6u>::FindOp(tflite::BuiltinOperator) const
 .text._ZNK6tflite22MicroMutableOpResolverILj6EE15GetOpDataParserENS_15BuiltinOperatorE
                0x100003d8       0x74 CMakeFiles/memory_arena_threshold_test.dir/memory_arena_threshold_test.cpp.obj
                0x100003d8                tflite::MicroMutableOpResolver<6u>::GetOpDataParser(tflite::BuiltinOperator) const
 .text._ZNK6tflite22MicroMutableOpResolverILj4EE15GetOpDataParserENS_15BuiltinOperatorE
                0x1000044c       0x50 CMakeFiles/memory_arena_threshold_test.dir/memory_arena_threshold_test.cpp.obj
                0x1000044c                tflite::MicroMutableOpResolver<4u>::GetOpDataParser(tflite::BuiltinOperator) const
 .text._ZNK6tflite22MicroMutableOpResolverILj4EE6FindOpEPKc
                0x1000049c       0x84 CMakeFiles/memory_arena_threshold_test.dir/memory_arena_threshold_test.cpp.obj
                0x1000049c                tflite::MicroMutableOpResolver<4u>::FindOp(char const*) const
 .text._ZNK6tflite22MicroMutableOpResolverILj6EE6FindOpEPKc
                0x10000520       0xc0 CMakeFiles/memory_arena_threshold_test.dir/memory_arena_threshold_test.cpp.obj
                0x10000520                tflite::MicroMutableOpResolver<6u>::FindOp(char const*) const
 .text._ZN12_GLOBAL__N_133ValidateModelAllocationThresholdsERKN6tflite23RecordingMicroAllocatorERKNS_25ModelAllocationThresholdsE.constprop.0
                0x100005e0      0x30c CMakeFiles/memory_arena_threshold_test.dir/memory_arena_threshold_test.cpp.obj
 .text.startup.main
                0x100008ec      0xc3c CMakeFiles/memory_arena_threshold_test.dir/memory_arena_threshold_test.cpp.obj
                0x100008ec                main
 .text.running_on_fpga
                0x10001528       0x10 CMakeFiles/memory_arena_threshold_test.dir/Users/mac/2024S2/COMP2560/pico/pico-sdk/src/rp2_common/pico_platform/platform.c.obj
                0x10001528                running_on_fpga
 .text.hw_claim_or_assert
                0x10001538       0x44 CMakeFiles/memory_arena_threshold_test.dir/Users/mac/2024S2/COMP2560/pico/pico-sdk/src/rp2_common/hardware_claim/claim.c.obj
                0x10001538                hw_claim_or_assert
 .text.hw_claim_unused_from_range
                0x1000157c       0x9c CMakeFiles/memory_arena_threshold_test.dir/Users/mac/2024S2/COMP2560/pico/pico-sdk/src/rp2_common/hardware_claim/claim.c.obj
                0x1000157c                hw_claim_unused_from_range
 .text.spin_locks_reset
                0x10001618       0x1c CMakeFiles/memory_arena_threshold_test.dir/Users/mac/2024S2/COMP2560/pico/pico-sdk/src/rp2_common/hardware_sync/sync.c.obj
                0x10001618                spin_locks_reset
 .text.next_striped_spin_lock_num
                0x10001634       0x18 CMakeFiles/memory_arena_threshold_test.dir/Users/mac/2024S2/COMP2560/pico/pico-sdk/src/rp2_common/hardware_sync/sync.c.obj
                0x10001634                next_striped_spin_lock_num
 .text.spin_lock_claim_unused
                0x1000164c       0x24 CMakeFiles/memory_arena_threshold_test.dir/Users/mac/2024S2/COMP2560/pico/pico-sdk/src/rp2_common/hardware_sync/sync.c.obj
                0x1000164c                spin_lock_claim_unused
 .text.irq_set_enabled
                0x10001670       0x24 CMakeFiles/memory_arena_threshold_test.dir/Users/mac/2024S2/COMP2560/pico/pico-sdk/src/rp2_common/hardware_irq/irq.c.obj
                0x10001670                irq_set_enabled
 .text.irq_is_enabled
                0x10001694       0x18 CMakeFiles/memory_arena_threshold_test.dir/Users/mac/2024S2/COMP2560/pico/pico-sdk/src/rp2_common/hardware_irq/irq.c.obj
                0x10001694                irq_is_enabled
 .text.irq_set_pending
                0x100016ac       0x10 CMakeFiles/memory_arena_threshold_test.dir/Users/mac/2024S2/COMP2560/pico/pico-sdk/src/rp2_common/hardware_irq/irq.c.obj
                0x100016ac                irq_set_pending
 .text.irq_has_shared_handler
                0x100016bc       0x2c CMakeFiles/memory_arena_threshold_test.dir/Users/mac/2024S2/COMP2560/pico/pico-sdk/src/rp2_common/hardware_irq/irq.c.obj
                0x100016bc                irq_has_shared_handler
 .text.irq_get_vtable_handler
                0x100016e8       0x10 CMakeFiles/memory_arena_threshold_test.dir/Users/mac/2024S2/COMP2560/pico/pico-sdk/src/rp2_common/hardware_irq/irq.c.obj
                0x100016e8                irq_get_vtable_handler
 .text.irq_set_exclusive_handler
                0x100016f8       0x54 CMakeFiles/memory_arena_threshold_test.dir/Users/mac/2024S2/COMP2560/pico/pico-sdk/src/rp2_common/hardware_irq/irq.c.obj
                0x100016f8                irq_set_exclusive_handler
 .text.irq_add_shared_handler
                0x1000174c      0x1f4 CMakeFiles/memory_arena_threshold_test.dir/Users/mac/2024S2/COMP2560/pico/pico-sdk/src/rp2_common/hardware_irq/irq.c.obj
                0x1000174c                irq_add_shared_handler
 .text.irq_remove_handler
                0x10001940      0x1c4 CMakeFiles/memory_arena_threshold_test.dir/Users/mac/2024S2/COMP2560/pico/pico-sdk/src/rp2_common/hardware_irq/irq.c.obj
                0x10001940                irq_remove_handler
 .text.irq_add_tail_to_free_list
                0x10001b04       0xb4 CMakeFiles/memory_arena_threshold_test.dir/Users/mac/2024S2/COMP2560/pico/pico-sdk/src/rp2_common/hardware_irq/irq.c.obj
                0x10001b04                irq_add_tail_to_free_list
 .text.irq_init_priorities
                0x10001bb8       0x24 CMakeFiles/memory_arena_threshold_test.dir/Users/mac/2024S2/COMP2560/pico/pico-sdk/src/rp2_common/hardware_irq/irq.c.obj
                0x10001bb8                irq_init_priorities
 .text.user_irq_claim_unused
                0x10001bdc       0x2c CMakeFiles/memory_arena_threshold_test.dir/Users/mac/2024S2/COMP2560/pico/pico-sdk/src/rp2_common/hardware_irq/irq.c.obj
                0x10001bdc                user_irq_claim_unused
 .text.lock_init
                0x10001c08       0x10 CMakeFiles/memory_arena_threshold_test.dir/Users/mac/2024S2/COMP2560/pico/pico-sdk/src/common/pico_sync/lock_core.c.obj
                0x10001c08                lock_init
 .text.mutex_init
                0x10001c18       0x1c CMakeFiles/memory_arena_threshold_test.dir/Users/mac/2024S2/COMP2560/pico/pico-sdk/src/common/pico_sync/mutex.c.obj
                0x10001c18                mutex_init
 .text.recursive_mutex_init
                0x10001c34       0x1c CMakeFiles/memory_arena_threshold_test.dir/Users/mac/2024S2/COMP2560/pico/pico-sdk/src/common/pico_sync/mutex.c.obj
                0x10001c34                recursive_mutex_init
 .text.critical_section_init
                0x10001c50       0x1c CMakeFiles/memory_arena_threshold_test.dir/Users/mac/2024S2/COMP2560/pico/pico-sdk/src/common/pico_sync/critical_section.c.obj
                0x10001c50                critical_section_init
 .text.critical_section_init_with_lock_num
                0x10001c6c       0x14 CMakeFiles/memory_arena_threshold_test.dir/Users/mac/2024S2/COMP2560/pico/pico-sdk/src/common/pico_sync/critical_section.c.obj
                0x10001c6c                critical_section_init_with_lock_num
 .text.timer_pool_entry_comparator
                0x10001c80       0x34 CMakeFiles/memory_arena_threshold_test.dir/Users/mac/2024S2/COMP2560/pico/pico-sdk/src/common/pico_time/time.c.obj
                0x10001c80                timer_pool_entry_comparator
 .text.sleep_until_callback
                0x10001cb4       0x30 CMakeFiles/memory_arena_threshold_test.dir/Users/mac/2024S2/COMP2560/pico/pico-sdk/src/common/pico_time/time.c.obj
 .text.add_alarm_under_lock.isra.0
                0x10001ce4      0x100 CMakeFiles/memory_arena_threshold_test.dir/Users/mac/2024S2/COMP2560/pico/pico-sdk/src/common/pico_time/time.c.obj
 .text.alarm_pool_alarm_callback
                0x10001de4      0x1c0 CMakeFiles/memory_arena_threshold_test.dir/Users/mac/2024S2/COMP2560/pico/pico-sdk/src/common/pico_time/time.c.obj
 .text.alarm_pool_init_default
                0x10001fa4       0x6c CMakeFiles/memory_arena_threshold_test.dir/Users/mac/2024S2/COMP2560/pico/pico-sdk/src/common/pico_time/time.c.obj
                0x10001fa4                alarm_pool_init_default
 .text.alarm_pool_get_default
                0x10002010        0x8 CMakeFiles/memory_arena_threshold_test.dir/Users/mac/2024S2/COMP2560/pico/pico-sdk/src/common/pico_time/time.c.obj
                0x10002010                alarm_pool_get_default
 .text.alarm_pool_add_alarm_at
                0x10002018      0x17c CMakeFiles/memory_arena_threshold_test.dir/Users/mac/2024S2/COMP2560/pico/pico-sdk/src/common/pico_time/time.c.obj
                0x10002018                alarm_pool_add_alarm_at
 .text.alarm_pool_core_num
                0x10002194        0x4 CMakeFiles/memory_arena_threshold_test.dir/Users/mac/2024S2/COMP2560/pico/pico-sdk/src/common/pico_time/time.c.obj
                0x10002194                alarm_pool_core_num
 .text.best_effort_wfe_or_timeout
                0x10002198       0xcc CMakeFiles/memory_arena_threshold_test.dir/Users/mac/2024S2/COMP2560/pico/pico-sdk/src/common/pico_time/time.c.obj
                0x10002198                best_effort_wfe_or_timeout
 .text.hardware_alarm_irq_handler
                0x10002264       0xbc CMakeFiles/memory_arena_threshold_test.dir/Users/mac/2024S2/COMP2560/pico/pico-sdk/src/rp2_common/hardware_timer/timer.c.obj
 .text.hardware_alarm_claim
                0x10002320       0x18 CMakeFiles/memory_arena_threshold_test.dir/Users/mac/2024S2/COMP2560/pico/pico-sdk/src/rp2_common/hardware_timer/timer.c.obj
                0x10002320                hardware_alarm_claim
 .text.time_us_64
                0x10002338       0x14 CMakeFiles/memory_arena_threshold_test.dir/Users/mac/2024S2/COMP2560/pico/pico-sdk/src/rp2_common/hardware_timer/timer.c.obj
                0x10002338                time_us_64
 .text.busy_wait_us
                0x1000234c       0x68 CMakeFiles/memory_arena_threshold_test.dir/Users/mac/2024S2/COMP2560/pico/pico-sdk/src/rp2_common/hardware_timer/timer.c.obj
                0x1000234c                busy_wait_us
 .text.hardware_alarm_set_callback
                0x100023b4       0x8c CMakeFiles/memory_arena_threshold_test.dir/Users/mac/2024S2/COMP2560/pico/pico-sdk/src/rp2_common/hardware_timer/timer.c.obj
                0x100023b4                hardware_alarm_set_callback
 .text.hardware_alarm_set_target
                0x10002440       0xd0 CMakeFiles/memory_arena_threshold_test.dir/Users/mac/2024S2/COMP2560/pico/pico-sdk/src/rp2_common/hardware_timer/timer.c.obj
                0x10002440                hardware_alarm_set_target
 .text.hardware_alarm_cancel
                0x10002510       0x3c CMakeFiles/memory_arena_threshold_test.dir/Users/mac/2024S2/COMP2560/pico/pico-sdk/src/rp2_common/hardware_timer/timer.c.obj
                0x10002510                hardware_alarm_cancel
 .text.ph_merge_nodes
                0x1000254c       0x58 CMakeFiles/memory_arena_threshold_test.dir/Users/mac/2024S2/COMP2560/pico/pico-sdk/src/common/pico_util/pheap.c.obj
 .text.ph_post_alloc_init
                0x100025a4       0x3c CMakeFiles/memory_arena_threshold_test.dir/Users/mac/2024S2/COMP2560/pico/pico-sdk/src/common/pico_util/pheap.c.obj
                0x100025a4                ph_post_alloc_init
 .text.ph_merge_two_pass
                0x100025e0       0x8c CMakeFiles/memory_arena_threshold_test.dir/Users/mac/2024S2/COMP2560/pico/pico-sdk/src/common/pico_util/pheap.c.obj
                0x100025e0                ph_merge_two_pass
 .text.ph_remove_any_head
                0x1000266c      0x100 CMakeFiles/memory_arena_threshold_test.dir/Users/mac/2024S2/COMP2560/pico/pico-sdk/src/common/pico_util/pheap.c.obj
 .text.ph_remove_head
                0x1000276c      0x104 CMakeFiles/memory_arena_threshold_test.dir/Users/mac/2024S2/COMP2560/pico/pico-sdk/src/common/pico_util/pheap.c.obj
                0x1000276c                ph_remove_head
 .text.ph_remove_and_free_node
                0x10002870       0x78 CMakeFiles/memory_arena_threshold_test.dir/Users/mac/2024S2/COMP2560/pico/pico-sdk/src/common/pico_util/pheap.c.obj
                0x10002870                ph_remove_and_free_node
 .text.clocks_init
                0x100028e8      0x2c8 CMakeFiles/memory_arena_threshold_test.dir/Users/mac/2024S2/COMP2560/pico/pico-sdk/src/rp2_common/hardware_clocks/clocks.c.obj
                0x100028e8                clocks_init
 .text.pll_init
                0x10002bb0       0xa4 CMakeFiles/memory_arena_threshold_test.dir/Users/mac/2024S2/COMP2560/pico/pico-sdk/src/rp2_common/hardware_pll/pll.c.obj
                0x10002bb0                pll_init
 .text.watchdog_start_tick
                0x10002c54       0x10 CMakeFiles/memory_arena_threshold_test.dir/Users/mac/2024S2/COMP2560/pico/pico-sdk/src/rp2_common/hardware_watchdog/watchdog.c.obj
                0x10002c54                watchdog_start_tick
 .text.watchdog_reboot
                0x10002c64       0x9c CMakeFiles/memory_arena_threshold_test.dir/Users/mac/2024S2/COMP2560/pico/pico-sdk/src/rp2_common/hardware_watchdog/watchdog.c.obj
                0x10002c64                watchdog_reboot
 .text.xosc_init
                0x10002d00       0x28 CMakeFiles/memory_arena_threshold_test.dir/Users/mac/2024S2/COMP2560/pico/pico-sdk/src/rp2_common/hardware_xosc/xosc.c.obj
                0x10002d00                xosc_init
 .text.runtime_init
                0x10002d28       0xf0 CMakeFiles/memory_arena_threshold_test.dir/Users/mac/2024S2/COMP2560/pico/pico-sdk/src/rp2_common/pico_runtime/runtime.c.obj
                0x10002d28                runtime_init
 .text._exit    0x10002e18        0x4 CMakeFiles/memory_arena_threshold_test.dir/Users/mac/2024S2/COMP2560/pico/pico-sdk/src/rp2_common/pico_runtime/runtime.c.obj
                0x10002e18                _exit
 .text._sbrk    0x10002e1c       0x34 CMakeFiles/memory_arena_threshold_test.dir/Users/mac/2024S2/COMP2560/pico/pico-sdk/src/rp2_common/pico_runtime/runtime.c.obj
                0x10002e1c                _sbrk
 .text._getpid  0x10002e50        0x4 CMakeFiles/memory_arena_threshold_test.dir/Users/mac/2024S2/COMP2560/pico/pico-sdk/src/rp2_common/pico_runtime/runtime.c.obj
                0x10002e50                _getpid
 .text._kill    0x10002e54        0x8 CMakeFiles/memory_arena_threshold_test.dir/Users/mac/2024S2/COMP2560/pico/pico-sdk/src/rp2_common/pico_runtime/runtime.c.obj
                0x10002e54                _kill
 .text.exit     0x10002e5c        0x8 CMakeFiles/memory_arena_threshold_test.dir/Users/mac/2024S2/COMP2560/pico/pico-sdk/src/rp2_common/pico_runtime/runtime.c.obj
                0x10002e5c                exit
 .text.__assert_func
                0x10002e64       0x38 CMakeFiles/memory_arena_threshold_test.dir/Users/mac/2024S2/COMP2560/pico/pico-sdk/src/rp2_common/pico_runtime/runtime.c.obj
                0x10002e64                __assert_func
 .text.panic    0x10002e9c       0x30 CMakeFiles/memory_arena_threshold_test.dir/Users/mac/2024S2/COMP2560/pico/pico-sdk/src/rp2_common/pico_runtime/runtime.c.obj
                0x10002e9c                panic
 .text.hard_assertion_failure
                0x10002ecc        0xc CMakeFiles/memory_arena_threshold_test.dir/Users/mac/2024S2/COMP2560/pico/pico-sdk/src/rp2_common/pico_runtime/runtime.c.obj
                0x10002ecc                hard_assertion_failure
 .text._out_char
                0x10002ed8       0x10 CMakeFiles/memory_arena_threshold_test.dir/Users/mac/2024S2/COMP2560/pico/pico-sdk/src/rp2_common/pico_printf/printf.c.obj
 .text.weak_raw_printf
                0x10002ee8       0x40 CMakeFiles/memory_arena_threshold_test.dir/Users/mac/2024S2/COMP2560/pico/pico-sdk/src/rp2_common/pico_printf/printf.c.obj
                0x10002ee8                weak_raw_printf
 .text.weak_raw_vprintf
                0x10002f28       0x30 CMakeFiles/memory_arena_threshold_test.dir/Users/mac/2024S2/COMP2560/pico/pico-sdk/src/rp2_common/pico_printf/printf.c.obj
                0x10002f28                weak_raw_vprintf
 .text          0x10002f58       0x10 CMakeFiles/memory_arena_threshold_test.dir/Users/mac/2024S2/COMP2560/pico/pico-sdk/src/rp2_common/pico_bit_ops/bit_ops_aeabi.S.obj
 .text.clzsi    0x10002f68        0xc CMakeFiles/memory_arena_threshold_test.dir/Users/mac/2024S2/COMP2560/pico/pico-sdk/src/rp2_common/pico_bit_ops/bit_ops_aeabi.S.obj
                0x10002f68                __wrap___clz
                0x10002f68                __wrap___clzsi2
                0x10002f68                __wrap___clzl
 .text.rom_func_lookup
                0x10002f74       0x10 CMakeFiles/memory_arena_threshold_test.dir/Users/mac/2024S2/COMP2560/pico/pico-sdk/src/rp2_common/pico_bootrom/bootrom.c.obj
                0x10002f74                rom_func_lookup
 .text.rom_data_lookup
                0x10002f84       0x10 CMakeFiles/memory_arena_threshold_test.dir/Users/mac/2024S2/COMP2560/pico/pico-sdk/src/rp2_common/pico_bootrom/bootrom.c.obj
                0x10002f84                rom_data_lookup
 .text.rom_funcs_lookup
                0x10002f94       0x44 CMakeFiles/memory_arena_threshold_test.dir/Users/mac/2024S2/COMP2560/pico/pico-sdk/src/rp2_common/pico_bootrom/bootrom.c.obj
                0x10002f94                rom_funcs_lookup
 .text.__wrap___aeabi_idiv
                0x10002fd8       0x50 CMakeFiles/memory_arena_threshold_test.dir/Users/mac/2024S2/COMP2560/pico/pico-sdk/src/rp2_common/pico_divider/divider.S.obj
                0x10002fd8                __wrap___aeabi_idivmod
                0x10002fd8                divmod_s32s32
                0x10002fd8                div_s32s32
                0x10002fd8                __wrap___aeabi_idiv
                0x10002fe0                divmod_s32s32_unsafe
                0x1000300c                divmod_s32s32_savestate
 .text.__wrap___aeabi_uidiv
                0x10003028       0x4c CMakeFiles/memory_arena_threshold_test.dir/Users/mac/2024S2/COMP2560/pico/pico-sdk/src/rp2_common/pico_divider/divider.S.obj
                0x10003028                __wrap___aeabi_uidiv
                0x10003028                __wrap___aeabi_uidivmod
                0x10003028                div_u32u32
                0x10003028                divmod_u32u32
                0x10003030                divmod_u32u32_unsafe
                0x10003058                divmod_u32u32_savestate
 .text.__wrap___aeabi_ldiv
                0x10003074      0x424 CMakeFiles/memory_arena_threshold_test.dir/Users/mac/2024S2/COMP2560/pico/pico-sdk/src/rp2_common/pico_divider/divider.S.obj
                0x10003074                __wrap___aeabi_ldivmod
                0x10003074                div_s64s64
                0x10003074                divmod_s64s64
                0x100030a4                divmod_u64u64
                0x100030a4                div_u64u64
                0x100030a4                __wrap___aeabi_uldivmod
                0x100030b4                divmod_u64u64_savestate
                0x100030d4                divmod_s64s64_unsafe
                0x1000315c                divmod_u64u64_unsafe
 .text.__wrap___aeabi_darithmetic
                0x10003498       0x80 CMakeFiles/memory_arena_threshold_test.dir/Users/mac/2024S2/COMP2560/pico/pico-sdk/src/rp2_common/pico_double/double_aeabi.S.obj
                0x10003498                __wrap___aeabi_drsub
                0x1000349e                __wrap___aeabi_dsub
                0x100034b0                __wrap___aeabi_dadd
                0x100034c2                __wrap___aeabi_ddiv
                0x100034fe                __wrap___aeabi_dmul
 .text.__wrap___aeabi_cdcmple
                0x10003518       0x6c CMakeFiles/memory_arena_threshold_test.dir/Users/mac/2024S2/COMP2560/pico/pico-sdk/src/rp2_common/pico_double/double_aeabi.S.obj
                0x10003518                __wrap___aeabi_cdrcmple
                0x10003528                __wrap___aeabi_cdcmple
                0x10003528                __wrap___aeabi_cdcmpeq
 .text.__wrap___aeabi_dcmpeq
                0x10003584       0x10 CMakeFiles/memory_arena_threshold_test.dir/Users/mac/2024S2/COMP2560/pico/pico-sdk/src/rp2_common/pico_double/double_aeabi.S.obj
                0x10003584                __wrap___aeabi_dcmpeq
 .text.__wrap___aeabi_dcmplt
                0x10003594        0xc CMakeFiles/memory_arena_threshold_test.dir/Users/mac/2024S2/COMP2560/pico/pico-sdk/src/rp2_common/pico_double/double_aeabi.S.obj
                0x10003594                __wrap___aeabi_dcmplt
 .text.__wrap___aeabi_dcmple
                0x100035a0       0x10 CMakeFiles/memory_arena_threshold_test.dir/Users/mac/2024S2/COMP2560/pico/pico-sdk/src/rp2_common/pico_double/double_aeabi.S.obj
                0x100035a0                __wrap___aeabi_dcmple
 .text.__wrap___aeabi_dcmpgt
                0x100035b0        0xa CMakeFiles/memory_arena_threshold_test.dir/Users/mac/2024S2/COMP2560/pico/pico-sdk/src/rp2_common/pico_double/double_aeabi.S.obj
                0x100035b0                __wrap___aeabi_dcmpgt
 .text.__wrap___aeabi_dcmpun
                0x100035ba       0x1c CMakeFiles/memory_arena_threshold_test.dir/Users/mac/2024S2/COMP2560/pico/pico-sdk/src/rp2_common/pico_double/double_aeabi.S.obj
                0x100035ba                __wrap___aeabi_dcmpun
 *fill*         0x100035d6        0x2 
 .text.__wrap___aeabi_i2d
                0x100035d8       0x38 CMakeFiles/memory_arena_threshold_test.dir/Users/mac/2024S2/COMP2560/pico/pico-sdk/src/rp2_common/pico_double/double_aeabi.S.obj
                0x100035d8                __wrap___aeabi_ui2d
                0x100035e0                __wrap___aeabi_i2d
 .text.__wrap___aeabi_d2iz
                0x10003610       0x48 CMakeFiles/memory_arena_threshold_test.dir/Users/mac/2024S2/COMP2560/pico/pico-sdk/src/rp2_common/pico_double/double_aeabi.S.obj
                0x10003610                __wrap___aeabi_d2iz
                0x10003610                double2int_z
 .text.__wrap___aeabi_l2d
                0x10003658       0x18 CMakeFiles/memory_arena_threshold_test.dir/Users/mac/2024S2/COMP2560/pico/pico-sdk/src/rp2_common/pico_double/double_aeabi.S.obj
                0x10003658                __wrap___aeabi_l2d
 .text.__wrap___aeabi_d2lz
                0x10003670       0x26 CMakeFiles/memory_arena_threshold_test.dir/Users/mac/2024S2/COMP2560/pico/pico-sdk/src/rp2_common/pico_double/double_aeabi.S.obj
                0x10003670                __wrap___aeabi_d2lz
                0x10003670                double2int64_z
 *fill*         0x10003696        0x2 
 .text.double2int64
                0x10003698       0x18 CMakeFiles/memory_arena_threshold_test.dir/Users/mac/2024S2/COMP2560/pico/pico-sdk/src/rp2_common/pico_double/double_aeabi.S.obj
                0x10003698                double2int64
 .text.double2ufix64
                0x100036b0       0x18 CMakeFiles/memory_arena_threshold_test.dir/Users/mac/2024S2/COMP2560/pico/pico-sdk/src/rp2_common/pico_double/double_aeabi.S.obj
                0x100036b0                double2ufix64
 .text.__wrap___aeabi_d2f
                0x100036c8       0x18 CMakeFiles/memory_arena_threshold_test.dir/Users/mac/2024S2/COMP2560/pico/pico-sdk/src/rp2_common/pico_double/double_aeabi.S.obj
                0x100036c8                __wrap___aeabi_d2f
 .text.__aeabi_double_init
                0x100036e0       0x98 CMakeFiles/memory_arena_threshold_test.dir/Users/mac/2024S2/COMP2560/pico/pico-sdk/src/rp2_common/pico_double/double_init_rom.c.obj
                0x100036e0                __aeabi_double_init
 .text.__wrap_round
                0x10003778       0x9c CMakeFiles/memory_arena_threshold_test.dir/Users/mac/2024S2/COMP2560/pico/pico-sdk/src/rp2_common/pico_double/double_math.c.obj
                0x10003778                __wrap_round
 .text.__wrap_floor
                0x10003814       0x90 CMakeFiles/memory_arena_threshold_test.dir/Users/mac/2024S2/COMP2560/pico/pico-sdk/src/rp2_common/pico_double/double_math.c.obj
                0x10003814                __wrap_floor
 .text.double_table_shim_on_use_helper
                0x100038a4       0x2c CMakeFiles/memory_arena_threshold_test.dir/Users/mac/2024S2/COMP2560/pico/pico-sdk/src/rp2_common/pico_double/double_v1_rom_shim.S.obj
                0x100038a4                double_table_shim_on_use_helper
 .text.__wrap___aeabi_dsub
                0x100038d0       0x10 CMakeFiles/memory_arena_threshold_test.dir/Users/mac/2024S2/COMP2560/pico/pico-sdk/src/rp2_common/pico_double/double_v1_rom_shim.S.obj
                0x100038d0                drsub_shim
                0x100038d6                dsub_shim
 .text.dadd_shim
                0x100038e0      0x15c CMakeFiles/memory_arena_threshold_test.dir/Users/mac/2024S2/COMP2560/pico/pico-sdk/src/rp2_common/pico_double/double_v1_rom_shim.S.obj
                0x100038e0                dadd_shim
 .text.dmul_shim
                0x10003a3c      0x15c CMakeFiles/memory_arena_threshold_test.dir/Users/mac/2024S2/COMP2560/pico/pico-sdk/src/rp2_common/pico_double/double_v1_rom_shim.S.obj
                0x10003a3c                dmul_shim
 .text.ddiv_shim
                0x10003b98      0x1b0 CMakeFiles/memory_arena_threshold_test.dir/Users/mac/2024S2/COMP2560/pico/pico-sdk/src/rp2_common/pico_double/double_v1_rom_shim.S.obj
                0x10003b98                ddiv_shim
 .text.double2int64_shim
                0x10003d48       0x1a CMakeFiles/memory_arena_threshold_test.dir/Users/mac/2024S2/COMP2560/pico/pico-sdk/src/rp2_common/pico_double/double_v1_rom_shim.S.obj
                0x10003d48                double2int64_shim
                0x10003d4a                double2fix64_shim
 *fill*         0x10003d62        0x2 
 .text.double2uint64_shim
                0x10003d64       0x70 CMakeFiles/memory_arena_threshold_test.dir/Users/mac/2024S2/COMP2560/pico/pico-sdk/src/rp2_common/pico_double/double_v1_rom_shim.S.obj
                0x10003d64                double2uint64_shim
                0x10003d66                double2ufix64_shim
                0x10003d86                d2fix_a
 .text.double2float_shim
                0x10003dd4       0x5c CMakeFiles/memory_arena_threshold_test.dir/Users/mac/2024S2/COMP2560/pico/pico-sdk/src/rp2_common/pico_double/double_v1_rom_shim.S.obj
                0x10003dd4                double2float_shim
 .text.x2double_shims
                0x10003e30       0x90 CMakeFiles/memory_arena_threshold_test.dir/Users/mac/2024S2/COMP2560/pico/pico-sdk/src/rp2_common/pico_double/double_v1_rom_shim.S.obj
                0x10003e30                uint2double_shim
                0x10003e32                ufix2double_shim
                0x10003e38                int2double_shim
                0x10003e3a                fix2double_shim
                0x10003e40                uint642double_shim
                0x10003e42                ufix642double_shim
                0x10003e48                int642double_shim
                0x10003e4a                fix642double_shim
 .text.dunpacks
                0x10003ec0       0x3c CMakeFiles/memory_arena_threshold_test.dir/Users/mac/2024S2/COMP2560/pico/pico-sdk/src/rp2_common/pico_double/double_v1_rom_shim.S.obj
                0x10003ec0                dunpacks
 .text.__aeabi_lmul
                0x10003efc       0x32 CMakeFiles/memory_arena_threshold_test.dir/Users/mac/2024S2/COMP2560/pico/pico-sdk/src/rp2_common/pico_int64_ops/pico_int64_ops_aeabi.S.obj
                0x10003efc                __wrap___aeabi_lmul
 *fill*         0x10003f2e        0x2 
 .text.__wrap___aeabi_farithmetic
                0x10003f30       0x48 CMakeFiles/memory_arena_threshold_test.dir/Users/mac/2024S2/COMP2560/pico/pico-sdk/src/rp2_common/pico_float/float_aeabi.S.obj
                0x10003f30                __wrap___aeabi_frsub
                0x10003f36                __wrap___aeabi_fsub
                0x10003f3c                __wrap___aeabi_fadd
                0x10003f42                __wrap___aeabi_fdiv
                0x10003f6a                __wrap___aeabi_fmul
 .text.__wrap___aeabi_cfcmple
                0x10003f78       0x50 CMakeFiles/memory_arena_threshold_test.dir/Users/mac/2024S2/COMP2560/pico/pico-sdk/src/rp2_common/pico_float/float_aeabi.S.obj
                0x10003f78                __wrap___aeabi_cfrcmple
                0x10003f84                __wrap___aeabi_cfcmpeq
                0x10003f84                __wrap___aeabi_cfcmple
 .text.__wrap___aeabi_fcmpeq
                0x10003fc8       0x10 CMakeFiles/memory_arena_threshold_test.dir/Users/mac/2024S2/COMP2560/pico/pico-sdk/src/rp2_common/pico_float/float_aeabi.S.obj
                0x10003fc8                __wrap___aeabi_fcmpeq
 .text.__wrap___aeabi_fcmplt
                0x10003fd8        0xc CMakeFiles/memory_arena_threshold_test.dir/Users/mac/2024S2/COMP2560/pico/pico-sdk/src/rp2_common/pico_float/float_aeabi.S.obj
                0x10003fd8                __wrap___aeabi_fcmplt
 .text.__wrap___aeabi_fcmple
                0x10003fe4       0x10 CMakeFiles/memory_arena_threshold_test.dir/Users/mac/2024S2/COMP2560/pico/pico-sdk/src/rp2_common/pico_float/float_aeabi.S.obj
                0x10003fe4                __wrap___aeabi_fcmple
 .text.__wrap___aeabi_fcmpge
                0x10003ff4       0x10 CMakeFiles/memory_arena_threshold_test.dir/Users/mac/2024S2/COMP2560/pico/pico-sdk/src/rp2_common/pico_float/float_aeabi.S.obj
                0x10003ff4                __wrap___aeabi_fcmpge
 .text.__wrap___aeabi_fcmpgt
                0x10004004        0xa CMakeFiles/memory_arena_threshold_test.dir/Users/mac/2024S2/COMP2560/pico/pico-sdk/src/rp2_common/pico_float/float_aeabi.S.obj
                0x10004004                __wrap___aeabi_fcmpgt
 .text.__wrap___aeabi_ui2f
                0x1000400e        0xa CMakeFiles/memory_arena_threshold_test.dir/Users/mac/2024S2/COMP2560/pico/pico-sdk/src/rp2_common/pico_float/float_aeabi.S.obj
                0x1000400e                __wrap___aeabi_ui2f
 .text.__wrap___aeabi_i2f
                0x10004018       0x44 CMakeFiles/memory_arena_threshold_test.dir/Users/mac/2024S2/COMP2560/pico/pico-sdk/src/rp2_common/pico_float/float_aeabi.S.obj
                0x10004018                __wrap___aeabi_i2f
 .text.__wrap___aeabi_f2iz
                0x1000405c       0x4e CMakeFiles/memory_arena_threshold_test.dir/Users/mac/2024S2/COMP2560/pico/pico-sdk/src/rp2_common/pico_float/float_aeabi.S.obj
                0x1000405c                __wrap___aeabi_f2iz
                0x1000405c                float2int_z
 *fill*         0x100040aa        0x2 
 .text.float2int
                0x100040ac       0x14 CMakeFiles/memory_arena_threshold_test.dir/Users/mac/2024S2/COMP2560/pico/pico-sdk/src/rp2_common/pico_float/float_aeabi.S.obj
                0x100040ac                float2int
 .text.__wrap___aeabi_f2uiz
                0x100040c0        0xc CMakeFiles/memory_arena_threshold_test.dir/Users/mac/2024S2/COMP2560/pico/pico-sdk/src/rp2_common/pico_float/float_aeabi.S.obj
                0x100040c0                __wrap___aeabi_f2uiz
 .text.__wrap___aeabi_f2d
                0x100040cc       0x14 CMakeFiles/memory_arena_threshold_test.dir/Users/mac/2024S2/COMP2560/pico/pico-sdk/src/rp2_common/pico_float/float_aeabi.S.obj
                0x100040cc                __wrap___aeabi_f2d
 .text.__wrap_expf
                0x100040e0        0xc CMakeFiles/memory_arena_threshold_test.dir/Users/mac/2024S2/COMP2560/pico/pico-sdk/src/rp2_common/pico_float/float_aeabi.S.obj
                0x100040e0                __wrap_expf
 .text.__aeabi_float_init
                0x100040ec       0x64 CMakeFiles/memory_arena_threshold_test.dir/Users/mac/2024S2/COMP2560/pico/pico-sdk/src/rp2_common/pico_float/float_init_rom.c.obj
                0x100040ec                __aeabi_float_init
 .text.float_table_shim_on_use_helper
                0x10004150       0x2c CMakeFiles/memory_arena_threshold_test.dir/Users/mac/2024S2/COMP2560/pico/pico-sdk/src/rp2_common/pico_float/float_v1_rom_shim.S.obj
                0x10004150                float_table_shim_on_use_helper
 .text.float232_shims
                0x1000417c       0x18 CMakeFiles/memory_arena_threshold_test.dir/Users/mac/2024S2/COMP2560/pico/pico-sdk/src/rp2_common/pico_float/float_v1_rom_shim.S.obj
                0x1000417c                float2int_shim
                0x1000417e                float2fix_shim
 .text.float2double_shim
                0x10004194       0x30 CMakeFiles/memory_arena_threshold_test.dir/Users/mac/2024S2/COMP2560/pico/pico-sdk/src/rp2_common/pico_float/float_v1_rom_shim.S.obj
                0x10004194                float2double_shim
 .text          0x100041c4       0x10 CMakeFiles/memory_arena_threshold_test.dir/Users/mac/2024S2/COMP2560/pico/pico-sdk/src/rp2_common/pico_mem_ops/mem_ops_aeabi.S.obj
                0x100041c4                __aeabi_mem_init
 .text.memset   0x100041d4        0xc CMakeFiles/memory_arena_threshold_test.dir/Users/mac/2024S2/COMP2560/pico/pico-sdk/src/rp2_common/pico_mem_ops/mem_ops_aeabi.S.obj
                0x100041d4                __wrap_memset
 .text.memcpy   0x100041e0        0xc CMakeFiles/memory_arena_threshold_test.dir/Users/mac/2024S2/COMP2560/pico/pico-sdk/src/rp2_common/pico_mem_ops/mem_ops_aeabi.S.obj
                0x100041e0                __wrap___aeabi_memcpy
                0x100041e0                __wrap_memcpy
 .text.stdio_out_chars_crlf
                0x100041ec       0x94 CMakeFiles/memory_arena_threshold_test.dir/Users/mac/2024S2/COMP2560/pico/pico-sdk/src/rp2_common/pico_stdio/stdio.c.obj
 .text.__wrap_putchar
                0x10004280       0x98 CMakeFiles/memory_arena_threshold_test.dir/Users/mac/2024S2/COMP2560/pico/pico-sdk/src/rp2_common/pico_stdio/stdio.c.obj
                0x10004280                __wrap_putchar
 .text.__wrap_puts
                0x10004318       0xe0 CMakeFiles/memory_arena_threshold_test.dir/Users/mac/2024S2/COMP2560/pico/pico-sdk/src/rp2_common/pico_stdio/stdio.c.obj
                0x10004318                __wrap_puts
 .text._read    0x100043f8       0x94 CMakeFiles/memory_arena_threshold_test.dir/Users/mac/2024S2/COMP2560/pico/pico-sdk/src/rp2_common/pico_stdio/stdio.c.obj
                0x100043f8                _read
 .text._write   0x1000448c       0xb4 CMakeFiles/memory_arena_threshold_test.dir/Users/mac/2024S2/COMP2560/pico/pico-sdk/src/rp2_common/pico_stdio/stdio.c.obj
                0x1000448c                _write
 .text._close   0x10004540        0x8 CMakeFiles/memory_arena_threshold_test.dir/Users/mac/2024S2/COMP2560/pico/pico-sdk/src/rp2_common/pico_stdio/stdio.c.obj
                0x10004540                _close
 .text._lseek   0x10004548        0x8 CMakeFiles/memory_arena_threshold_test.dir/Users/mac/2024S2/COMP2560/pico/pico-sdk/src/rp2_common/pico_stdio/stdio.c.obj
                0x10004548                _lseek
 .text._fstat   0x10004550        0x8 CMakeFiles/memory_arena_threshold_test.dir/Users/mac/2024S2/COMP2560/pico/pico-sdk/src/rp2_common/pico_stdio/stdio.c.obj
                0x10004550                _fstat
 .text._isatty  0x10004558        0xc CMakeFiles/memory_arena_threshold_test.dir/Users/mac/2024S2/COMP2560/pico/pico-sdk/src/rp2_common/pico_stdio/stdio.c.obj
                0x10004558                _isatty
 .text.stdio_set_driver_enabled
                0x10004564       0x30 CMakeFiles/memory_arena_threshold_test.dir/Users/mac/2024S2/COMP2560/pico/pico-sdk/src/rp2_common/pico_stdio/stdio.c.obj
                0x10004564                stdio_set_driver_enabled
 .text.stdio_init_all
                0x10004594        0x8 CMakeFiles/memory_arena_threshold_test.dir/Users/mac/2024S2/COMP2560/pico/pico-sdk/src/rp2_common/pico_stdio/stdio.c.obj
                0x10004594                stdio_init_all
 .text.resetd_init
                0x1000459c        0x4 CMakeFiles/memory_arena_threshold_test.dir/Users/mac/2024S2/COMP2560/pico/pico-sdk/src/rp2_common/pico_stdio_usb/reset_interface.c.obj
 .text.resetd_reset
                0x100045a0        0xc CMakeFiles/memory_arena_threshold_test.dir/Users/mac/2024S2/COMP2560/pico/pico-sdk/src/rp2_common/pico_stdio_usb/reset_interface.c.obj
 .text.resetd_open
                0x100045ac       0x28 CMakeFiles/memory_arena_threshold_test.dir/Users/mac/2024S2/COMP2560/pico/pico-sdk/src/rp2_common/pico_stdio_usb/reset_interface.c.obj
 .text.resetd_xfer_cb
                0x100045d4        0x4 CMakeFiles/memory_arena_threshold_test.dir/Users/mac/2024S2/COMP2560/pico/pico-sdk/src/rp2_common/pico_stdio_usb/reset_interface.c.obj
 .text.resetd_control_xfer_cb
                0x100045d8       0x60 CMakeFiles/memory_arena_threshold_test.dir/Users/mac/2024S2/COMP2560/pico/pico-sdk/src/rp2_common/pico_stdio_usb/reset_interface.c.obj
 .text.usbd_app_driver_get_cb
                0x10004638        0xc CMakeFiles/memory_arena_threshold_test.dir/Users/mac/2024S2/COMP2560/pico/pico-sdk/src/rp2_common/pico_stdio_usb/reset_interface.c.obj
                0x10004638                usbd_app_driver_get_cb
 .text.tud_cdc_line_coding_cb
                0x10004644       0x34 CMakeFiles/memory_arena_threshold_test.dir/Users/mac/2024S2/COMP2560/pico/pico-sdk/src/rp2_common/pico_stdio_usb/reset_interface.c.obj
                0x10004644                tud_cdc_line_coding_cb
 .text.stdio_usb_set_chars_available_callback
                0x10004678       0x14 CMakeFiles/memory_arena_threshold_test.dir/Users/mac/2024S2/COMP2560/pico/pico-sdk/src/rp2_common/pico_stdio_usb/stdio_usb.c.obj
                0x10004678                stdio_usb_set_chars_available_callback
 .text.usb_irq  0x1000468c       0x10 CMakeFiles/memory_arena_threshold_test.dir/Users/mac/2024S2/COMP2560/pico/pico-sdk/src/rp2_common/pico_stdio_usb/stdio_usb.c.obj
 .text.timer_task
                0x1000469c       0x54 CMakeFiles/memory_arena_threshold_test.dir/Users/mac/2024S2/COMP2560/pico/pico-sdk/src/rp2_common/pico_stdio_usb/stdio_usb.c.obj
 .text.stdio_usb_in_chars
                0x100046f0       0x90 CMakeFiles/memory_arena_threshold_test.dir/Users/mac/2024S2/COMP2560/pico/pico-sdk/src/rp2_common/pico_stdio_usb/stdio_usb.c.obj
                0x100046f0                stdio_usb_in_chars
 .text.stdio_usb_out_chars
                0x10004780      0x104 CMakeFiles/memory_arena_threshold_test.dir/Users/mac/2024S2/COMP2560/pico/pico-sdk/src/rp2_common/pico_stdio_usb/stdio_usb.c.obj
 .text.low_priority_worker_irq
                0x10004884       0xa8 CMakeFiles/memory_arena_threshold_test.dir/Users/mac/2024S2/COMP2560/pico/pico-sdk/src/rp2_common/pico_stdio_usb/stdio_usb.c.obj
 .text.tud_cdc_rx_cb
                0x1000492c       0x20 CMakeFiles/memory_arena_threshold_test.dir/Users/mac/2024S2/COMP2560/pico/pico-sdk/src/rp2_common/pico_stdio_usb/stdio_usb.c.obj
                0x1000492c                tud_cdc_rx_cb
 .text.stdio_usb_init
                0x1000494c       0xe0 CMakeFiles/memory_arena_threshold_test.dir/Users/mac/2024S2/COMP2560/pico/pico-sdk/src/rp2_common/pico_stdio_usb/stdio_usb.c.obj
                0x1000494c                stdio_usb_init
 .text.tud_descriptor_device_cb
                0x10004a2c        0x8 CMakeFiles/memory_arena_threshold_test.dir/Users/mac/2024S2/COMP2560/pico/pico-sdk/src/rp2_common/pico_stdio_usb/stdio_usb_descriptors.c.obj
                0x10004a2c                tud_descriptor_device_cb
 .text.tud_descriptor_configuration_cb
                0x10004a34        0x8 CMakeFiles/memory_arena_threshold_test.dir/Users/mac/2024S2/COMP2560/pico/pico-sdk/src/rp2_common/pico_stdio_usb/stdio_usb_descriptors.c.obj
                0x10004a34                tud_descriptor_configuration_cb
 .text.tud_descriptor_string_cb
                0x10004a3c       0x78 CMakeFiles/memory_arena_threshold_test.dir/Users/mac/2024S2/COMP2560/pico/pico-sdk/src/rp2_common/pico_stdio_usb/stdio_usb_descriptors.c.obj
                0x10004a3c                tud_descriptor_string_cb
 .text.startup._retrieve_unique_id_on_boot
                0x10004ab4       0x10 CMakeFiles/memory_arena_threshold_test.dir/Users/mac/2024S2/COMP2560/pico/pico-sdk/src/rp2_common/pico_unique_id/unique_id.c.obj
 .text.pico_get_unique_board_id_string
                0x10004ac4      0x1a8 CMakeFiles/memory_arena_threshold_test.dir/Users/mac/2024S2/COMP2560/pico/pico-sdk/src/rp2_common/pico_unique_id/unique_id.c.obj
                0x10004ac4                pico_get_unique_board_id_string
 .text.flash_get_unique_id
                0x10004c6c       0x3c CMakeFiles/memory_arena_threshold_test.dir/Users/mac/2024S2/COMP2560/pico/pico-sdk/src/rp2_common/hardware_flash/flash.c.obj
                0x10004c6c                flash_get_unique_id
 .text.dcd_int_enable
                0x10004ca8        0xc CMakeFiles/memory_arena_threshold_test.dir/Users/mac/2024S2/COMP2560/pico/pico-sdk/lib/tinyusb/src/portable/raspberrypi/rp2040/dcd_rp2040.c.obj
                0x10004ca8                dcd_int_enable
 .text.dcd_set_address
                0x10004cb4       0x14 CMakeFiles/memory_arena_threshold_test.dir/Users/mac/2024S2/COMP2560/pico/pico-sdk/lib/tinyusb/src/portable/raspberrypi/rp2040/dcd_rp2040.c.obj
                0x10004cb4                dcd_set_address
 .text.dcd_connect
                0x10004cc8       0x10 CMakeFiles/memory_arena_threshold_test.dir/Users/mac/2024S2/COMP2560/pico/pico-sdk/lib/tinyusb/src/portable/raspberrypi/rp2040/dcd_rp2040.c.obj
                0x10004cc8                dcd_connect
 .text.dcd_init
                0x10004cd8       0x98 CMakeFiles/memory_arena_threshold_test.dir/Users/mac/2024S2/COMP2560/pico/pico-sdk/lib/tinyusb/src/portable/raspberrypi/rp2040/dcd_rp2040.c.obj
                0x10004cd8                dcd_init
 .text.dcd_edpt0_status_complete
                0x10004d70       0x1c CMakeFiles/memory_arena_threshold_test.dir/Users/mac/2024S2/COMP2560/pico/pico-sdk/lib/tinyusb/src/portable/raspberrypi/rp2040/dcd_rp2040.c.obj
                0x10004d70                dcd_edpt0_status_complete
 .text.dcd_edpt_open
                0x10004d8c      0x108 CMakeFiles/memory_arena_threshold_test.dir/Users/mac/2024S2/COMP2560/pico/pico-sdk/lib/tinyusb/src/portable/raspberrypi/rp2040/dcd_rp2040.c.obj
                0x10004d8c                dcd_edpt_open
 .text.dcd_edpt_close_all
                0x10004e94        0x8 CMakeFiles/memory_arena_threshold_test.dir/Users/mac/2024S2/COMP2560/pico/pico-sdk/lib/tinyusb/src/portable/raspberrypi/rp2040/dcd_rp2040.c.obj
                0x10004e94                dcd_edpt_close_all
 .text.dcd_edpt_xfer
                0x10004e9c       0x24 CMakeFiles/memory_arena_threshold_test.dir/Users/mac/2024S2/COMP2560/pico/pico-sdk/lib/tinyusb/src/portable/raspberrypi/rp2040/dcd_rp2040.c.obj
                0x10004e9c                dcd_edpt_xfer
 .text.dcd_edpt_stall
                0x10004ec0       0x34 CMakeFiles/memory_arena_threshold_test.dir/Users/mac/2024S2/COMP2560/pico/pico-sdk/lib/tinyusb/src/portable/raspberrypi/rp2040/dcd_rp2040.c.obj
                0x10004ec0                dcd_edpt_stall
 .text.dcd_edpt_clear_stall
                0x10004ef4       0x30 CMakeFiles/memory_arena_threshold_test.dir/Users/mac/2024S2/COMP2560/pico/pico-sdk/lib/tinyusb/src/portable/raspberrypi/rp2040/dcd_rp2040.c.obj
                0x10004ef4                dcd_edpt_clear_stall
 .text.rp2040_usb_init
                0x10004f24       0x4c CMakeFiles/memory_arena_threshold_test.dir/Users/mac/2024S2/COMP2560/pico/pico-sdk/lib/tinyusb/src/portable/raspberrypi/rp2040/rp2040_usb.c.obj
                0x10004f24                rp2040_usb_init
 .text.hw_endpoint_xfer_start
                0x10004f70       0x40 CMakeFiles/memory_arena_threshold_test.dir/Users/mac/2024S2/COMP2560/pico/pico-sdk/lib/tinyusb/src/portable/raspberrypi/rp2040/rp2040_usb.c.obj
                0x10004f70                hw_endpoint_xfer_start
 .text.tud_mounted
                0x10004fb0       0x10 CMakeFiles/memory_arena_threshold_test.dir/Users/mac/2024S2/COMP2560/pico/pico-sdk/lib/tinyusb/src/device/usbd.c.obj
                0x10004fb0                tud_mounted
 .text.tud_suspended
                0x10004fc0       0x10 CMakeFiles/memory_arena_threshold_test.dir/Users/mac/2024S2/COMP2560/pico/pico-sdk/lib/tinyusb/src/device/usbd.c.obj
                0x10004fc0                tud_suspended
 .text.tud_inited
                0x10004fd0       0x14 CMakeFiles/memory_arena_threshold_test.dir/Users/mac/2024S2/COMP2560/pico/pico-sdk/lib/tinyusb/src/device/usbd.c.obj
                0x10004fd0                tud_inited
 .text.tud_init
                0x10004fe4       0xdc CMakeFiles/memory_arena_threshold_test.dir/Users/mac/2024S2/COMP2560/pico/pico-sdk/lib/tinyusb/src/device/usbd.c.obj
                0x10004fe4                tud_init
 .text.tud_task_ext
                0x100050c0      0x850 CMakeFiles/memory_arena_threshold_test.dir/Users/mac/2024S2/COMP2560/pico/pico-sdk/lib/tinyusb/src/device/usbd.c.obj
                0x100050c0                tud_task_ext
 .text.usbd_open_edpt_pair
                0x10005910       0x9c CMakeFiles/memory_arena_threshold_test.dir/Users/mac/2024S2/COMP2560/pico/pico-sdk/lib/tinyusb/src/device/usbd.c.obj
                0x10005910                usbd_open_edpt_pair
 .text.usbd_defer_func
                0x100059ac       0x48 CMakeFiles/memory_arena_threshold_test.dir/Users/mac/2024S2/COMP2560/pico/pico-sdk/lib/tinyusb/src/device/usbd.c.obj
                0x100059ac                usbd_defer_func
 .text.usbd_edpt_open
                0x100059f4       0x34 CMakeFiles/memory_arena_threshold_test.dir/Users/mac/2024S2/COMP2560/pico/pico-sdk/lib/tinyusb/src/device/usbd.c.obj
                0x100059f4                usbd_edpt_open
 .text.usbd_edpt_claim
                0x10005a28       0x28 CMakeFiles/memory_arena_threshold_test.dir/Users/mac/2024S2/COMP2560/pico/pico-sdk/lib/tinyusb/src/device/usbd.c.obj
                0x10005a28                usbd_edpt_claim
 .text.usbd_edpt_release
                0x10005a50       0x28 CMakeFiles/memory_arena_threshold_test.dir/Users/mac/2024S2/COMP2560/pico/pico-sdk/lib/tinyusb/src/device/usbd.c.obj
                0x10005a50                usbd_edpt_release
 .text.usbd_edpt_xfer
                0x10005a78       0x4c CMakeFiles/memory_arena_threshold_test.dir/Users/mac/2024S2/COMP2560/pico/pico-sdk/lib/tinyusb/src/device/usbd.c.obj
                0x10005a78                usbd_edpt_xfer
 .text.tud_control_status
                0x10005ac4       0x2c CMakeFiles/memory_arena_threshold_test.dir/Users/mac/2024S2/COMP2560/pico/pico-sdk/lib/tinyusb/src/device/usbd_control.c.obj
                0x10005ac4                tud_control_status
 .text.tud_control_xfer
                0x10005af0       0xac CMakeFiles/memory_arena_threshold_test.dir/Users/mac/2024S2/COMP2560/pico/pico-sdk/lib/tinyusb/src/device/usbd_control.c.obj
                0x10005af0                tud_control_xfer
 .text.usbd_control_reset
                0x10005b9c       0x14 CMakeFiles/memory_arena_threshold_test.dir/Users/mac/2024S2/COMP2560/pico/pico-sdk/lib/tinyusb/src/device/usbd_control.c.obj
                0x10005b9c                usbd_control_reset
 .text.usbd_control_set_complete_callback
                0x10005bb0        0xc CMakeFiles/memory_arena_threshold_test.dir/Users/mac/2024S2/COMP2560/pico/pico-sdk/lib/tinyusb/src/device/usbd_control.c.obj
                0x10005bb0                usbd_control_set_complete_callback
 .text.usbd_control_set_request
                0x10005bbc       0x1c CMakeFiles/memory_arena_threshold_test.dir/Users/mac/2024S2/COMP2560/pico/pico-sdk/lib/tinyusb/src/device/usbd_control.c.obj
                0x10005bbc                usbd_control_set_request
 .text.usbd_control_xfer_cb
                0x10005bd8       0xf4 CMakeFiles/memory_arena_threshold_test.dir/Users/mac/2024S2/COMP2560/pico/pico-sdk/lib/tinyusb/src/device/usbd_control.c.obj
                0x10005bd8                usbd_control_xfer_cb
 .text.tud_cdc_n_connected
                0x10005ccc       0x30 CMakeFiles/memory_arena_threshold_test.dir/Users/mac/2024S2/COMP2560/pico/pico-sdk/lib/tinyusb/src/class/cdc/cdc_device.c.obj
                0x10005ccc                tud_cdc_n_connected
 .text.tud_cdc_n_available
                0x10005cfc       0x18 CMakeFiles/memory_arena_threshold_test.dir/Users/mac/2024S2/COMP2560/pico/pico-sdk/lib/tinyusb/src/class/cdc/cdc_device.c.obj
                0x10005cfc                tud_cdc_n_available
 .text.tud_cdc_n_read
                0x10005d14       0x70 CMakeFiles/memory_arena_threshold_test.dir/Users/mac/2024S2/COMP2560/pico/pico-sdk/lib/tinyusb/src/class/cdc/cdc_device.c.obj
                0x10005d14                tud_cdc_n_read
 .text.tud_cdc_n_write_flush
                0x10005d84       0x78 CMakeFiles/memory_arena_threshold_test.dir/Users/mac/2024S2/COMP2560/pico/pico-sdk/lib/tinyusb/src/class/cdc/cdc_device.c.obj
                0x10005d84                tud_cdc_n_write_flush
 .text.tud_cdc_n_write
                0x10005dfc       0x34 CMakeFiles/memory_arena_threshold_test.dir/Users/mac/2024S2/COMP2560/pico/pico-sdk/lib/tinyusb/src/class/cdc/cdc_device.c.obj
                0x10005dfc                tud_cdc_n_write
 .text.tud_cdc_n_write_available
                0x10005e30       0x18 CMakeFiles/memory_arena_threshold_test.dir/Users/mac/2024S2/COMP2560/pico/pico-sdk/lib/tinyusb/src/class/cdc/cdc_device.c.obj
                0x10005e30                tud_cdc_n_write_available
 .text.cdcd_init
                0x10005e48       0x7c CMakeFiles/memory_arena_threshold_test.dir/Users/mac/2024S2/COMP2560/pico/pico-sdk/lib/tinyusb/src/class/cdc/cdc_device.c.obj
                0x10005e48                cdcd_init
 .text.cdcd_reset
                0x10005ec4       0x2c CMakeFiles/memory_arena_threshold_test.dir/Users/mac/2024S2/COMP2560/pico/pico-sdk/lib/tinyusb/src/class/cdc/cdc_device.c.obj
                0x10005ec4                cdcd_reset
 .text.cdcd_open
                0x10005ef0       0xe4 CMakeFiles/memory_arena_threshold_test.dir/Users/mac/2024S2/COMP2560/pico/pico-sdk/lib/tinyusb/src/class/cdc/cdc_device.c.obj
                0x10005ef0                cdcd_open
 .text.cdcd_control_xfer_cb
                0x10005fd4       0xe4 CMakeFiles/memory_arena_threshold_test.dir/Users/mac/2024S2/COMP2560/pico/pico-sdk/lib/tinyusb/src/class/cdc/cdc_device.c.obj
                0x10005fd4                cdcd_control_xfer_cb
 .text.cdcd_xfer_cb
                0x100060b8      0x13c CMakeFiles/memory_arena_threshold_test.dir/Users/mac/2024S2/COMP2560/pico/pico-sdk/lib/tinyusb/src/class/cdc/cdc_device.c.obj
                0x100060b8                cdcd_xfer_cb
 .text.tusb_init
                0x100061f4        0xc CMakeFiles/memory_arena_threshold_test.dir/Users/mac/2024S2/COMP2560/pico/pico-sdk/lib/tinyusb/src/tusb.c.obj
                0x100061f4                tusb_init
 .text.tusb_inited
                0x10006200        0x8 CMakeFiles/memory_arena_threshold_test.dir/Users/mac/2024S2/COMP2560/pico/pico-sdk/lib/tinyusb/src/tusb.c.obj
                0x10006200                tusb_inited
 .text.tu_edpt_claim
                0x10006208       0x50 CMakeFiles/memory_arena_threshold_test.dir/Users/mac/2024S2/COMP2560/pico/pico-sdk/lib/tinyusb/src/tusb.c.obj
                0x10006208                tu_edpt_claim
 .text.tu_edpt_release
                0x10006258       0x38 CMakeFiles/memory_arena_threshold_test.dir/Users/mac/2024S2/COMP2560/pico/pico-sdk/lib/tinyusb/src/tusb.c.obj
                0x10006258                tu_edpt_release
 .text.tu_edpt_validate
                0x10006290       0x7c CMakeFiles/memory_arena_threshold_test.dir/Users/mac/2024S2/COMP2560/pico/pico-sdk/lib/tinyusb/src/tusb.c.obj
                0x10006290                tu_edpt_validate
 .text.tu_edpt_bind_driver
                0x1000630c       0x34 CMakeFiles/memory_arena_threshold_test.dir/Users/mac/2024S2/COMP2560/pico/pico-sdk/lib/tinyusb/src/tusb.c.obj
                0x1000630c                tu_edpt_bind_driver
 .text.tu_fifo_config
                0x10006340       0x6c CMakeFiles/memory_arena_threshold_test.dir/Users/mac/2024S2/COMP2560/pico/pico-sdk/lib/tinyusb/src/common/tusb_fifo.c.obj
                0x10006340                tu_fifo_config
 .text.tu_fifo_count
                0x100063ac       0x2c CMakeFiles/memory_arena_threshold_test.dir/Users/mac/2024S2/COMP2560/pico/pico-sdk/lib/tinyusb/src/common/tusb_fifo.c.obj
                0x100063ac                tu_fifo_count
 .text.tu_fifo_empty
                0x100063d8       0x10 CMakeFiles/memory_arena_threshold_test.dir/Users/mac/2024S2/COMP2560/pico/pico-sdk/lib/tinyusb/src/common/tusb_fifo.c.obj
                0x100063d8                tu_fifo_empty
 .text.tu_fifo_remaining
                0x100063e8       0x2c CMakeFiles/memory_arena_threshold_test.dir/Users/mac/2024S2/COMP2560/pico/pico-sdk/lib/tinyusb/src/common/tusb_fifo.c.obj
                0x100063e8                tu_fifo_remaining
 .text.tu_fifo_read
                0x10006414       0x9c CMakeFiles/memory_arena_threshold_test.dir/Users/mac/2024S2/COMP2560/pico/pico-sdk/lib/tinyusb/src/common/tusb_fifo.c.obj
                0x10006414                tu_fifo_read
 .text.tu_fifo_read_n
                0x100064b0       0xe8 CMakeFiles/memory_arena_threshold_test.dir/Users/mac/2024S2/COMP2560/pico/pico-sdk/lib/tinyusb/src/common/tusb_fifo.c.obj
                0x100064b0                tu_fifo_read_n
 .text.tu_fifo_write
                0x10006598       0xa8 CMakeFiles/memory_arena_threshold_test.dir/Users/mac/2024S2/COMP2560/pico/pico-sdk/lib/tinyusb/src/common/tusb_fifo.c.obj
                0x10006598                tu_fifo_write
 .text.tu_fifo_write_n
                0x10006640      0x178 CMakeFiles/memory_arena_threshold_test.dir/Users/mac/2024S2/COMP2560/pico/pico-sdk/lib/tinyusb/src/common/tusb_fifo.c.obj
                0x10006640                tu_fifo_write_n
 .text.tu_fifo_clear
                0x100067b8       0x40 CMakeFiles/memory_arena_threshold_test.dir/Users/mac/2024S2/COMP2560/pico/pico-sdk/lib/tinyusb/src/common/tusb_fifo.c.obj
                0x100067b8                tu_fifo_clear
 .text.tu_fifo_set_overwritable
                0x100067f8       0x48 CMakeFiles/memory_arena_threshold_test.dir/Users/mac/2024S2/COMP2560/pico/pico-sdk/lib/tinyusb/src/common/tusb_fifo.c.obj
                0x100067f8                tu_fifo_set_overwritable
 .text.core1_trampoline
                0x10006840        0x4 CMakeFiles/memory_arena_threshold_test.dir/Users/mac/2024S2/COMP2560/pico/pico-sdk/src/rp2_common/pico_multicore/multicore.c.obj
 .text.core1_wrapper
                0x10006844        0xc CMakeFiles/memory_arena_threshold_test.dir/Users/mac/2024S2/COMP2560/pico/pico-sdk/src/rp2_common/pico_multicore/multicore.c.obj
                0x10006844                core1_wrapper
 .text.multicore_fifo_push_blocking
                0x10006850       0x14 CMakeFiles/memory_arena_threshold_test.dir/Users/mac/2024S2/COMP2560/pico/pico-sdk/src/rp2_common/pico_multicore/multicore.c.obj
                0x10006850                multicore_fifo_push_blocking
 .text.multicore_fifo_pop_blocking
                0x10006864       0x1c CMakeFiles/memory_arena_threshold_test.dir/Users/mac/2024S2/COMP2560/pico/pico-sdk/src/rp2_common/pico_multicore/multicore.c.obj
                0x10006864                multicore_fifo_pop_blocking
 .text.multicore_reset_core1
                0x10006880       0x24 CMakeFiles/memory_arena_threshold_test.dir/Users/mac/2024S2/COMP2560/pico/pico-sdk/src/rp2_common/pico_multicore/multicore.c.obj
                0x10006880                multicore_reset_core1
 .text.multicore_launch_core1_raw
                0x100068a4       0x84 CMakeFiles/memory_arena_threshold_test.dir/Users/mac/2024S2/COMP2560/pico/pico-sdk/src/rp2_common/pico_multicore/multicore.c.obj
                0x100068a4                multicore_launch_core1_raw
 .text.multicore_launch_core1
                0x10006928       0x58 CMakeFiles/memory_arena_threshold_test.dir/Users/mac/2024S2/COMP2560/pico/pico-sdk/src/rp2_common/pico_multicore/multicore.c.obj
                0x10006928                multicore_launch_core1
 .text._ZN6tflite17ConvertTensorTypeENS_10TensorTypeEP10TfLiteTypePNS_13ErrorReporterE
                0x10006980       0x9c ../../libpico-tflmicro.a(flatbuffer_conversions.cpp.obj)
                0x10006980                tflite::ConvertTensorType(tflite::TensorType, TfLiteType*, tflite::ErrorReporter*)
 .text._ZN6tflite11ParseConv2DEPKNS_8OperatorEPNS_13ErrorReporterEPNS_20BuiltinDataAllocatorEPPv
                0x10006a1c      0x130 ../../libpico-tflmicro.a(flatbuffer_conversions.cpp.obj)
                0x10006a1c                tflite::ParseConv2D(tflite::Operator const*, tflite::ErrorReporter*, tflite::BuiltinDataAllocator*, void**)
 .text._ZN6tflite15ParseDequantizeEPKNS_8OperatorEPNS_13ErrorReporterEPNS_20BuiltinDataAllocatorEPPv
                0x10006b4c        0x4 ../../libpico-tflmicro.a(flatbuffer_conversions.cpp.obj)
                0x10006b4c                tflite::ParseDequantize(tflite::Operator const*, tflite::ErrorReporter*, tflite::BuiltinDataAllocator*, void**)
 .text._ZN6tflite19ParseFullyConnectedEPKNS_8OperatorEPNS_13ErrorReporterEPNS_20BuiltinDataAllocatorEPPv
                0x10006b50      0x12c ../../libpico-tflmicro.a(flatbuffer_conversions.cpp.obj)
                0x10006b50                tflite::ParseFullyConnected(tflite::Operator const*, tflite::ErrorReporter*, tflite::BuiltinDataAllocator*, void**)
 .text._ZN6tflite9ParsePoolEPKNS_8OperatorEPNS_13ErrorReporterEPNS_20BuiltinDataAllocatorEPPv
                0x10006c7c       0xc8 ../../libpico-tflmicro.a(flatbuffer_conversions.cpp.obj)
                0x10006c7c                tflite::ParsePool(tflite::Operator const*, tflite::ErrorReporter*, tflite::BuiltinDataAllocator*, void**)
 .text._ZN6tflite13ParseQuantizeEPKNS_8OperatorEPNS_13ErrorReporterEPNS_20BuiltinDataAllocatorEPPv
                0x10006d44        0x4 ../../libpico-tflmicro.a(flatbuffer_conversions.cpp.obj)
                0x10006d44                tflite::ParseQuantize(tflite::Operator const*, tflite::ErrorReporter*, tflite::BuiltinDataAllocator*, void**)
 .text._ZN6tflite12ParseReshapeEPKNS_8OperatorEPNS_13ErrorReporterEPNS_20BuiltinDataAllocatorEPPv
                0x10006d48       0xd8 ../../libpico-tflmicro.a(flatbuffer_conversions.cpp.obj)
                0x10006d48                tflite::ParseReshape(tflite::Operator const*, tflite::ErrorReporter*, tflite::BuiltinDataAllocator*, void**)
 .text._ZN6tflite12ParseSoftmaxEPKNS_8OperatorEPNS_13ErrorReporterEPNS_20BuiltinDataAllocatorEPPv
                0x10006e20       0x58 ../../libpico-tflmicro.a(flatbuffer_conversions.cpp.obj)
                0x10006e20                tflite::ParseSoftmax(tflite::Operator const*, tflite::ErrorReporter*, tflite::BuiltinDataAllocator*, void**)
 .text._ZN6tflite9ParseSvdfEPKNS_8OperatorEPNS_13ErrorReporterEPNS_20BuiltinDataAllocatorEPPv
                0x10006e78       0xac ../../libpico-tflmicro.a(flatbuffer_conversions.cpp.obj)
                0x10006e78                tflite::ParseSvdf(tflite::Operator const*, tflite::ErrorReporter*, tflite::BuiltinDataAllocator*, void**)
 .text._ZN6tflite35RecordingSingleArenaBufferAllocatorD0Ev
                0x10006f24       0x18 ../../libpico-tflmicro.a(recording_single_arena_buffer_allocator.cpp.obj)
                0x10006f24                tflite::RecordingSingleArenaBufferAllocator::~RecordingSingleArenaBufferAllocator()
                0x10006f24                tflite::RecordingSingleArenaBufferAllocator::~RecordingSingleArenaBufferAllocator()
                0x10006f24                tflite::RecordingSingleArenaBufferAllocator::~RecordingSingleArenaBufferAllocator()
 .text._ZN6tflite35RecordingSingleArenaBufferAllocator12ResizeBufferEPhjj
                0x10006f3c       0x40 ../../libpico-tflmicro.a(recording_single_arena_buffer_allocator.cpp.obj)
                0x10006f3c                tflite::RecordingSingleArenaBufferAllocator::ResizeBuffer(unsigned char*, unsigned int, unsigned int)
 .text._ZN6tflite35RecordingSingleArenaBufferAllocator24AllocatePersistentBufferEjj
                0x10006f7c       0x3c ../../libpico-tflmicro.a(recording_single_arena_buffer_allocator.cpp.obj)
                0x10006f7c                tflite::RecordingSingleArenaBufferAllocator::AllocatePersistentBuffer(unsigned int, unsigned int)
 .text._ZThn4_N6tflite35RecordingSingleArenaBufferAllocatorD0Ev
                0x10006fb8       0x1c ../../libpico-tflmicro.a(recording_single_arena_buffer_allocator.cpp.obj)
                0x10006fb8                non-virtual thunk to tflite::RecordingSingleArenaBufferAllocator::~RecordingSingleArenaBufferAllocator()
 .text._ZThn4_N6tflite35RecordingSingleArenaBufferAllocatorD1Ev
                0x10006fd4       0x1c ../../libpico-tflmicro.a(recording_single_arena_buffer_allocator.cpp.obj)
                0x10006fd4                non-virtual thunk to tflite::RecordingSingleArenaBufferAllocator::~RecordingSingleArenaBufferAllocator()
 .text._ZThn4_N6tflite35RecordingSingleArenaBufferAllocator24AllocatePersistentBufferEjj
                0x10006ff0       0x3c ../../libpico-tflmicro.a(recording_single_arena_buffer_allocator.cpp.obj)
                0x10006ff0                non-virtual thunk to tflite::RecordingSingleArenaBufferAllocator::AllocatePersistentBuffer(unsigned int, unsigned int)
 .text._ZN6tflite35RecordingSingleArenaBufferAllocator6CreateEPhj
                0x1000702c       0xb0 ../../libpico-tflmicro.a(recording_single_arena_buffer_allocator.cpp.obj)
                0x1000702c                tflite::RecordingSingleArenaBufferAllocator::Create(unsigned char*, unsigned int)
 .text._ZNK6tflite35RecordingSingleArenaBufferAllocator17GetRequestedBytesEv
                0x100070dc        0x8 ../../libpico-tflmicro.a(recording_single_arena_buffer_allocator.cpp.obj)
                0x100070dc                tflite::RecordingSingleArenaBufferAllocator::GetRequestedBytes() const
 .text._ZNK6tflite35RecordingSingleArenaBufferAllocator12GetUsedBytesEv
                0x100070e4        0x4 ../../libpico-tflmicro.a(recording_single_arena_buffer_allocator.cpp.obj)
                0x100070e4                tflite::RecordingSingleArenaBufferAllocator::GetUsedBytes() const
 .text._ZNK6tflite35RecordingSingleArenaBufferAllocator17GetAllocatedCountEv
                0x100070e8        0x4 ../../libpico-tflmicro.a(recording_single_arena_buffer_allocator.cpp.obj)
                0x100070e8                tflite::RecordingSingleArenaBufferAllocator::GetAllocatedCount() const
 .text._ZN6tflite26SingleArenaBufferAllocatorD0Ev
                0x100070ec        0x4 ../../libpico-tflmicro.a(single_arena_buffer_allocator.cpp.obj)
                0x100070ec                tflite::SingleArenaBufferAllocator::~SingleArenaBufferAllocator()
                0x100070ec                tflite::SingleArenaBufferAllocator::~SingleArenaBufferAllocator()
                0x100070ec                tflite::SingleArenaBufferAllocator::~SingleArenaBufferAllocator()
 .text._ZN6tflite26SingleArenaBufferAllocator14DeallocateTempEPh
                0x100070f0       0x10 ../../libpico-tflmicro.a(single_arena_buffer_allocator.cpp.obj)
                0x100070f0                tflite::SingleArenaBufferAllocator::DeallocateTemp(unsigned char*)
 .text._ZNK6tflite26SingleArenaBufferAllocator23GetOverlayMemoryAddressEv
                0x10007100        0x4 ../../libpico-tflmicro.a(single_arena_buffer_allocator.cpp.obj)
                0x10007100                tflite::SingleArenaBufferAllocator::GetOverlayMemoryAddress() const
 .text._ZNK6tflite26SingleArenaBufferAllocator25GetNonPersistentUsedBytesEv
                0x10007104       0x10 ../../libpico-tflmicro.a(single_arena_buffer_allocator.cpp.obj)
                0x10007104                tflite::SingleArenaBufferAllocator::GetNonPersistentUsedBytes() const
 .text._ZNK6tflite26SingleArenaBufferAllocator22GetPersistentUsedBytesEv
                0x10007114        0x8 ../../libpico-tflmicro.a(single_arena_buffer_allocator.cpp.obj)
                0x10007114                tflite::SingleArenaBufferAllocator::GetPersistentUsedBytes() const
 .text._ZN6tflite26SingleArenaBufferAllocator12ResizeBufferEPhjj
                0x1000711c       0x58 ../../libpico-tflmicro.a(single_arena_buffer_allocator.cpp.obj)
                0x1000711c                tflite::SingleArenaBufferAllocator::ResizeBuffer(unsigned char*, unsigned int, unsigned int)
 .text._ZN6tflite26SingleArenaBufferAllocator12AllocateTempEjj
                0x10007174       0x3c ../../libpico-tflmicro.a(single_arena_buffer_allocator.cpp.obj)
                0x10007174                tflite::SingleArenaBufferAllocator::AllocateTemp(unsigned int, unsigned int)
 .text._ZN6tflite26SingleArenaBufferAllocator20IsAllTempDeallocatedEv
                0x100071b0       0x20 ../../libpico-tflmicro.a(single_arena_buffer_allocator.cpp.obj)
                0x100071b0                tflite::SingleArenaBufferAllocator::IsAllTempDeallocated()
 .text._ZN6tflite26SingleArenaBufferAllocator24AllocatePersistentBufferEjj
                0x100071d0       0x30 ../../libpico-tflmicro.a(single_arena_buffer_allocator.cpp.obj)
                0x100071d0                tflite::SingleArenaBufferAllocator::AllocatePersistentBuffer(unsigned int, unsigned int)
 .text._ZNK6tflite26SingleArenaBufferAllocator18GetAvailableMemoryEj
                0x10007200       0x1c ../../libpico-tflmicro.a(single_arena_buffer_allocator.cpp.obj)
                0x10007200                tflite::SingleArenaBufferAllocator::GetAvailableMemory(unsigned int) const
 .text._ZThn4_N6tflite26SingleArenaBufferAllocatorD1Ev
                0x1000721c        0x4 ../../libpico-tflmicro.a(single_arena_buffer_allocator.cpp.obj)
                0x1000721c                non-virtual thunk to tflite::SingleArenaBufferAllocator::~SingleArenaBufferAllocator()
 .text._ZThn4_N6tflite26SingleArenaBufferAllocatorD0Ev
                0x10007220        0x4 ../../libpico-tflmicro.a(single_arena_buffer_allocator.cpp.obj)
                0x10007220                non-virtual thunk to tflite::SingleArenaBufferAllocator::~SingleArenaBufferAllocator()
 .text._ZThn4_NK6tflite26SingleArenaBufferAllocator22GetPersistentUsedBytesEv
                0x10007224        0xc ../../libpico-tflmicro.a(single_arena_buffer_allocator.cpp.obj)
                0x10007224                non-virtual thunk to tflite::SingleArenaBufferAllocator::GetPersistentUsedBytes() const
 .text._ZN6tflite26SingleArenaBufferAllocator20ResetTempAllocationsEv
                0x10007230       0x48 ../../libpico-tflmicro.a(single_arena_buffer_allocator.cpp.obj)
                0x10007230                tflite::SingleArenaBufferAllocator::ResetTempAllocations()
 .text._ZThn4_N6tflite26SingleArenaBufferAllocator24AllocatePersistentBufferEjj
                0x10007278       0x30 ../../libpico-tflmicro.a(single_arena_buffer_allocator.cpp.obj)
                0x10007278                non-virtual thunk to tflite::SingleArenaBufferAllocator::AllocatePersistentBuffer(unsigned int, unsigned int)
 .text._ZN6tflite26SingleArenaBufferAllocator25DeallocateResizableBufferEPh
                0x100072a8       0x50 ../../libpico-tflmicro.a(single_arena_buffer_allocator.cpp.obj)
                0x100072a8                tflite::SingleArenaBufferAllocator::DeallocateResizableBuffer(unsigned char*)
 .text._ZN6tflite26SingleArenaBufferAllocator33ReserveNonPersistentOverlayMemoryEjj
                0x100072f8       0x84 ../../libpico-tflmicro.a(single_arena_buffer_allocator.cpp.obj)
                0x100072f8                tflite::SingleArenaBufferAllocator::ReserveNonPersistentOverlayMemory(unsigned int, unsigned int)
 .text._ZN6tflite26SingleArenaBufferAllocator23AllocateResizableBufferEjj
                0x1000737c       0x88 ../../libpico-tflmicro.a(single_arena_buffer_allocator.cpp.obj)
                0x1000737c                tflite::SingleArenaBufferAllocator::AllocateResizableBuffer(unsigned int, unsigned int)
 .text._ZN6tflite26SingleArenaBufferAllocatorC2EPhj
                0x10007404       0x20 ../../libpico-tflmicro.a(single_arena_buffer_allocator.cpp.obj)
                0x10007404                tflite::SingleArenaBufferAllocator::SingleArenaBufferAllocator(unsigned char*, unsigned int)
                0x10007404                tflite::SingleArenaBufferAllocator::SingleArenaBufferAllocator(unsigned char*, unsigned int)
 .text._ZNK6tflite26SingleArenaBufferAllocator4headEv
                0x10007424        0x4 ../../libpico-tflmicro.a(single_arena_buffer_allocator.cpp.obj)
                0x10007424                tflite::SingleArenaBufferAllocator::head() const
 .text._ZNK6tflite26SingleArenaBufferAllocator4tailEv
                0x10007428        0x4 ../../libpico-tflmicro.a(single_arena_buffer_allocator.cpp.obj)
                0x10007428                tflite::SingleArenaBufferAllocator::tail() const
 .text._ZN6tflite12_GLOBAL__N_14InitEP13TfLiteContextPKcj
                0x1000742c        0xc ../../libpico-tflmicro.a(conv.cpp.obj)
 .text._ZN6tflite12_GLOBAL__N_17PrepareEP13TfLiteContextP10TfLiteNode
                0x10007438      0x444 ../../libpico-tflmicro.a(conv.cpp.obj)
 .text._ZN6tflite12_GLOBAL__N_123EvalQuantizedPerChannelIsxL10TfLiteType7EEE12TfLiteStatusP13TfLiteContextP10TfLiteNodeRK16TfLiteConvParamsRKNS0_6OpDataEPK16TfLiteEvalTensorSG_SG_PSE_.isra.0
                0x1000787c       0xf8 ../../libpico-tflmicro.a(conv.cpp.obj)
 .text._ZN6tflite12_GLOBAL__N_14EvalEP13TfLiteContextP10TfLiteNode
                0x10007974      0x924 ../../libpico-tflmicro.a(conv.cpp.obj)
 .text._ZN6tflite16Register_CONV_2DEv
                0x10008298       0x2c ../../libpico-tflmicro.a(conv.cpp.obj)
                0x10008298                tflite::Register_CONV_2D()
 .text._ZN6tflite12_GLOBAL__N_14InitEP13TfLiteContextPKcj
                0x100082c4        0xc ../../libpico-tflmicro.a(fully_connected.cpp.obj)
 .text._ZN6tflite12_GLOBAL__N_17PrepareEP13TfLiteContextP10TfLiteNode
                0x100082d0      0x2e4 ../../libpico-tflmicro.a(fully_connected.cpp.obj)
 .text._ZN6tflite12_GLOBAL__N_118EvalQuantizedInt16EP13TfLiteContextP10TfLiteNodeRKNS0_6OpDataEPK16TfLiteEvalTensorSA_SA_PS8_.isra.0
                0x100085b4      0x108 ../../libpico-tflmicro.a(fully_connected.cpp.obj)
 .text._ZN6tflite12_GLOBAL__N_117EvalQuantizedInt8EP13TfLiteContextP10TfLiteNodeRKNS0_6OpDataEPK16TfLiteEvalTensorSA_SA_PS8_.isra.0
                0x100086bc      0x234 ../../libpico-tflmicro.a(fully_connected.cpp.obj)
 .text._ZN6tflite12_GLOBAL__N_18EvalInt8EP13TfLiteContextP10TfLiteNode
                0x100088f0       0x88 ../../libpico-tflmicro.a(fully_connected.cpp.obj)
 .text._ZN6tflite12_GLOBAL__N_117EvalQuantizedInt4EP13TfLiteContextP10TfLiteNodeRKNS0_6OpDataEPK16TfLiteEvalTensorSA_SA_PS8_.isra.0
                0x10008978      0x118 ../../libpico-tflmicro.a(fully_connected.cpp.obj)
 .text._ZN6tflite12_GLOBAL__N_14EvalEP13TfLiteContextP10TfLiteNode
                0x10008a90      0x298 ../../libpico-tflmicro.a(fully_connected.cpp.obj)
 .text._ZN6tflite24Register_FULLY_CONNECTEDEv
                0x10008d28       0x2c ../../libpico-tflmicro.a(fully_connected.cpp.obj)
                0x10008d28                tflite::Register_FULLY_CONNECTED()
 .text._ZN6tflite29Register_FULLY_CONNECTED_INT8Ev
                0x10008d54       0x2c ../../libpico-tflmicro.a(fully_connected.cpp.obj)
                0x10008d54                tflite::Register_FULLY_CONNECTED_INT8()
 .text._ZN6tflite12_GLOBAL__N_14InitEP13TfLiteContextPKcj
                0x10008d80        0xc ../../libpico-tflmicro.a(pooling.cpp.obj)
 .text._ZN6tflite12_GLOBAL__N_110MaxPrepareEP13TfLiteContextP10TfLiteNode
                0x10008d8c       0x18 ../../libpico-tflmicro.a(pooling.cpp.obj)
 .text._ZN6tflite12_GLOBAL__N_116MaxEvalQuantizedEP13TfLiteContextPK10TfLiteNodePK16TfLitePoolParamsRKNS0_6OpDataEPK16TfLiteEvalTensorPSC_.isra.0
                0x10008da4       0xc4 ../../libpico-tflmicro.a(pooling.cpp.obj)
 .text._ZN6tflite12_GLOBAL__N_17MaxEvalEP13TfLiteContextP10TfLiteNode
                0x10008e68       0x84 ../../libpico-tflmicro.a(pooling.cpp.obj)
 .text._ZN6tflite20Register_MAX_POOL_2DEv
                0x10008eec       0x2c ../../libpico-tflmicro.a(pooling.cpp.obj)
                0x10008eec                tflite::Register_MAX_POOL_2D()
 .text._ZN6tflite12_GLOBAL__N_14InitEP13TfLiteContextPKcj
                0x10008f18        0xc ../../libpico-tflmicro.a(softmax.cpp.obj)
 .text._ZN6tflite12_GLOBAL__N_121SoftmaxEvalInt8_Int16EP13TfLiteContextP10TfLiteNode
                0x10008f24       0x3c ../../libpico-tflmicro.a(softmax.cpp.obj)
 .text._ZN6tflite12_GLOBAL__N_17PrepareEP13TfLiteContextP10TfLiteNode
                0x10008f60      0x190 ../../libpico-tflmicro.a(softmax.cpp.obj)
 .text._ZN6tflite27Register_SOFTMAX_INT8_INT16Ev
                0x100090f0       0x2c ../../libpico-tflmicro.a(softmax.cpp.obj)
                0x100090f0                tflite::Register_SOFTMAX_INT8_INT16()
 .text._ZN6tflite12_GLOBAL__N_14InitEP13TfLiteContextPKcj
                0x1000911c        0xc ../../libpico-tflmicro.a(svdf.cpp.obj)
 .text._ZN6tflite12_GLOBAL__N_118CmsisNnPrepareSvdfEP13TfLiteContextP10TfLiteNode
                0x10009128      0x77c ../../libpico-tflmicro.a(svdf.cpp.obj)
 .text._ZN6tflite12_GLOBAL__N_115EvalIntegerSVDFEP13TfLiteContextP10TfLiteNodePK16TfLiteEvalTensorS7_S7_S7_PK16TfLiteSVDFParamsPS5_SB_RKNS0_17CmsisNnOpDataSvdfE.isra.0
                0x100098a4      0x15c ../../libpico-tflmicro.a(svdf.cpp.obj)
 .text._ZN6tflite12_GLOBAL__N_112EvalSvdfInt8EP13TfLiteContextP10TfLiteNode
                0x10009a00       0xbc ../../libpico-tflmicro.a(svdf.cpp.obj)
 .text._ZN6tflite18Register_SVDF_INT8Ev
                0x10009abc       0x2c ../../libpico-tflmicro.a(svdf.cpp.obj)
                0x10009abc                tflite::Register_SVDF_INT8()
 .text._ZN6tflite15ConvParamsFloatERK16TfLiteConvParamsRKNS_10OpDataConvE
                0x10009ae8       0x68 ../../libpico-tflmicro.a(conv_common.cpp.obj)
                0x10009ae8                tflite::ConvParamsFloat(TfLiteConvParams const&, tflite::OpDataConv const&)
 .text._ZN6tflite19ConvParamsQuantizedERK16TfLiteConvParamsRKNS_10OpDataConvE
                0x10009b50       0x50 ../../libpico-tflmicro.a(conv_common.cpp.obj)
                0x10009b50                tflite::ConvParamsQuantized(TfLiteConvParams const&, tflite::OpDataConv const&)
 .text._ZN6tflite19CalculateOpDataConvEP13TfLiteContextP10TfLiteNodeRK16TfLiteConvParamsiiiiii10TfLiteTypePNS_10OpDataConvE
                0x10009ba0      0x278 ../../libpico-tflmicro.a(conv_common.cpp.obj)
                0x10009ba0                tflite::CalculateOpDataConv(TfLiteContext*, TfLiteNode*, TfLiteConvParams const&, int, int, int, int, int, int, TfLiteType, tflite::OpDataConv*)
 .text._ZN6tflite14DequantizeInitEP13TfLiteContextPKcj
                0x10009e18        0xc ../../libpico-tflmicro.a(dequantize.cpp.obj)
                0x10009e18                tflite::DequantizeInit(TfLiteContext*, char const*, unsigned int)
 .text._ZN6tflite14DequantizeEvalEP13TfLiteContextP10TfLiteNode
                0x10009e24      0x1f0 ../../libpico-tflmicro.a(dequantize.cpp.obj)
                0x10009e24                tflite::DequantizeEval(TfLiteContext*, TfLiteNode*)
 .text._ZN6tflite19Register_DEQUANTIZEEv
                0x1000a014       0x2c ../../libpico-tflmicro.a(dequantize.cpp.obj)
                0x1000a014                tflite::Register_DEQUANTIZE()
 .text._ZN6tflite17DequantizePrepareEP13TfLiteContextP10TfLiteNode
                0x1000a040      0x154 ../../libpico-tflmicro.a(dequantize_common.cpp.obj)
                0x1000a040                tflite::DequantizePrepare(TfLiteContext*, TfLiteNode*)
 .text._ZN6tflite25FullyConnectedParamsFloatE21TfLiteFusedActivation
                0x1000a194       0x3c ../../libpico-tflmicro.a(fully_connected_common.cpp.obj)
                0x1000a194                tflite::FullyConnectedParamsFloat(TfLiteFusedActivation)
 .text._ZN6tflite29CalculateOpDataFullyConnectedEP13TfLiteContext21TfLiteFusedActivation10TfLiteTypePK12TfLiteTensorS6_S6_PS4_PNS_20OpDataFullyConnectedE
                0x1000a1d0       0x68 ../../libpico-tflmicro.a(fully_connected_common.cpp.obj)
                0x1000a1d0                tflite::CalculateOpDataFullyConnected(TfLiteContext*, TfLiteFusedActivation, TfLiteType, TfLiteTensor const*, TfLiteTensor const*, TfLiteTensor const*, TfLiteTensor*, tflite::OpDataFullyConnected*)
 .text._ZN6tflite5micro10RegisterOpEPFPvP13TfLiteContextPKcjEPF12TfLiteStatusS3_P10TfLiteNodeESC_PFvS3_S1_ESE_
                0x1000a238       0x18 ../../libpico-tflmicro.a(kernel_util.cpp.obj)
                0x1000a238                tflite::micro::RegisterOp(void* (*)(TfLiteContext*, char const*, unsigned int), TfLiteStatus (*)(TfLiteContext*, TfLiteNode*), TfLiteStatus (*)(TfLiteContext*, TfLiteNode*), void (*)(TfLiteContext*, void*), void (*)(TfLiteContext*, void*))
 .text._ZN6tflite5micro19GetMutableEvalInputEPK13TfLiteContextPK10TfLiteNodei
                0x1000a250       0x28 ../../libpico-tflmicro.a(kernel_util.cpp.obj)
                0x1000a250                tflite::micro::GetMutableEvalInput(TfLiteContext const*, TfLiteNode const*, int)
 .text._ZN6tflite5micro12GetEvalInputEPK13TfLiteContextPK10TfLiteNodei
                0x1000a278       0x28 ../../libpico-tflmicro.a(kernel_util.cpp.obj)
                0x1000a278                tflite::micro::GetEvalInput(TfLiteContext const*, TfLiteNode const*, int)
 .text._ZN6tflite5micro13GetEvalOutputEPK13TfLiteContextPK10TfLiteNodei
                0x1000a2a0       0x10 ../../libpico-tflmicro.a(kernel_util.cpp.obj)
                0x1000a2a0                tflite::micro::GetEvalOutput(TfLiteContext const*, TfLiteNode const*, int)
 .text._ZN6tflite5micro14GetTensorShapeEPK16TfLiteEvalTensor
                0x1000a2b0       0x24 ../../libpico-tflmicro.a(kernel_util.cpp.obj)
                0x1000a2b0                tflite::micro::GetTensorShape(TfLiteEvalTensor const*)
 .text._ZN6tflite5micro18RuntimePaddingTypeE13TfLitePadding
                0x1000a2d4       0x14 ../../libpico-tflmicro.a(kernel_util.cpp.obj)
                0x1000a2d4                tflite::micro::RuntimePaddingType(TfLitePadding)
 .text._ZN6tflite5micro32CreateWritableTensorDimsWithCopyEP13TfLiteContextP12TfLiteTensorP16TfLiteEvalTensor
                0x1000a2e8       0x90 ../../libpico-tflmicro.a(kernel_util.cpp.obj)
                0x1000a2e8                tflite::micro::CreateWritableTensorDimsWithCopy(TfLiteContext*, TfLiteTensor*, TfLiteEvalTensor*)
 .text._ZN6tflite22CalculateOpDataPoolingEPK13TfLiteContextPK16TfLitePoolParamsPK12TfLiteTensorS8_PNS_13OpDataPoolingE
                0x1000a378       0xd8 ../../libpico-tflmicro.a(pooling_common.cpp.obj)
                0x1000a378                tflite::CalculateOpDataPooling(TfLiteContext const*, TfLitePoolParams const*, TfLiteTensor const*, TfLiteTensor const*, tflite::OpDataPooling*)
 .text._ZN6tflite14PoolingPrepareEP13TfLiteContextP10TfLiteNode
                0x1000a450      0x130 ../../libpico-tflmicro.a(pooling_common.cpp.obj)
                0x1000a450                tflite::PoolingPrepare(TfLiteContext*, TfLiteNode*)
 .text._ZN6tflite19MaxPoolingEvalFloatEP13TfLiteContextP10TfLiteNodeP16TfLitePoolParamsPKNS_13OpDataPoolingEPK16TfLiteEvalTensorPS9_
                0x1000a580      0x278 ../../libpico-tflmicro.a(pooling_common.cpp.obj)
                0x1000a580                tflite::MaxPoolingEvalFloat(TfLiteContext*, TfLiteNode*, TfLitePoolParams*, tflite::OpDataPooling const*, TfLiteEvalTensor const*, TfLiteEvalTensor*)
 .text._ZN6tflite12_GLOBAL__N_121InitQuantizeReferenceEP13TfLiteContextPKcj
                0x1000a7f8        0xc ../../libpico-tflmicro.a(quantize.cpp.obj)
 .text._ZN6tflite17Register_QUANTIZEEv
                0x1000a804       0x2c ../../libpico-tflmicro.a(quantize.cpp.obj)
                0x1000a804                tflite::Register_QUANTIZE()
 .text._ZN6tflite24PrepareQuantizeReferenceEP13TfLiteContextP10TfLiteNode
                0x1000a830      0x230 ../../libpico-tflmicro.a(quantize_common.cpp.obj)
                0x1000a830                tflite::PrepareQuantizeReference(TfLiteContext*, TfLiteNode*)
 .text._ZN6tflite21EvalQuantizeReferenceEP13TfLiteContextP10TfLiteNode
                0x1000aa60      0x5e8 ../../libpico-tflmicro.a(quantize_common.cpp.obj)
                0x1000aa60                tflite::EvalQuantizeReference(TfLiteContext*, TfLiteNode*)
 .text._ZN6tflite12_GLOBAL__N_120EvalReshapeReferenceEP13TfLiteContextP10TfLiteNode
                0x1000b048       0x48 ../../libpico-tflmicro.a(reshape.cpp.obj)
 .text._ZN6tflite16Register_RESHAPEEv
                0x1000b090       0x24 ../../libpico-tflmicro.a(reshape.cpp.obj)
                0x1000b090                tflite::Register_RESHAPE()
 .text._ZN6tflite12_GLOBAL__N_113ReshapeOutputEP13TfLiteContextP10TfLiteNode
                0x1000b0b4      0x1d8 ../../libpico-tflmicro.a(reshape_common.cpp.obj)
 .text._ZN6tflite23PrepareReshapeReferenceEP13TfLiteContextP10TfLiteNode
                0x1000b28c       0xa0 ../../libpico-tflmicro.a(reshape_common.cpp.obj)
                0x1000b28c                tflite::PrepareReshapeReference(TfLiteContext*, TfLiteNode*)
 .text._ZN6tflite22CalculateSoftmaxParamsEP13TfLiteContextPK12TfLiteTensorPS2_PK19TfLiteSoftmaxParamsPNS_13SoftmaxParamsE
                0x1000b32c      0x6bc ../../libpico-tflmicro.a(softmax_common.cpp.obj)
                0x1000b32c                tflite::CalculateSoftmaxParams(TfLiteContext*, TfLiteTensor const*, TfLiteTensor*, TfLiteSoftmaxParams const*, tflite::SoftmaxParams*)
 .text._ZN6tflite14AlignPointerUpEPhj
                0x1000b9e8       0x10 ../../libpico-tflmicro.a(memory_helpers.cpp.obj)
                0x1000b9e8                tflite::AlignPointerUp(unsigned char*, unsigned int)
 .text._ZN6tflite16AlignPointerDownEPhj
                0x1000b9f8        0xc ../../libpico-tflmicro.a(memory_helpers.cpp.obj)
                0x1000b9f8                tflite::AlignPointerDown(unsigned char*, unsigned int)
 .text._ZN6tflite11AlignSizeUpEjj
                0x1000ba04       0x10 ../../libpico-tflmicro.a(memory_helpers.cpp.obj)
                0x1000ba04                tflite::AlignSizeUp(unsigned int, unsigned int)
 .text._ZN6tflite16TfLiteTypeSizeOfE10TfLiteTypePj
                0x1000ba14       0x60 ../../libpico-tflmicro.a(memory_helpers.cpp.obj)
                0x1000ba14                tflite::TfLiteTypeSizeOf(TfLiteType, unsigned int*)
 .text._ZN6tflite22BytesRequiredForTensorERKNS_6TensorEPjS3_
                0x1000ba74       0x8c ../../libpico-tflmicro.a(memory_helpers.cpp.obj)
                0x1000ba74                tflite::BytesRequiredForTensor(tflite::Tensor const&, unsigned int*, unsigned int*)
 .text._ZN6tflite26TfLiteEvalTensorByteLengthEPK16TfLiteEvalTensorPj
                0x1000bb00       0x88 ../../libpico-tflmicro.a(memory_helpers.cpp.obj)
                0x1000bb00                tflite::TfLiteEvalTensorByteLength(TfLiteEvalTensor const*, unsigned int*)
 .text._ZN6tflite12MicroContext23AllocateTempInputTensorEPK10TfLiteNodei
                0x1000bb88       0x24 ../../libpico-tflmicro.a(micro_context.cpp.obj)
                0x1000bb88                tflite::MicroContext::AllocateTempInputTensor(TfLiteNode const*, int)
 .text._ZN6tflite12MicroContext24AllocateTempOutputTensorEPK10TfLiteNodei
                0x1000bbac       0x24 ../../libpico-tflmicro.a(micro_context.cpp.obj)
                0x1000bbac                tflite::MicroContext::AllocateTempOutputTensor(TfLiteNode const*, int)
 .text._ZN6tflite25MicroContextReportOpErrorEP13TfLiteContextPKcz
                0x1000bbd0       0x18 ../../libpico-tflmicro.a(micro_context.cpp.obj)
                0x1000bbd0                tflite::MicroContextReportOpError(TfLiteContext*, char const*, ...)
 .text._ZN6tflite36MicroContextAllocatePersistentBufferEP13TfLiteContextj
                0x1000bbe8        0xc ../../libpico-tflmicro.a(micro_interpreter.cpp.obj)
                0x1000bbe8                tflite::MicroContextAllocatePersistentBuffer(TfLiteContext*, unsigned int)
 .text._ZN6tflite39MicroContextRequestScratchBufferInArenaEP13TfLiteContextjPi
                0x1000bbf4        0xc ../../libpico-tflmicro.a(micro_interpreter.cpp.obj)
                0x1000bbf4                tflite::MicroContextRequestScratchBufferInArena(TfLiteContext*, unsigned int, int*)
 .text._ZN6tflite28MicroContextGetScratchBufferEP13TfLiteContexti
                0x1000bc00        0xc ../../libpico-tflmicro.a(micro_interpreter.cpp.obj)
                0x1000bc00                tflite::MicroContextGetScratchBuffer(TfLiteContext*, int)
 .text._ZN6tflite21MicroContextGetTensorEPK13TfLiteContexti
                0x1000bc0c        0xc ../../libpico-tflmicro.a(micro_interpreter.cpp.obj)
                0x1000bc0c                tflite::MicroContextGetTensor(TfLiteContext const*, int)
 .text._ZN6tflite25MicroContextGetEvalTensorEPK13TfLiteContexti
                0x1000bc18        0xc ../../libpico-tflmicro.a(micro_interpreter.cpp.obj)
                0x1000bc18                tflite::MicroContextGetEvalTensor(TfLiteContext const*, int)
 .text._ZN6tflite23MicroInterpreterContext16external_contextEv
                0x1000bc24        0x4 ../../libpico-tflmicro.a(micro_interpreter.cpp.obj)
                0x1000bc24                tflite::MicroInterpreterContext::external_context()
 .text._ZN6tflite30MicroContextGetExternalContextEP13TfLiteContext25TfLiteExternalContextType
                0x1000bc28       0x1c ../../libpico-tflmicro.a(micro_interpreter.cpp.obj)
                0x1000bc28                tflite::MicroContextGetExternalContext(TfLiteContext*, TfLiteExternalContextType)
 .text._ZN6tflite16MicroInterpreterC2EPKNS_5ModelERKNS_15MicroOpResolverEPNS_14MicroAllocatorEPNS_22MicroResourceVariablesEPNS_22MicroProfilerInterfaceE
                0x1000bc44       0xb4 ../../libpico-tflmicro.a(micro_interpreter.cpp.obj)
                0x1000bc44                tflite::MicroInterpreter::MicroInterpreter(tflite::Model const*, tflite::MicroOpResolver const&, tflite::MicroAllocator*, tflite::MicroResourceVariables*, tflite::MicroProfilerInterface*)
                0x1000bc44                tflite::MicroInterpreter::MicroInterpreter(tflite::Model const*, tflite::MicroOpResolver const&, tflite::MicroAllocator*, tflite::MicroResourceVariables*, tflite::MicroProfilerInterface*)
 .text._ZN6tflite16MicroInterpreterD2Ev
                0x1000bcf8       0x28 ../../libpico-tflmicro.a(micro_interpreter.cpp.obj)
                0x1000bcf8                tflite::MicroInterpreter::~MicroInterpreter()
                0x1000bcf8                tflite::MicroInterpreter::~MicroInterpreter()
 .text._ZN6tflite16MicroInterpreter44PrepareNodeAndRegistrationDataFromFlatbufferEv
                0x1000bd20      0x2dc ../../libpico-tflmicro.a(micro_interpreter.cpp.obj)
                0x1000bd20                tflite::MicroInterpreter::PrepareNodeAndRegistrationDataFromFlatbuffer()
 .text._ZN6tflite16MicroInterpreter15AllocateTensorsEv
                0x1000bffc      0x320 ../../libpico-tflmicro.a(micro_interpreter.cpp.obj)
                0x1000bffc                tflite::MicroInterpreter::AllocateTensors()
 .text._ZN6tflite23MicroInterpreterContext5graphEv
                0x1000c31c        0x4 ../../libpico-tflmicro.a(micro_interpreter_context.cpp.obj)
                0x1000c31c                tflite::MicroInterpreterContext::graph()
 .text._ZN6tflite23MicroInterpreterContextD0Ev