Archive member included to satisfy reference by file (symbol)

../../libpico-tflmicro.a(flatbuffer_conversions.cpp.obj)
                              CMakeFiles/impsy_test.dir/impsy_test.cpp.obj (tflite::ParseFullyConnected(tflite::Operator const*, tflite::ErrorReporter*, tflite::BuiltinDataAllocator*, void**))
../../libpico-tflmicro.a(fully_connected.cpp.obj)
                              CMakeFiles/impsy_test.dir/impsy_test.cpp.obj (tflite::Register_FULLY_CONNECTED())
../../libpico-tflmicro.a(fully_connected_common.cpp.obj)
                              ../../libpico-tflmicro.a(fully_connected.cpp.obj) (tflite::FullyConnectedParamsFloat(TfLiteFusedActivation))
../../libpico-tflmicro.a(kernel_util.cpp.obj)
                              ../../libpico-tflmicro.a(fully_connected.cpp.obj) (tflite::micro::RegisterOp(void* (*)(TfLiteContext*, char const*, unsigned int), TfLiteStatus (*)(TfLiteContext*, TfLiteNode*), TfLiteStatus (*)(TfLiteContext*, TfLiteNode*), void (*)(TfLiteContext*, void*), void (*)(TfLiteContext*, void*)))
../../libpico-tflmicro.a(memory_helpers.cpp.obj)
                              ../../libpico-tflmicro.a(kernel_util.cpp.obj) (tflite::TfLiteEvalTensorByteLength(TfLiteEvalTensor const*, unsigned int*))
../../libpico-tflmicro.a(micro_context.cpp.obj)
                              ../../libpico-tflmicro.a(fully_connected.cpp.obj) (tflite::MicroContext::AllocateTempInputTensor(TfLiteNode const*, int))
../../libpico-tflmicro.a(micro_interpreter.cpp.obj)
                              CMakeFiles/impsy_test.dir/impsy_test.cpp.obj (tflite::MicroInterpreter::MicroInterpreter(tflite::Model const*, tflite::MicroOpResolver const&, unsigned char*, unsigned int, tflite::MicroResourceVariables*, tflite::MicroProfilerInterface*, bool))
../../libpico-tflmicro.a(micro_interpreter_context.cpp.obj)
                              ../../libpico-tflmicro.a(micro_interpreter.cpp.obj) (tflite::MicroInterpreterContext::~MicroInterpreterContext())
../../libpico-tflmicro.a(micro_interpreter_graph.cpp.obj)
                              ../../libpico-tflmicro.a(micro_interpreter.cpp.obj) (tflite::MicroInterpreterGraph::~MicroInterpreterGraph())
../../libpico-tflmicro.a(micro_log.cpp.obj)
                              ../../libpico-tflmicro.a(micro_context.cpp.obj) (VMicroPrintf(char const*, std::__va_list))
../../libpico-tflmicro.a(micro_op_resolver.cpp.obj)
                              ../../libpico-tflmicro.a(micro_interpreter.cpp.obj) (tflite::GetRegistrationFromOpCode(tflite::OperatorCode const*, tflite::MicroOpResolver const&, TFLMRegistration const**))
../../libpico-tflmicro.a(micro_resource_variable.cpp.obj)
                              ../../libpico-tflmicro.a(micro_interpreter_graph.cpp.obj) (tflite::MicroResourceVariables::ResetAll())
../../libpico-tflmicro.a(micro_utils.cpp.obj)
                              ../../libpico-tflmicro.a(micro_resource_variable.cpp.obj) (tflite::EvalTensorBytes(TfLiteEvalTensor const*))
../../libpico-tflmicro.a(system_setup.cpp.obj)
                              CMakeFiles/impsy_test.dir/impsy_test.cpp.obj (tflite::InitializeTarget())
../../libpico-tflmicro.a(flatbuffer_conversions_bridge.cpp.obj)
                              ../../libpico-tflmicro.a(memory_helpers.cpp.obj) (tflite::ConvertTensorType(tflite::TensorType, TfLiteType*))
../../libpico-tflmicro.a(micro_error_reporter.cpp.obj)
                              ../../libpico-tflmicro.a(flatbuffer_conversions_bridge.cpp.obj) (tflite::GetMicroErrorReporter())
../../libpico-tflmicro.a(schema_utils.cpp.obj)
                              ../../libpico-tflmicro.a(micro_interpreter.cpp.obj) (tflite::GetBuiltinCode(tflite::OperatorCode const*))
../../libpico-tflmicro.a(arm_convolve_1x1_s8_fast.c.obj)
                              ../../libpico-tflmicro.a(fully_connected.cpp.obj) (arm_convolve_1x1_s8_fast)
../../libpico-tflmicro.a(arm_convolve_get_buffer_sizes_s8.c.obj)
                              ../../libpico-tflmicro.a(fully_connected.cpp.obj) (arm_convolve_1x1_s8_fast_get_buffer_size)
../../libpico-tflmicro.a(arm_fully_connected_get_buffer_sizes_s16.c.obj)
                              ../../libpico-tflmicro.a(fully_connected.cpp.obj) (arm_fully_connected_s16_get_buffer_size)
../../libpico-tflmicro.a(arm_fully_connected_get_buffer_sizes_s8.c.obj)
                              ../../libpico-tflmicro.a(fully_connected.cpp.obj) (arm_fully_connected_s8_get_buffer_size)
../../libpico-tflmicro.a(arm_fully_connected_s16.c.obj)
                              ../../libpico-tflmicro.a(fully_connected.cpp.obj) (arm_fully_connected_s16)
../../libpico-tflmicro.a(arm_fully_connected_s4.c.obj)
                              ../../libpico-tflmicro.a(fully_connected.cpp.obj) (arm_fully_connected_s4)
../../libpico-tflmicro.a(arm_fully_connected_s8.c.obj)
                              ../../libpico-tflmicro.a(fully_connected.cpp.obj) (arm_fully_connected_s8)
../../libpico-tflmicro.a(arm_vector_sum_s8.c.obj)
[...]
Memory Configuration

Name             Origin             Length             Attributes
FLASH            0x10000000         0x00200000         xr
RAM              0x20000000         0x00040000         xrw
SCRATCH_X        0x20040000         0x00001000         xrw
SCRATCH_Y        0x20041000         0x00001000         xrw
*default*        0x00000000         0xffffffff

Linker script and memory map

LOAD /Applications/ArmGNUToolchain/13.3.rel1/arm-none-eabi/bin/../lib/gcc/arm-none-eabi/13.3.1/thumb/v6-m/nofp/crti.o
LOAD /Applications/ArmGNUToolchain/13.3.rel1/arm-none-eabi/bin/../lib/gcc/arm-none-eabi/13.3.1/thumb/v6-m/nofp/crtbegin.o
LOAD /Applications/ArmGNUToolchain/13.3.rel1/arm-none-eabi/bin/../lib/gcc/arm-none-eabi/13.3.1/../../../../arm-none-eabi/lib/thumb/v6-m/nofp/crt0.o

.flash_begin    0x10000000        0x0
                0x10000000                        __flash_binary_start = .

.boot2          0x10000000      0x100
                0x10000000                        __boot2_start__ = .
 *(.boot2)
 .boot2         0x10000000      0x100 /var/folders/wk/x60qw4752395jljvch3xcywh0000gn/T//ccRVkM0m.o
                0x10000100                        __boot2_end__ = .
                0x00000001                        ASSERT (((__boot2_end__ - __boot2_start__) == 0x100), ERROR: Pico second stage bootloader must be 256 bytes in size)

.text           0x10000100    0x1ad88
                0x10000100                        __logical_binary_start = .
 *(.vectors)
 .vectors       0x10000100       0xd4 CMakeFiles/impsy_test.dir/Users/mac/2024S2/COMP2560/pico/pico-sdk/src/rp2_common/pico_standard_link/crt0.S.obj
                0x10000100                __VECTOR_TABLE
                0x10000100                __vectors
                0x100001c0                __default_isrs_start
                0x100001c0                isr_invalid
                0x100001c2                isr_nmi
                0x100001c4                isr_hardfault
                0x100001c6                isr_svcall
                0x100001c8                isr_pendsv
                0x100001ca                isr_systick
                0x100001cc                isr_irq28
                0x100001cc                isr_irq19
                0x100001cc                isr_irq0
                0x100001cc                isr_irq6
                0x100001cc                isr_irq22
                0x100001cc                isr_irq17
                0x100001cc                isr_irq14
                0x100001cc                isr_irq2
                0x100001cc                isr_irq10
                0x100001cc                isr_irq8
                0x100001cc                isr_irq24
                0x100001cc                isr_irq1
                0x100001cc                isr_irq7
                0x100001cc                isr_irq21
                0x100001cc                isr_irq20
                0x100001cc                isr_irq15
                0x100001cc                isr_irq25
                0x100001cc                isr_irq4
                0x100001cc                isr_irq16
                0x100001cc                isr_irq29
                0x100001cc                isr_irq26
                0x100001cc                __default_isrs_end
                0x100001cc                isr_irq3
                0x100001cc                isr_irq9
                0x100001cc                __unhandled_user_irq
                0x100001cc                isr_irq13
                0x100001cc                isr_irq27
                0x100001cc                isr_irq31
                0x100001cc                isr_irq5
                0x100001cc                isr_irq11
                0x100001cc                isr_irq23
                0x100001cc                isr_irq18
                0x100001cc                isr_irq30
                0x100001cc                isr_irq12
                0x100001d2                unhandled_user_irq_num_in_r0
 *(.binary_info_header)
 .binary_info_header
                0x100001d4       0x14 CMakeFiles/impsy_test.dir/Users/mac/2024S2/COMP2560/pico/pico-sdk/src/rp2_common/pico_standard_link/crt0.S.obj
                0x100001e8                        __binary_info_header_end = .
 *(.reset)
 .reset         0x100001e8       0xa0 CMakeFiles/impsy_test.dir/Users/mac/2024S2/COMP2560/pico/pico-sdk/src/rp2_common/pico_standard_link/crt0.S.obj
                0x100001e8                _entry_point
 .reset         0x10000288       0x30 CMakeFiles/impsy_test.dir/Users/mac/2024S2/COMP2560/pico/pico-sdk/src/rp2_common/pico_standard_link/binary_info.c.obj
 *(.init)
 .init          0x100002b8        0x4 /Applications/ArmGNUToolchain/13.3.rel1/arm-none-eabi/bin/../lib/gcc/arm-none-eabi/13.3.1/thumb/v6-m/nofp/crti.o
                0x100002b8                _init
 *(EXCLUDE_FILE(*libm.a: *libc.a:*lib_a-mem*.o *libgcc.a:) .text*)
 .text.register_tm_clones
                0x100002bc       0x28 /Applications/ArmGNUToolchain/13.3.rel1/arm-none-eabi/bin/../lib/gcc/arm-none-eabi/13.3.1/thumb/v6-m/nofp/crtbegin.o
 .text.frame_dummy
                0x100002e4       0x24 /Applications/ArmGNUToolchain/13.3.rel1/arm-none-eabi/bin/../lib/gcc/arm-none-eabi/13.3.1/thumb/v6-m/nofp/crtbegin.o
 .text.startup.main
                0x10000308        0xc CMakeFiles/impsy_test.dir/main.cpp.obj
                0x10000308                main
 .text._ZN6tflite22MicroMutableOpResolverILj1EED0Ev
                0x10000314        0x4 CMakeFiles/impsy_test.dir/impsy_test.cpp.obj
                0x10000314                tflite::MicroMutableOpResolver<1u>::~MicroMutableOpResolver()
                0x10000314                tflite::MicroMutableOpResolver<1u>::~MicroMutableOpResolver()
                0x10000314                tflite::MicroMutableOpResolver<1u>::~MicroMutableOpResolver()
 .text.__tcf_0  0x10000318        0x4 CMakeFiles/impsy_test.dir/impsy_test.cpp.obj
 .text._ZNK6tflite22MicroMutableOpResolverILj1EE6FindOpENS_15BuiltinOperatorE
                0x1000031c       0x20 CMakeFiles/impsy_test.dir/impsy_test.cpp.obj
                0x1000031c                tflite::MicroMutableOpResolver<1u>::FindOp(tflite::BuiltinOperator) const
 .text._ZNK6tflite22MicroMutableOpResolverILj1EE15GetOpDataParserENS_15BuiltinOperatorE
                0x1000033c       0x18 CMakeFiles/impsy_test.dir/impsy_test.cpp.obj
                0x1000033c                tflite::MicroMutableOpResolver<1u>::GetOpDataParser(tflite::BuiltinOperator) const
 .text.__tcf_1  0x10000354       0x10 CMakeFiles/impsy_test.dir/impsy_test.cpp.obj
 .text._ZNK6tflite22MicroMutableOpResolverILj1EE6FindOpEPKc
                0x10000364       0x28 CMakeFiles/impsy_test.dir/impsy_test.cpp.obj
                0x10000364                tflite::MicroMutableOpResolver<1u>::FindOp(char const*) const
 .text.setup    0x1000038c       0x14 CMakeFiles/impsy_test.dir/impsy_test.cpp.obj
                0x1000038c                setup
 .text.loop     0x100003a0      0x23c CMakeFiles/impsy_test.dir/impsy_test.cpp.obj
                0x100003a0                loop
 .text.running_on_fpga
                0x100005dc       0x10 CMakeFiles/impsy_test.dir/Users/mac/2024S2/COMP2560/pico/pico-sdk/src/rp2_common/pico_platform/platform.c.obj
                0x100005dc                running_on_fpga
 .text.hw_claim_or_assert
                0x100005ec       0x44 CMakeFiles/impsy_test.dir/Users/mac/2024S2/COMP2560/pico/pico-sdk/src/rp2_common/hardware_claim/claim.c.obj
                0x100005ec                hw_claim_or_assert
 .text.hw_claim_unused_from_range
                0x10000630       0x9c CMakeFiles/impsy_test.dir/Users/mac/2024S2/COMP2560/pico/pico-sdk/src/rp2_common/hardware_claim/claim.c.obj
                0x10000630                hw_claim_unused_from_range
 .text.spin_locks_reset
                0x100006cc       0x1c CMakeFiles/impsy_test.dir/Users/mac/2024S2/COMP2560/pico/pico-sdk/src/rp2_common/hardware_sync/sync.c.obj
                0x100006cc                spin_locks_reset
 .text.next_striped_spin_lock_num
                0x100006e8       0x18 CMakeFiles/impsy_test.dir/Users/mac/2024S2/COMP2560/pico/pico-sdk/src/rp2_common/hardware_sync/sync.c.obj
                0x100006e8                next_striped_spin_lock_num
 .text.spin_lock_claim_unused
                0x10000700       0x24 CMakeFiles/impsy_test.dir/Users/mac/2024S2/COMP2560/pico/pico-sdk/src/rp2_common/hardware_sync/sync.c.obj
                0x10000700                spin_lock_claim_unused
 .text.irq_set_enabled
                0x10000724       0x24 CMakeFiles/impsy_test.dir/Users/mac/2024S2/COMP2560/pico/pico-sdk/src/rp2_common/hardware_irq/irq.c.obj
                0x10000724                irq_set_enabled
 .text.irq_is_enabled
                0x10000748       0x18 CMakeFiles/impsy_test.dir/Users/mac/2024S2/COMP2560/pico/pico-sdk/src/rp2_common/hardware_irq/irq.c.obj
                0x10000748                irq_is_enabled
 .text.irq_set_pending
                0x10000760       0x10 CMakeFiles/impsy_test.dir/Users/mac/2024S2/COMP2560/pico/pico-sdk/src/rp2_common/hardware_irq/irq.c.obj
                0x10000760                irq_set_pending
 .text.irq_has_shared_handler
                0x10000770       0x2c CMakeFiles/impsy_test.dir/Users/mac/2024S2/COMP2560/pico/pico-sdk/src/rp2_common/hardware_irq/irq.c.obj
                0x10000770                irq_has_shared_handler
 .text.irq_get_vtable_handler
                0x1000079c       0x10 CMakeFiles/impsy_test.dir/Users/mac/2024S2/COMP2560/pico/pico-sdk/src/rp2_common/hardware_irq/irq.c.obj
                0x1000079c                irq_get_vtable_handler
 .text.irq_set_exclusive_handler
                0x100007ac       0x54 CMakeFiles/impsy_test.dir/Users/mac/2024S2/COMP2560/pico/pico-sdk/src/rp2_common/hardware_irq/irq.c.obj
                0x100007ac                irq_set_exclusive_handler
 .text.irq_add_shared_handler
                0x10000800      0x1f4 CMakeFiles/impsy_test.dir/Users/mac/2024S2/COMP2560/pico/pico-sdk/src/rp2_common/hardware_irq/irq.c.obj
                0x10000800                irq_add_shared_handler
 .text.irq_remove_handler
                0x100009f4      0x1c4 CMakeFiles/impsy_test.dir/Users/mac/2024S2/COMP2560/pico/pico-sdk/src/rp2_common/hardware_irq/irq.c.obj
                0x100009f4                irq_remove_handler
 .text.irq_add_tail_to_free_list
                0x10000bb8       0xb4 CMakeFiles/impsy_test.dir/Users/mac/2024S2/COMP2560/pico/pico-sdk/src/rp2_common/hardware_irq/irq.c.obj
                0x10000bb8                irq_add_tail_to_free_list
 .text.irq_init_priorities
                0x10000c6c       0x24 CMakeFiles/impsy_test.dir/Users/mac/2024S2/COMP2560/pico/pico-sdk/src/rp2_common/hardware_irq/irq.c.obj
                0x10000c6c                irq_init_priorities
 .text.user_irq_claim_unused
                0x10000c90       0x2c CMakeFiles/impsy_test.dir/Users/mac/2024S2/COMP2560/pico/pico-sdk/src/rp2_common/hardware_irq/irq.c.obj
                0x10000c90                user_irq_claim_unused
 .text.lock_init
                0x10000cbc       0x10 CMakeFiles/impsy_test.dir/Users/mac/2024S2/COMP2560/pico/pico-sdk/src/common/pico_sync/lock_core.c.obj
                0x10000cbc                lock_init
 .text.mutex_init
                0x10000ccc       0x1c CMakeFiles/impsy_test.dir/Users/mac/2024S2/COMP2560/pico/pico-sdk/src/common/pico_sync/mutex.c.obj
                0x10000ccc                mutex_init
 .text.recursive_mutex_init
                0x10000ce8       0x1c CMakeFiles/impsy_test.dir/Users/mac/2024S2/COMP2560/pico/pico-sdk/src/common/pico_sync/mutex.c.obj
                0x10000ce8                recursive_mutex_init
 .text.critical_section_init
                0x10000d04       0x1c CMakeFiles/impsy_test.dir/Users/mac/2024S2/COMP2560/pico/pico-sdk/src/common/pico_sync/critical_section.c.obj
                0x10000d04                critical_section_init
 .text.critical_section_init_with_lock_num
                0x10000d20       0x14 CMakeFiles/impsy_test.dir/Users/mac/2024S2/COMP2560/pico/pico-sdk/src/common/pico_sync/critical_section.c.obj
                0x10000d20                critical_section_init_with_lock_num
 .text.timer_pool_entry_comparator
                0x10000d34       0x34 CMakeFiles/impsy_test.dir/Users/mac/2024S2/COMP2560/pico/pico-sdk/src/common/pico_time/time.c.obj
                0x10000d34                timer_pool_entry_comparator
 .text.sleep_until_callback
                0x10000d68       0x30 CMakeFiles/impsy_test.dir/Users/mac/2024S2/COMP2560/pico/pico-sdk/src/common/pico_time/time.c.obj
 .text.add_alarm_under_lock.isra.0
                0x10000d98      0x100 CMakeFiles/impsy_test.dir/Users/mac/2024S2/COMP2560/pico/pico-sdk/src/common/pico_time/time.c.obj
 .text.alarm_pool_alarm_callback
                0x10000e98      0x1c0 CMakeFiles/impsy_test.dir/Users/mac/2024S2/COMP2560/pico/pico-sdk/src/common/pico_time/time.c.obj
 .text.alarm_pool_init_default
                0x10001058       0x6c CMakeFiles/impsy_test.dir/Users/mac/2024S2/COMP2560/pico/pico-sdk/src/common/pico_time/time.c.obj
                0x10001058                alarm_pool_init_default
 .text.alarm_pool_get_default
                0x100010c4        0x8 CMakeFiles/impsy_test.dir/Users/mac/2024S2/COMP2560/pico/pico-sdk/src/common/pico_time/time.c.obj
                0x100010c4                alarm_pool_get_default
 .text.alarm_pool_add_alarm_at
                0x100010cc      0x17c CMakeFiles/impsy_test.dir/Users/mac/2024S2/COMP2560/pico/pico-sdk/src/common/pico_time/time.c.obj
                0x100010cc                alarm_pool_add_alarm_at
 .text.alarm_pool_core_num
                0x10001248        0x4 CMakeFiles/impsy_test.dir/Users/mac/2024S2/COMP2560/pico/pico-sdk/src/common/pico_time/time.c.obj
                0x10001248                alarm_pool_core_num
 .text.best_effort_wfe_or_timeout
                0x1000124c       0xcc CMakeFiles/impsy_test.dir/Users/mac/2024S2/COMP2560/pico/pico-sdk/src/common/pico_time/time.c.obj
                0x1000124c                best_effort_wfe_or_timeout
 .text.hardware_alarm_irq_handler
                0x10001318       0xbc CMakeFiles/impsy_test.dir/Users/mac/2024S2/COMP2560/pico/pico-sdk/src/rp2_common/hardware_timer/timer.c.obj
 .text.hardware_alarm_claim
                0x100013d4       0x18 CMakeFiles/impsy_test.dir/Users/mac/2024S2/COMP2560/pico/pico-sdk/src/rp2_common/hardware_timer/timer.c.obj
                0x100013d4                hardware_alarm_claim
 .text.time_us_64
                0x100013ec       0x14 CMakeFiles/impsy_test.dir/Users/mac/2024S2/COMP2560/pico/pico-sdk/src/rp2_common/hardware_timer/timer.c.obj
                0x100013ec                time_us_64
 .text.busy_wait_us
                0x10001400       0x68 CMakeFiles/impsy_test.dir/Users/mac/2024S2/COMP2560/pico/pico-sdk/src/rp2_common/hardware_timer/timer.c.obj
                0x10001400                busy_wait_us
 .text.hardware_alarm_set_callback
                0x10001468       0x8c CMakeFiles/impsy_test.dir/Users/mac/2024S2/COMP2560/pico/pico-sdk/src/rp2_common/hardware_timer/timer.c.obj
                0x10001468                hardware_alarm_set_callback
 .text.hardware_alarm_set_target
                0x100014f4       0xd0 CMakeFiles/impsy_test.dir/Users/mac/2024S2/COMP2560/pico/pico-sdk/src/rp2_common/hardware_timer/timer.c.obj
                0x100014f4                hardware_alarm_set_target
 .text.hardware_alarm_cancel
                0x100015c4       0x3c CMakeFiles/impsy_test.dir/Users/mac/2024S2/COMP2560/pico/pico-sdk/src/rp2_common/hardware_timer/timer.c.obj
                0x100015c4                hardware_alarm_cancel
 .text.ph_merge_nodes
                0x10001600       0x58 CMakeFiles/impsy_test.dir/Users/mac/2024S2/COMP2560/pico/pico-sdk/src/common/pico_util/pheap.c.obj
 .text.ph_post_alloc_init
                0x10001658       0x3c CMakeFiles/impsy_test.dir/Users/mac/2024S2/COMP2560/pico/pico-sdk/src/common/pico_util/pheap.c.obj
                0x10001658                ph_post_alloc_init
 .text.ph_merge_two_pass
                0x10001694       0x8c CMakeFiles/impsy_test.dir/Users/mac/2024S2/COMP2560/pico/pico-sdk/src/common/pico_util/pheap.c.obj
                0x10001694                ph_merge_two_pass
 .text.ph_remove_any_head
                0x10001720      0x100 CMakeFiles/impsy_test.dir/Users/mac/2024S2/COMP2560/pico/pico-sdk/src/common/pico_util/pheap.c.obj
 .text.ph_remove_head
                0x10001820      0x104 CMakeFiles/impsy_test.dir/Users/mac/2024S2/COMP2560/pico/pico-sdk/src/common/pico_util/pheap.c.obj
                0x10001820                ph_remove_head
 .text.ph_remove_and_free_node
                0x10001924       0x78 CMakeFiles/impsy_test.dir/Users/mac/2024S2/COMP2560/pico/pico-sdk/src/common/pico_util/pheap.c.obj
                0x10001924                ph_remove_and_free_node
 .text.clocks_init
                0x1000199c      0x2c8 CMakeFiles/impsy_test.dir/Users/mac/2024S2/COMP2560/pico/pico-sdk/src/rp2_common/hardware_clocks/clocks.c.obj
                0x1000199c                clocks_init
 .text.pll_init
                0x10001c64       0xa4 CMakeFiles/impsy_test.dir/Users/mac/2024S2/COMP2560/pico/pico-sdk/src/rp2_common/hardware_pll/pll.c.obj
                0x10001c64                pll_init
 .text.watchdog_start_tick
                0x10001d08       0x10 CMakeFiles/impsy_test.dir/Users/mac/2024S2/COMP2560/pico/pico-sdk/src/rp2_common/hardware_watchdog/watchdog.c.obj
                0x10001d08                watchdog_start_tick
 .text.watchdog_reboot
                0x10001d18       0x9c CMakeFiles/impsy_test.dir/Users/mac/2024S2/COMP2560/pico/pico-sdk/src/rp2_common/hardware_watchdog/watchdog.c.obj
                0x10001d18                watchdog_reboot
 .text.xosc_init
                0x10001db4       0x28 CMakeFiles/impsy_test.dir/Users/mac/2024S2/COMP2560/pico/pico-sdk/src/rp2_common/hardware_xosc/xosc.c.obj
                0x10001db4                xosc_init
 .text.runtime_init
                0x10001ddc       0xf0 CMakeFiles/impsy_test.dir/Users/mac/2024S2/COMP2560/pico/pico-sdk/src/rp2_common/pico_runtime/runtime.c.obj
                0x10001ddc                runtime_init
 .text._exit    0x10001ecc        0x4 CMakeFiles/impsy_test.dir/Users/mac/2024S2/COMP2560/pico/pico-sdk/src/rp2_common/pico_runtime/runtime.c.obj
                0x10001ecc                _exit
 .text._sbrk    0x10001ed0       0x34 CMakeFiles/impsy_test.dir/Users/mac/2024S2/COMP2560/pico/pico-sdk/src/rp2_common/pico_runtime/runtime.c.obj
                0x10001ed0                _sbrk
 .text._getpid  0x10001f04        0x4 CMakeFiles/impsy_test.dir/Users/mac/2024S2/COMP2560/pico/pico-sdk/src/rp2_common/pico_runtime/runtime.c.obj
                0x10001f04                _getpid
 .text._kill    0x10001f08        0x8 CMakeFiles/impsy_test.dir/Users/mac/2024S2/COMP2560/pico/pico-sdk/src/rp2_common/pico_runtime/runtime.c.obj
                0x10001f08                _kill
 .text.exit     0x10001f10        0x8 CMakeFiles/impsy_test.dir/Users/mac/2024S2/COMP2560/pico/pico-sdk/src/rp2_common/pico_runtime/runtime.c.obj
                0x10001f10                exit
 .text.__assert_func
                0x10001f18       0x38 CMakeFiles/impsy_test.dir/Users/mac/2024S2/COMP2560/pico/pico-sdk/src/rp2_common/pico_runtime/runtime.c.obj
                0x10001f18                __assert_func
 .text.panic    0x10001f50       0x30 CMakeFiles/impsy_test.dir/Users/mac/2024S2/COMP2560/pico/pico-sdk/src/rp2_common/pico_runtime/runtime.c.obj
                0x10001f50                panic
 .text.hard_assertion_failure
                0x10001f80        0xc CMakeFiles/impsy_test.dir/Users/mac/2024S2/COMP2560/pico/pico-sdk/src/rp2_common/pico_runtime/runtime.c.obj
                0x10001f80                hard_assertion_failure
 .text._out_buffer
                0x10001f8c        0x8 CMakeFiles/impsy_test.dir/Users/mac/2024S2/COMP2560/pico/pico-sdk/src/rp2_common/pico_printf/printf.c.obj
 .text._out_null
                0x10001f94        0x4 CMakeFiles/impsy_test.dir/Users/mac/2024S2/COMP2560/pico/pico-sdk/src/rp2_common/pico_printf/printf.c.obj
 .text._out_rev
                0x10001f98       0xac CMakeFiles/impsy_test.dir/Users/mac/2024S2/COMP2560/pico/pico-sdk/src/rp2_common/pico_printf/printf.c.obj
 .text._ntoa_format
                0x10002044      0x250 CMakeFiles/impsy_test.dir/Users/mac/2024S2/COMP2560/pico/pico-sdk/src/rp2_common/pico_printf/printf.c.obj
 .text._out_char
                0x10002294       0x10 CMakeFiles/impsy_test.dir/Users/mac/2024S2/COMP2560/pico/pico-sdk/src/rp2_common/pico_printf/printf.c.obj
 .text._out_fct
                0x100022a4       0x10 CMakeFiles/impsy_test.dir/Users/mac/2024S2/COMP2560/pico/pico-sdk/src/rp2_common/pico_printf/printf.c.obj
 .text._etoa    0x100022b4      0x464 CMakeFiles/impsy_test.dir/Users/mac/2024S2/COMP2560/pico/pico-sdk/src/rp2_common/pico_printf/printf.c.obj
 .text._ftoa    0x10002718      0x3c0 CMakeFiles/impsy_test.dir/Users/mac/2024S2/COMP2560/pico/pico-sdk/src/rp2_common/pico_printf/printf.c.obj
 .text._vsnprintf
                0x10002ad8      0xbc8 CMakeFiles/impsy_test.dir/Users/mac/2024S2/COMP2560/pico/pico-sdk/src/rp2_common/pico_printf/printf.c.obj
 .text.__wrap_sprintf
                0x100036a0       0x2c CMakeFiles/impsy_test.dir/Users/mac/2024S2/COMP2560/pico/pico-sdk/src/rp2_common/pico_printf/printf.c.obj
                0x100036a0                __wrap_sprintf
 .text.vfctprintf
                0x100036cc       0x20 CMakeFiles/impsy_test.dir/Users/mac/2024S2/COMP2560/pico/pico-sdk/src/rp2_common/pico_printf/printf.c.obj
                0x100036cc                vfctprintf
 .text.weak_raw_printf
                0x100036ec       0x40 CMakeFiles/impsy_test.dir/Users/mac/2024S2/COMP2560/pico/pico-sdk/src/rp2_common/pico_printf/printf.c.obj
                0x100036ec                weak_raw_printf
 .text.weak_raw_vprintf
                0x1000372c       0x30 CMakeFiles/impsy_test.dir/Users/mac/2024S2/COMP2560/pico/pico-sdk/src/rp2_common/pico_printf/printf.c.obj
                0x1000372c                weak_raw_vprintf
 .text          0x1000375c       0x10 CMakeFiles/impsy_test.dir/Users/mac/2024S2/COMP2560/pico/pico-sdk/src/rp2_common/pico_bit_ops/bit_ops_aeabi.S.obj
 .text.rom_func_lookup
                0x1000376c       0x10 CMakeFiles/impsy_test.dir/Users/mac/2024S2/COMP2560/pico/pico-sdk/src/rp2_common/pico_bootrom/bootrom.c.obj
                0x1000376c                rom_func_lookup
 .text.rom_data_lookup
                0x1000377c       0x10 CMakeFiles/impsy_test.dir/Users/mac/2024S2/COMP2560/pico/pico-sdk/src/rp2_common/pico_bootrom/bootrom.c.obj
                0x1000377c                rom_data_lookup
 .text.rom_funcs_lookup
                0x1000378c       0x44 CMakeFiles/impsy_test.dir/Users/mac/2024S2/COMP2560/pico/pico-sdk/src/rp2_common/pico_bootrom/bootrom.c.obj
                0x1000378c                rom_funcs_lookup
 .text.__wrap___aeabi_idiv
                0x100037d0       0x50 CMakeFiles/impsy_test.dir/Users/mac/2024S2/COMP2560/pico/pico-sdk/src/rp2_common/pico_divider/divider.S.obj
                0x100037d0                __wrap___aeabi_idivmod
                0x100037d0                divmod_s32s32
                0x100037d0                div_s32s32
                0x100037d0                __wrap___aeabi_idiv
                0x100037d8                divmod_s32s32_unsafe
                0x10003804                divmod_s32s32_savestate
 .text.__wrap___aeabi_uidiv
                0x10003820       0x4c CMakeFiles/impsy_test.dir/Users/mac/2024S2/COMP2560/pico/pico-sdk/src/rp2_common/pico_divider/divider.S.obj
                0x10003820                __wrap___aeabi_uidiv
                0x10003820                __wrap___aeabi_uidivmod
                0x10003820                div_u32u32
                0x10003820                divmod_u32u32
                0x10003828                divmod_u32u32_unsafe
                0x10003850                divmod_u32u32_savestate
 .text.__wrap___aeabi_ldiv
                0x1000386c      0x424 CMakeFiles/impsy_test.dir/Users/mac/2024S2/COMP2560/pico/pico-sdk/src/rp2_common/pico_divider/divider.S.obj
                0x1000386c                __wrap___aeabi_ldivmod
                0x1000386c                div_s64s64
                0x1000386c                divmod_s64s64
                0x1000389c                divmod_u64u64
                0x1000389c                div_u64u64
                0x1000389c                __wrap___aeabi_uldivmod
                0x100038ac                divmod_u64u64_savestate
                0x100038cc                divmod_s64s64_unsafe
                0x10003954                divmod_u64u64_unsafe
 .text.__wrap___aeabi_darithmetic
                0x10003c90       0x80 CMakeFiles/impsy_test.dir/Users/mac/2024S2/COMP2560/pico/pico-sdk/src/rp2_common/pico_double/double_aeabi.S.obj
                0x10003c90                __wrap___aeabi_drsub
                0x10003c96                __wrap___aeabi_dsub
                0x10003ca8                __wrap___aeabi_dadd
                0x10003cba                __wrap___aeabi_ddiv
                0x10003cf6                __wrap___aeabi_dmul
 .text.__wrap___aeabi_cdcmple
                0x10003d10       0x6c CMakeFiles/impsy_test.dir/Users/mac/2024S2/COMP2560/pico/pico-sdk/src/rp2_common/pico_double/double_aeabi.S.obj
                0x10003d10                __wrap___aeabi_cdrcmple
                0x10003d20                __wrap___aeabi_cdcmple
                0x10003d20                __wrap___aeabi_cdcmpeq
 .text.__wrap___aeabi_dcmpeq
                0x10003d7c       0x10 CMakeFiles/impsy_test.dir/Users/mac/2024S2/COMP2560/pico/pico-sdk/src/rp2_common/pico_double/double_aeabi.S.obj
                0x10003d7c                __wrap___aeabi_dcmpeq
 .text.__wrap___aeabi_dcmplt
                0x10003d8c        0xc CMakeFiles/impsy_test.dir/Users/mac/2024S2/COMP2560/pico/pico-sdk/src/rp2_common/pico_double/double_aeabi.S.obj
                0x10003d8c                __wrap___aeabi_dcmplt
 .text.__wrap___aeabi_dcmple
                0x10003d98       0x10 CMakeFiles/impsy_test.dir/Users/mac/2024S2/COMP2560/pico/pico-sdk/src/rp2_common/pico_double/double_aeabi.S.obj
                0x10003d98                __wrap___aeabi_dcmple
 .text.__wrap___aeabi_dcmpge
                0x10003da8       0x10 CMakeFiles/impsy_test.dir/Users/mac/2024S2/COMP2560/pico/pico-sdk/src/rp2_common/pico_double/double_aeabi.S.obj
                0x10003da8                __wrap___aeabi_dcmpge
 .text.__wrap___aeabi_dcmpgt
                0x10003db8        0xa CMakeFiles/impsy_test.dir/Users/mac/2024S2/COMP2560/pico/pico-sdk/src/rp2_common/pico_double/double_aeabi.S.obj
                0x10003db8                __wrap___aeabi_dcmpgt
 .text.__wrap___aeabi_dcmpun
                0x10003dc2       0x1c CMakeFiles/impsy_test.dir/Users/mac/2024S2/COMP2560/pico/pico-sdk/src/rp2_common/pico_double/double_aeabi.S.obj
                0x10003dc2                __wrap___aeabi_dcmpun
 *fill*         0x10003dde        0x2 
 .text.__wrap___aeabi_i2d
                0x10003de0       0x38 CMakeFiles/impsy_test.dir/Users/mac/2024S2/COMP2560/pico/pico-sdk/src/rp2_common/pico_double/double_aeabi.S.obj
                0x10003de0                __wrap___aeabi_ui2d
                0x10003de8                __wrap___aeabi_i2d
 .text.__wrap___aeabi_d2iz
                0x10003e18       0x48 CMakeFiles/impsy_test.dir/Users/mac/2024S2/COMP2560/pico/pico-sdk/src/rp2_common/pico_double/double_aeabi.S.obj
                0x10003e18                __wrap___aeabi_d2iz
                0x10003e18                double2int_z
 .text.__wrap___aeabi_d2uiz
                0x10003e60       0x18 CMakeFiles/impsy_test.dir/Users/mac/2024S2/COMP2560/pico/pico-sdk/src/rp2_common/pico_double/double_aeabi.S.obj
                0x10003e60                double2uint
                0x10003e60                __wrap___aeabi_d2uiz
 .text.__wrap___aeabi_d2lz
                0x10003e78       0x26 CMakeFiles/impsy_test.dir/Users/mac/2024S2/COMP2560/pico/pico-sdk/src/rp2_common/pico_double/double_aeabi.S.obj
                0x10003e78                __wrap___aeabi_d2lz
                0x10003e78                double2int64_z
 *fill*         0x10003e9e        0x2 
 .text.double2int64
                0x10003ea0       0x18 CMakeFiles/impsy_test.dir/Users/mac/2024S2/COMP2560/pico/pico-sdk/src/rp2_common/pico_double/double_aeabi.S.obj
                0x10003ea0                double2int64
 .text.double2ufix64
                0x10003eb8       0x18 CMakeFiles/impsy_test.dir/Users/mac/2024S2/COMP2560/pico/pico-sdk/src/rp2_common/pico_double/double_aeabi.S.obj
                0x10003eb8                double2ufix64
 .text.__wrap___aeabi_d2f
                0x10003ed0       0x18 CMakeFiles/impsy_test.dir/Users/mac/2024S2/COMP2560/pico/pico-sdk/src/rp2_common/pico_double/double_aeabi.S.obj
                0x10003ed0                __wrap___aeabi_d2f
 .text.__aeabi_double_init
                0x10003ee8       0x98 CMakeFiles/impsy_test.dir/Users/mac/2024S2/COMP2560/pico/pico-sdk/src/rp2_common/pico_double/double_init_rom.c.obj
                0x10003ee8                __aeabi_double_init
 .text.__wrap_round
                0x10003f80       0x9c CMakeFiles/impsy_test.dir/Users/mac/2024S2/COMP2560/pico/pico-sdk/src/rp2_common/pico_double/double_math.c.obj
                0x10003f80                __wrap_round
 .text.double_table_shim_on_use_helper
                0x1000401c       0x2c CMakeFiles/impsy_test.dir/Users/mac/2024S2/COMP2560/pico/pico-sdk/src/rp2_common/pico_double/double_v1_rom_shim.S.obj
                0x1000401c                double_table_shim_on_use_helper
 .text.__wrap___aeabi_dsub
                0x10004048       0x10 CMakeFiles/impsy_test.dir/Users/mac/2024S2/COMP2560/pico/pico-sdk/src/rp2_common/pico_double/double_v1_rom_shim.S.obj
                0x10004048                drsub_shim
                0x1000404e                dsub_shim
 .text.dadd_shim
                0x10004058      0x15c CMakeFiles/impsy_test.dir/Users/mac/2024S2/COMP2560/pico/pico-sdk/src/rp2_common/pico_double/double_v1_rom_shim.S.obj
                0x10004058                dadd_shim
 .text.dmul_shim
                0x100041b4      0x15c CMakeFiles/impsy_test.dir/Users/mac/2024S2/COMP2560/pico/pico-sdk/src/rp2_common/pico_double/double_v1_rom_shim.S.obj
                0x100041b4                dmul_shim
 .text.ddiv_shim
                0x10004310      0x1b0 CMakeFiles/impsy_test.dir/Users/mac/2024S2/COMP2560/pico/pico-sdk/src/rp2_common/pico_double/double_v1_rom_shim.S.obj
                0x10004310                ddiv_shim
 .text.double2uint_shim
                0x100044c0        0xe CMakeFiles/impsy_test.dir/Users/mac/2024S2/COMP2560/pico/pico-sdk/src/rp2_common/pico_double/double_v1_rom_shim.S.obj
                0x100044c0                double2uint_shim
                0x100044c2                double2ufix_shim
 .text.double2int64_shim
                0x100044ce       0x1a CMakeFiles/impsy_test.dir/Users/mac/2024S2/COMP2560/pico/pico-sdk/src/rp2_common/pico_double/double_v1_rom_shim.S.obj
                0x100044ce                double2int64_shim
                0x100044d0                double2fix64_shim
 .text.double2uint64_shim
                0x100044e8       0x70 CMakeFiles/impsy_test.dir/Users/mac/2024S2/COMP2560/pico/pico-sdk/src/rp2_common/pico_double/double_v1_rom_shim.S.obj
                0x100044e8                double2uint64_shim
                0x100044ea                double2ufix64_shim
                0x1000450a                d2fix_a
 .text.double2float_shim
                0x10004558       0x5c CMakeFiles/impsy_test.dir/Users/mac/2024S2/COMP2560/pico/pico-sdk/src/rp2_common/pico_double/double_v1_rom_shim.S.obj
                0x10004558                double2float_shim
 .text.dunpacks
                0x100045b4       0x3c CMakeFiles/impsy_test.dir/Users/mac/2024S2/COMP2560/pico/pico-sdk/src/rp2_common/pico_double/double_v1_rom_shim.S.obj
                0x100045b4                dunpacks
 .text.__aeabi_lmul
                0x100045f0       0x32 CMakeFiles/impsy_test.dir/Users/mac/2024S2/COMP2560/pico/pico-sdk/src/rp2_common/pico_int64_ops/pico_int64_ops_aeabi.S.obj
                0x100045f0                __wrap___aeabi_lmul
 *fill*         0x10004622        0x2 
 .text.__wrap___aeabi_farithmetic
                0x10004624       0x48 CMakeFiles/impsy_test.dir/Users/mac/2024S2/COMP2560/pico/pico-sdk/src/rp2_common/pico_float/float_aeabi.S.obj
                0x10004624                __wrap___aeabi_frsub
                0x1000462a                __wrap___aeabi_fsub
                0x10004630                __wrap___aeabi_fadd
                0x10004636                __wrap___aeabi_fdiv
                0x1000465e                __wrap___aeabi_fmul
 .text.__wrap___aeabi_cfcmple
                0x1000466c       0x50 CMakeFiles/impsy_test.dir/Users/mac/2024S2/COMP2560/pico/pico-sdk/src/rp2_common/pico_float/float_aeabi.S.obj
                0x1000466c                __wrap___aeabi_cfrcmple
                0x10004678                __wrap___aeabi_cfcmpeq
                0x10004678                __wrap___aeabi_cfcmple
 .text.__wrap___aeabi_fcmplt
                0x100046bc        0xc CMakeFiles/impsy_test.dir/Users/mac/2024S2/COMP2560/pico/pico-sdk/src/rp2_common/pico_float/float_aeabi.S.obj
                0x100046bc                __wrap___aeabi_fcmplt
 .text.__wrap___aeabi_fcmple
                0x100046c8       0x10 CMakeFiles/impsy_test.dir/Users/mac/2024S2/COMP2560/pico/pico-sdk/src/rp2_common/pico_float/float_aeabi.S.obj
                0x100046c8                __wrap___aeabi_fcmple
 .text.__wrap___aeabi_fcmpge
                0x100046d8       0x10 CMakeFiles/impsy_test.dir/Users/mac/2024S2/COMP2560/pico/pico-sdk/src/rp2_common/pico_float/float_aeabi.S.obj
                0x100046d8                __wrap___aeabi_fcmpge
 .text.__wrap___aeabi_fcmpgt
                0x100046e8        0xa CMakeFiles/impsy_test.dir/Users/mac/2024S2/COMP2560/pico/pico-sdk/src/rp2_common/pico_float/float_aeabi.S.obj
                0x100046e8                __wrap___aeabi_fcmpgt
 *fill*         0x100046f2        0x2 
 .text.__wrap___aeabi_i2f
                0x100046f4       0x44 CMakeFiles/impsy_test.dir/Users/mac/2024S2/COMP2560/pico/pico-sdk/src/rp2_common/pico_float/float_aeabi.S.obj
                0x100046f4                __wrap___aeabi_i2f
 .text.__wrap___aeabi_f2iz
                0x10004738       0x4e CMakeFiles/impsy_test.dir/Users/mac/2024S2/COMP2560/pico/pico-sdk/src/rp2_common/pico_float/float_aeabi.S.obj
                0x10004738                __wrap___aeabi_f2iz
                0x10004738                float2int_z
 *fill*         0x10004786        0x2 
 .text.float2int
                0x10004788       0x14 CMakeFiles/impsy_test.dir/Users/mac/2024S2/COMP2560/pico/pico-sdk/src/rp2_common/pico_float/float_aeabi.S.obj
                0x10004788                float2int
 .text.__wrap___aeabi_f2uiz
                0x1000479c        0xc CMakeFiles/impsy_test.dir/Users/mac/2024S2/COMP2560/pico/pico-sdk/src/rp2_common/pico_float/float_aeabi.S.obj
                0x1000479c                __wrap___aeabi_f2uiz
 .text.__wrap___aeabi_f2d
                0x100047a8       0x14 CMakeFiles/impsy_test.dir/Users/mac/2024S2/COMP2560/pico/pico-sdk/src/rp2_common/pico_float/float_aeabi.S.obj
                0x100047a8                __wrap___aeabi_f2d
 .text.__aeabi_float_init
                0x100047bc       0x64 CMakeFiles/impsy_test.dir/Users/mac/2024S2/COMP2560/pico/pico-sdk/src/rp2_common/pico_float/float_init_rom.c.obj
                0x100047bc                __aeabi_float_init
 .text.float_table_shim_on_use_helper
                0x10004820       0x2c CMakeFiles/impsy_test.dir/Users/mac/2024S2/COMP2560/pico/pico-sdk/src/rp2_common/pico_float/float_v1_rom_shim.S.obj
                0x10004820                float_table_shim_on_use_helper
 .text.float232_shims
                0x1000484c       0x18 CMakeFiles/impsy_test.dir/Users/mac/2024S2/COMP2560/pico/pico-sdk/src/rp2_common/pico_float/float_v1_rom_shim.S.obj
                0x1000484c                float2int_shim
                0x1000484e                float2fix_shim
 .text.float2double_shim
                0x10004864       0x30 CMakeFiles/impsy_test.dir/Users/mac/2024S2/COMP2560/pico/pico-sdk/src/rp2_common/pico_float/float_v1_rom_shim.S.obj
                0x10004864                float2double_shim
 .text.__wrap_malloc
                0x10004894       0x3c CMakeFiles/impsy_test.dir/Users/mac/2024S2/COMP2560/pico/pico-sdk/src/rp2_common/pico_malloc/pico_malloc.c.obj
                0x10004894                __wrap_malloc
 .text.__wrap_realloc
                0x100048d0       0x40 CMakeFiles/impsy_test.dir/Users/mac/2024S2/COMP2560/pico/pico-sdk/src/rp2_common/pico_malloc/pico_malloc.c.obj
                0x100048d0                __wrap_realloc
 .text.__wrap_free
                0x10004910       0x20 CMakeFiles/impsy_test.dir/Users/mac/2024S2/COMP2560/pico/pico-sdk/src/rp2_common/pico_malloc/pico_malloc.c.obj
                0x10004910                __wrap_free
 .text          0x10004930       0x10 CMakeFiles/impsy_test.dir/Users/mac/2024S2/COMP2560/pico/pico-sdk/src/rp2_common/pico_mem_ops/mem_ops_aeabi.S.obj
                0x10004930                __aeabi_mem_init
 .text.memset   0x10004940        0xc CMakeFiles/impsy_test.dir/Users/mac/2024S2/COMP2560/pico/pico-sdk/src/rp2_common/pico_mem_ops/mem_ops_aeabi.S.obj
                0x10004940                __wrap_memset
 .text.memcpy   0x1000494c        0xc CMakeFiles/impsy_test.dir/Users/mac/2024S2/COMP2560/pico/pico-sdk/src/rp2_common/pico_mem_ops/mem_ops_aeabi.S.obj
                0x1000494c                __wrap___aeabi_memcpy
                0x1000494c                __wrap_memcpy
 .text._ZdlPv   0x10004958        0x8 CMakeFiles/impsy_test.dir/Users/mac/2024S2/COMP2560/pico/pico-sdk/src/rp2_common/pico_standard_link/new_delete.cpp.obj
                0x10004958                operator delete(void*)
 .text.stdio_out_chars_crlf
                0x10004960       0x94 CMakeFiles/impsy_test.dir/Users/mac/2024S2/COMP2560/pico/pico-sdk/src/rp2_common/pico_stdio/stdio.c.obj
 .text.stdio_buffered_printer
                0x100049f4       0x64 CMakeFiles/impsy_test.dir/Users/mac/2024S2/COMP2560/pico/pico-sdk/src/rp2_common/pico_stdio/stdio.c.obj
 .text.__wrap_putchar
                0x10004a58       0x98 CMakeFiles/impsy_test.dir/Users/mac/2024S2/COMP2560/pico/pico-sdk/src/rp2_common/pico_stdio/stdio.c.obj
                0x10004a58                __wrap_putchar
 .text.__wrap_puts
                0x10004af0       0xe0 CMakeFiles/impsy_test.dir/Users/mac/2024S2/COMP2560/pico/pico-sdk/src/rp2_common/pico_stdio/stdio.c.obj
                0x10004af0                __wrap_puts
 .text._read    0x10004bd0       0x94 CMakeFiles/impsy_test.dir/Users/mac/2024S2/COMP2560/pico/pico-sdk/src/rp2_common/pico_stdio/stdio.c.obj
                0x10004bd0                _read
 .text._write   0x10004c64       0xb4 CMakeFiles/impsy_test.dir/Users/mac/2024S2/COMP2560/pico/pico-sdk/src/rp2_common/pico_stdio/stdio.c.obj
                0x10004c64                _write
 .text._close   0x10004d18        0x8 CMakeFiles/impsy_test.dir/Users/mac/2024S2/COMP2560/pico/pico-sdk/src/rp2_common/pico_stdio/stdio.c.obj
                0x10004d18                _close
 .text._lseek   0x10004d20        0x8 CMakeFiles/impsy_test.dir/Users/mac/2024S2/COMP2560/pico/pico-sdk/src/rp2_common/pico_stdio/stdio.c.obj
                0x10004d20                _lseek
 .text._fstat   0x10004d28        0x8 CMakeFiles/impsy_test.dir/Users/mac/2024S2/COMP2560/pico/pico-sdk/src/rp2_common/pico_stdio/stdio.c.obj
                0x10004d28                _fstat
 .text._isatty  0x10004d30        0xc CMakeFiles/impsy_test.dir/Users/mac/2024S2/COMP2560/pico/pico-sdk/src/rp2_common/pico_stdio/stdio.c.obj
                0x10004d30                _isatty
 .text.stdio_set_driver_enabled
                0x10004d3c       0x30 CMakeFiles/impsy_test.dir/Users/mac/2024S2/COMP2560/pico/pico-sdk/src/rp2_common/pico_stdio/stdio.c.obj
                0x10004d3c                stdio_set_driver_enabled
 .text.__wrap_vprintf
                0x10004d6c       0xd4 CMakeFiles/impsy_test.dir/Users/mac/2024S2/COMP2560/pico/pico-sdk/src/rp2_common/pico_stdio/stdio.c.obj
                0x10004d6c                __wrap_vprintf
 .text.__wrap_printf
                0x10004e40       0x18 CMakeFiles/impsy_test.dir/Users/mac/2024S2/COMP2560/pico/pico-sdk/src/rp2_common/pico_stdio/stdio.c.obj
                0x10004e40                __wrap_printf
 .text.stdio_init_all
                0x10004e58        0x8 CMakeFiles/impsy_test.dir/Users/mac/2024S2/COMP2560/pico/pico-sdk/src/rp2_common/pico_stdio/stdio.c.obj
                0x10004e58                stdio_init_all
 .text.resetd_init
                0x10004e60        0x4 CMakeFiles/impsy_test.dir/Users/mac/2024S2/COMP2560/pico/pico-sdk/src/rp2_common/pico_stdio_usb/reset_interface.c.obj
 .text.resetd_reset
                0x10004e64        0xc CMakeFiles/impsy_test.dir/Users/mac/2024S2/COMP2560/pico/pico-sdk/src/rp2_common/pico_stdio_usb/reset_interface.c.obj
 .text.resetd_open
                0x10004e70       0x28 CMakeFiles/impsy_test.dir/Users/mac/2024S2/COMP2560/pico/pico-sdk/src/rp2_common/pico_stdio_usb/reset_interface.c.obj
 .text.resetd_xfer_cb
                0x10004e98        0x4 CMakeFiles/impsy_test.dir/Users/mac/2024S2/COMP2560/pico/pico-sdk/src/rp2_common/pico_stdio_usb/reset_interface.c.obj
 .text.resetd_control_xfer_cb
                0x10004e9c       0x60 CMakeFiles/impsy_test.dir/Users/mac/2024S2/COMP2560/pico/pico-sdk/src/rp2_common/pico_stdio_usb/reset_interface.c.obj
 .text.usbd_app_driver_get_cb
                0x10004efc        0xc CMakeFiles/impsy_test.dir/Users/mac/2024S2/COMP2560/pico/pico-sdk/src/rp2_common/pico_stdio_usb/reset_interface.c.obj
                0x10004efc                usbd_app_driver_get_cb
 .text.tud_cdc_line_coding_cb
                0x10004f08       0x34 CMakeFiles/impsy_test.dir/Users/mac/2024S2/COMP2560/pico/pico-sdk/src/rp2_common/pico_stdio_usb/reset_interface.c.obj
                0x10004f08                tud_cdc_line_coding_cb
 .text.stdio_usb_set_chars_available_callback
                0x10004f3c       0x14 CMakeFiles/impsy_test.dir/Users/mac/2024S2/COMP2560/pico/pico-sdk/src/rp2_common/pico_stdio_usb/stdio_usb.c.obj
                0x10004f3c                stdio_usb_set_chars_available_callback
 .text.usb_irq  0x10004f50       0x10 CMakeFiles/impsy_test.dir/Users/mac/2024S2/COMP2560/pico/pico-sdk/src/rp2_common/pico_stdio_usb/stdio_usb.c.obj
 .text.timer_task
                0x10004f60       0x54 CMakeFiles/impsy_test.dir/Users/mac/2024S2/COMP2560/pico/pico-sdk/src/rp2_common/pico_stdio_usb/stdio_usb.c.obj
 .text.stdio_usb_in_chars
                0x10004fb4       0x90 CMakeFiles/impsy_test.dir/Users/mac/2024S2/COMP2560/pico/pico-sdk/src/rp2_common/pico_stdio_usb/stdio_usb.c.obj
                0x10004fb4                stdio_usb_in_chars
 .text.stdio_usb_out_chars
                0x10005044      0x104 CMakeFiles/impsy_test.dir/Users/mac/2024S2/COMP2560/pico/pico-sdk/src/rp2_common/pico_stdio_usb/stdio_usb.c.obj
 .text.low_priority_worker_irq
                0x10005148       0xa8 CMakeFiles/impsy_test.dir/Users/mac/2024S2/COMP2560/pico/pico-sdk/src/rp2_common/pico_stdio_usb/stdio_usb.c.obj
 .text.tud_cdc_rx_cb
                0x100051f0       0x20 CMakeFiles/impsy_test.dir/Users/mac/2024S2/COMP2560/pico/pico-sdk/src/rp2_common/pico_stdio_usb/stdio_usb.c.obj
                0x100051f0                tud_cdc_rx_cb
 .text.stdio_usb_init
                0x10005210       0xe0 CMakeFiles/impsy_test.dir/Users/mac/2024S2/COMP2560/pico/pico-sdk/src/rp2_common/pico_stdio_usb/stdio_usb.c.obj
                0x10005210                stdio_usb_init
 .text.tud_descriptor_device_cb
                0x100052f0        0x8 CMakeFiles/impsy_test.dir/Users/mac/2024S2/COMP2560/pico/pico-sdk/src/rp2_common/pico_stdio_usb/stdio_usb_descriptors.c.obj
                0x100052f0                tud_descriptor_device_cb
 .text.tud_descriptor_configuration_cb
                0x100052f8        0x8 CMakeFiles/impsy_test.dir/Users/mac/2024S2/COMP2560/pico/pico-sdk/src/rp2_common/pico_stdio_usb/stdio_usb_descriptors.c.obj
                0x100052f8                tud_descriptor_configuration_cb
 .text.tud_descriptor_string_cb
                0x10005300       0x78 CMakeFiles/impsy_test.dir/Users/mac/2024S2/COMP2560/pico/pico-sdk/src/rp2_common/pico_stdio_usb/stdio_usb_descriptors.c.obj
                0x10005300                tud_descriptor_string_cb
 .text.startup._retrieve_unique_id_on_boot
                0x10005378       0x10 CMakeFiles/impsy_test.dir/Users/mac/2024S2/COMP2560/pico/pico-sdk/src/rp2_common/pico_unique_id/unique_id.c.obj
 .text.pico_get_unique_board_id_string
                0x10005388      0x1a8 CMakeFiles/impsy_test.dir/Users/mac/2024S2/COMP2560/pico/pico-sdk/src/rp2_common/pico_unique_id/unique_id.c.obj
                0x10005388                pico_get_unique_board_id_string
 .text.flash_get_unique_id
                0x10005530       0x3c CMakeFiles/impsy_test.dir/Users/mac/2024S2/COMP2560/pico/pico-sdk/src/rp2_common/hardware_flash/flash.c.obj
                0x10005530                flash_get_unique_id
 .text.dcd_int_enable
                0x1000556c        0xc CMakeFiles/impsy_test.dir/Users/mac/2024S2/COMP2560/pico/pico-sdk/lib/tinyusb/src/portable/raspberrypi/rp2040/dcd_rp2040.c.obj
                0x1000556c                dcd_int_enable
 .text.dcd_set_address
                0x10005578       0x14 CMakeFiles/impsy_test.dir/Users/mac/2024S2/COMP2560/pico/pico-sdk/lib/tinyusb/src/portable/raspberrypi/rp2040/dcd_rp2040.c.obj
                0x10005578                dcd_set_address
 .text.dcd_connect
                0x1000558c       0x10 CMakeFiles/impsy_test.dir/Users/mac/2024S2/COMP2560/pico/pico-sdk/lib/tinyusb/src/portable/raspberrypi/rp2040/dcd_rp2040.c.obj
                0x1000558c                dcd_connect
 .text.dcd_init
                0x1000559c       0x98 CMakeFiles/impsy_test.dir/Users/mac/2024S2/COMP2560/pico/pico-sdk/lib/tinyusb/src/portable/raspberrypi/rp2040/dcd_rp2040.c.obj
                0x1000559c                dcd_init
 .text.dcd_edpt0_status_complete
                0x10005634       0x1c CMakeFiles/impsy_test.dir/Users/mac/2024S2/COMP2560/pico/pico-sdk/lib/tinyusb/src/portable/raspberrypi/rp2040/dcd_rp2040.c.obj
                0x10005634                dcd_edpt0_status_complete
 .text.dcd_edpt_open
                0x10005650      0x108 CMakeFiles/impsy_test.dir/Users/mac/2024S2/COMP2560/pico/pico-sdk/lib/tinyusb/src/portable/raspberrypi/rp2040/dcd_rp2040.c.obj
                0x10005650                dcd_edpt_open
 .text.dcd_edpt_close_all
                0x10005758        0x8 CMakeFiles/impsy_test.dir/Users/mac/2024S2/COMP2560/pico/pico-sdk/lib/tinyusb/src/portable/raspberrypi/rp2040/dcd_rp2040.c.obj
                0x10005758                dcd_edpt_close_all
 .text.dcd_edpt_xfer
                0x10005760       0x24 CMakeFiles/impsy_test.dir/Users/mac/2024S2/COMP2560/pico/pico-sdk/lib/tinyusb/src/portable/raspberrypi/rp2040/dcd_rp2040.c.obj
                0x10005760                dcd_edpt_xfer
 .text.dcd_edpt_stall
                0x10005784       0x34 CMakeFiles/impsy_test.dir/Users/mac/2024S2/COMP2560/pico/pico-sdk/lib/tinyusb/src/portable/raspberrypi/rp2040/dcd_rp2040.c.obj
                0x10005784                dcd_edpt_stall
 .text.dcd_edpt_clear_stall
                0x100057b8       0x30 CMakeFiles/impsy_test.dir/Users/mac/2024S2/COMP2560/pico/pico-sdk/lib/tinyusb/src/portable/raspberrypi/rp2040/dcd_rp2040.c.obj
                0x100057b8                dcd_edpt_clear_stall
 .text.rp2040_usb_init
                0x100057e8       0x4c CMakeFiles/impsy_test.dir/Users/mac/2024S2/COMP2560/pico/pico-sdk/lib/tinyusb/src/portable/raspberrypi/rp2040/rp2040_usb.c.obj
                0x100057e8                rp2040_usb_init
 .text.hw_endpoint_xfer_start
                0x10005834       0x40 CMakeFiles/impsy_test.dir/Users/mac/2024S2/COMP2560/pico/pico-sdk/lib/tinyusb/src/portable/raspberrypi/rp2040/rp2040_usb.c.obj
                0x10005834                hw_endpoint_xfer_start
 .text.tud_mounted
                0x10005874       0x10 CMakeFiles/impsy_test.dir/Users/mac/2024S2/COMP2560/pico/pico-sdk/lib/tinyusb/src/device/usbd.c.obj
                0x10005874                tud_mounted
 .text.tud_suspended
                0x10005884       0x10 CMakeFiles/impsy_test.dir/Users/mac/2024S2/COMP2560/pico/pico-sdk/lib/tinyusb/src/device/usbd.c.obj
                0x10005884                tud_suspended
 .text.tud_inited
                0x10005894       0x14 CMakeFiles/impsy_test.dir/Users/mac/2024S2/COMP2560/pico/pico-sdk/lib/tinyusb/src/device/usbd.c.obj
                0x10005894                tud_inited
 .text.tud_init
                0x100058a8       0xdc CMakeFiles/impsy_test.dir/Users/mac/2024S2/COMP2560/pico/pico-sdk/lib/tinyusb/src/device/usbd.c.obj
                0x100058a8                tud_init
 .text.tud_task_ext
                0x10005984      0x850 CMakeFiles/impsy_test.dir/Users/mac/2024S2/COMP2560/pico/pico-sdk/lib/tinyusb/src/device/usbd.c.obj
                0x10005984                tud_task_ext
 .text.usbd_open_edpt_pair
                0x100061d4       0x9c CMakeFiles/impsy_test.dir/Users/mac/2024S2/COMP2560/pico/pico-sdk/lib/tinyusb/src/device/usbd.c.obj
                0x100061d4                usbd_open_edpt_pair
 .text.usbd_defer_func
                0x10006270       0x48 CMakeFiles/impsy_test.dir/Users/mac/2024S2/COMP2560/pico/pico-sdk/lib/tinyusb/src/device/usbd.c.obj
                0x10006270                usbd_defer_func
 .text.usbd_edpt_open
                0x100062b8       0x34 CMakeFiles/impsy_test.dir/Users/mac/2024S2/COMP2560/pico/pico-sdk/lib/tinyusb/src/device/usbd.c.obj
                0x100062b8                usbd_edpt_open
 .text.usbd_edpt_claim
                0x100062ec       0x28 CMakeFiles/impsy_test.dir/Users/mac/2024S2/COMP2560/pico/pico-sdk/lib/tinyusb/src/device/usbd.c.obj
                0x100062ec                usbd_edpt_claim
 .text.usbd_edpt_release
                0x10006314       0x28 CMakeFiles/impsy_test.dir/Users/mac/2024S2/COMP2560/pico/pico-sdk/lib/tinyusb/src/device/usbd.c.obj
                0x10006314                usbd_edpt_release
 .text.usbd_edpt_xfer
                0x1000633c       0x4c CMakeFiles/impsy_test.dir/Users/mac/2024S2/COMP2560/pico/pico-sdk/lib/tinyusb/src/device/usbd.c.obj
                0x1000633c                usbd_edpt_xfer
 .text.tud_control_status
                0x10006388       0x2c CMakeFiles/impsy_test.dir/Users/mac/2024S2/COMP2560/pico/pico-sdk/lib/tinyusb/src/device/usbd_control.c.obj
                0x10006388                tud_control_status
 .text.tud_control_xfer
                0x100063b4       0xac CMakeFiles/impsy_test.dir/Users/mac/2024S2/COMP2560/pico/pico-sdk/lib/tinyusb/src/device/usbd_control.c.obj
                0x100063b4                tud_control_xfer
 .text.usbd_control_reset
                0x10006460       0x14 CMakeFiles/impsy_test.dir/Users/mac/2024S2/COMP2560/pico/pico-sdk/lib/tinyusb/src/device/usbd_control.c.obj
                0x10006460                usbd_control_reset
 .text.usbd_control_set_complete_callback
                0x10006474        0xc CMakeFiles/impsy_test.dir/Users/mac/2024S2/COMP2560/pico/pico-sdk/lib/tinyusb/src/device/usbd_control.c.obj
                0x10006474                usbd_control_set_complete_callback
 .text.usbd_control_set_request
                0x10006480       0x1c CMakeFiles/impsy_test.dir/Users/mac/2024S2/COMP2560/pico/pico-sdk/lib/tinyusb/src/device/usbd_control.c.obj
                0x10006480                usbd_control_set_request
 .text.usbd_control_xfer_cb
                0x1000649c       0xf4 CMakeFiles/impsy_test.dir/Users/mac/2024S2/COMP2560/pico/pico-sdk/lib/tinyusb/src/device/usbd_control.c.obj
                0x1000649c                usbd_control_xfer_cb
 .text.tud_cdc_n_connected
                0x10006590       0x30 CMakeFiles/impsy_test.dir/Users/mac/2024S2/COMP2560/pico/pico-sdk/lib/tinyusb/src/class/cdc/cdc_device.c.obj
                0x10006590                tud_cdc_n_connected
 .text.tud_cdc_n_available
                0x100065c0       0x18 CMakeFiles/impsy_test.dir/Users/mac/2024S2/COMP2560/pico/pico-sdk/lib/tinyusb/src/class/cdc/cdc_device.c.obj
                0x100065c0                tud_cdc_n_available
 .text.tud_cdc_n_read
                0x100065d8       0x70 CMakeFiles/impsy_test.dir/Users/mac/2024S2/COMP2560/pico/pico-sdk/lib/tinyusb/src/class/cdc/cdc_device.c.obj
                0x100065d8                tud_cdc_n_read
 .text.tud_cdc_n_write_flush
                0x10006648       0x78 CMakeFiles/impsy_test.dir/Users/mac/2024S2/COMP2560/pico/pico-sdk/lib/tinyusb/src/class/cdc/cdc_device.c.obj
                0x10006648                tud_cdc_n_write_flush
 .text.tud_cdc_n_write
                0x100066c0       0x34 CMakeFiles/impsy_test.dir/Users/mac/2024S2/COMP2560/pico/pico-sdk/lib/tinyusb/src/class/cdc/cdc_device.c.obj
                0x100066c0                tud_cdc_n_write
 .text.tud_cdc_n_write_available
                0x100066f4       0x18 CMakeFiles/impsy_test.dir/Users/mac/2024S2/COMP2560/pico/pico-sdk/lib/tinyusb/src/class/cdc/cdc_device.c.obj
                0x100066f4                tud_cdc_n_write_available
 .text.cdcd_init
                0x1000670c       0x7c CMakeFiles/impsy_test.dir/Users/mac/2024S2/COMP2560/pico/pico-sdk/lib/tinyusb/src/class/cdc/cdc_device.c.obj
                0x1000670c                cdcd_init
 .text.cdcd_reset
                0x10006788       0x2c CMakeFiles/impsy_test.dir/Users/mac/2024S2/COMP2560/pico/pico-sdk/lib/tinyusb/src/class/cdc/cdc_device.c.obj
                0x10006788                cdcd_reset
 .text.cdcd_open
                0x100067b4       0xe4 CMakeFiles/impsy_test.dir/Users/mac/2024S2/COMP2560/pico/pico-sdk/lib/tinyusb/src/class/cdc/cdc_device.c.obj
                0x100067b4                cdcd_open
 .text.cdcd_control_xfer_cb
                0x10006898       0xe4 CMakeFiles/impsy_test.dir/Users/mac/2024S2/COMP2560/pico/pico-sdk/lib/tinyusb/src/class/cdc/cdc_device.c.obj
                0x10006898                cdcd_control_xfer_cb
 .text.cdcd_xfer_cb
                0x1000697c      0x13c CMakeFiles/impsy_test.dir/Users/mac/2024S2/COMP2560/pico/pico-sdk/lib/tinyusb/src/class/cdc/cdc_device.c.obj
                0x1000697c                cdcd_xfer_cb
 .text.tusb_init
                0x10006ab8        0xc CMakeFiles/impsy_test.dir/Users/mac/2024S2/COMP2560/pico/pico-sdk/lib/tinyusb/src/tusb.c.obj
                0x10006ab8                tusb_init
 .text.tusb_inited
                0x10006ac4        0x8 CMakeFiles/impsy_test.dir/Users/mac/2024S2/COMP2560/pico/pico-sdk/lib/tinyusb/src/tusb.c.obj
                0x10006ac4                tusb_inited
 .text.tu_edpt_claim
                0x10006acc       0x50 CMakeFiles/impsy_test.dir/Users/mac/2024S2/COMP2560/pico/pico-sdk/lib/tinyusb/src/tusb.c.obj
                0x10006acc                tu_edpt_claim
 .text.tu_edpt_release
                0x10006b1c       0x38 CMakeFiles/impsy_test.dir/Users/mac/2024S2/COMP2560/pico/pico-sdk/lib/tinyusb/src/tusb.c.obj
                0x10006b1c                tu_edpt_release
 .text.tu_edpt_validate
                0x10006b54       0x7c CMakeFiles/impsy_test.dir/Users/mac/2024S2/COMP2560/pico/pico-sdk/lib/tinyusb/src/tusb.c.obj
                0x10006b54                tu_edpt_validate
 .text.tu_edpt_bind_driver
                0x10006bd0       0x34 CMakeFiles/impsy_test.dir/Users/mac/2024S2/COMP2560/pico/pico-sdk/lib/tinyusb/src/tusb.c.obj
                0x10006bd0                tu_edpt_bind_driver
 .text.tu_fifo_config
                0x10006c04       0x6c CMakeFiles/impsy_test.dir/Users/mac/2024S2/COMP2560/pico/pico-sdk/lib/tinyusb/src/common/tusb_fifo.c.obj
                0x10006c04                tu_fifo_config
 .text.tu_fifo_count
                0x10006c70       0x2c CMakeFiles/impsy_test.dir/Users/mac/2024S2/COMP2560/pico/pico-sdk/lib/tinyusb/src/common/tusb_fifo.c.obj
                0x10006c70                tu_fifo_count
 .text.tu_fifo_empty
                0x10006c9c       0x10 CMakeFiles/impsy_test.dir/Users/mac/2024S2/COMP2560/pico/pico-sdk/lib/tinyusb/src/common/tusb_fifo.c.obj
                0x10006c9c                tu_fifo_empty
 .text.tu_fifo_remaining
                0x10006cac       0x2c CMakeFiles/impsy_test.dir/Users/mac/2024S2/COMP2560/pico/pico-sdk/lib/tinyusb/src/common/tusb_fifo.c.obj
                0x10006cac                tu_fifo_remaining
 .text.tu_fifo_read
                0x10006cd8       0x9c CMakeFiles/impsy_test.dir/Users/mac/2024S2/COMP2560/pico/pico-sdk/lib/tinyusb/src/common/tusb_fifo.c.obj
                0x10006cd8                tu_fifo_read
 .text.tu_fifo_read_n
                0x10006d74       0xe8 CMakeFiles/impsy_test.dir/Users/mac/2024S2/COMP2560/pico/pico-sdk/lib/tinyusb/src/common/tusb_fifo.c.obj
                0x10006d74                tu_fifo_read_n
 .text.tu_fifo_write
                0x10006e5c       0xa8 CMakeFiles/impsy_test.dir/Users/mac/2024S2/COMP2560/pico/pico-sdk/lib/tinyusb/src/common/tusb_fifo.c.obj
                0x10006e5c                tu_fifo_write
 .text.tu_fifo_write_n
                0x10006f04      0x178 CMakeFiles/impsy_test.dir/Users/mac/2024S2/COMP2560/pico/pico-sdk/lib/tinyusb/src/common/tusb_fifo.c.obj
                0x10006f04                tu_fifo_write_n
 .text.tu_fifo_clear
                0x1000707c       0x40 CMakeFiles/impsy_test.dir/Users/mac/2024S2/COMP2560/pico/pico-sdk/lib/tinyusb/src/common/tusb_fifo.c.obj
                0x1000707c                tu_fifo_clear
 .text.tu_fifo_set_overwritable
                0x100070bc       0x48 CMakeFiles/impsy_test.dir/Users/mac/2024S2/COMP2560/pico/pico-sdk/lib/tinyusb/src/common/tusb_fifo.c.obj
                0x100070bc                tu_fifo_set_overwritable
 .text.core1_trampoline
                0x10007104        0x4 CMakeFiles/impsy_test.dir/Users/mac/2024S2/COMP2560/pico/pico-sdk/src/rp2_common/pico_multicore/multicore.c.obj
 .text.core1_wrapper
                0x10007108        0xc CMakeFiles/impsy_test.dir/Users/mac/2024S2/COMP2560/pico/pico-sdk/src/rp2_common/pico_multicore/multicore.c.obj
                0x10007108                core1_wrapper
 .text.multicore_fifo_push_blocking
                0x10007114       0x14 CMakeFiles/impsy_test.dir/Users/mac/2024S2/COMP2560/pico/pico-sdk/src/rp2_common/pico_multicore/multicore.c.obj
                0x10007114                multicore_fifo_push_blocking
 .text.multicore_fifo_pop_blocking
                0x10007128       0x1c CMakeFiles/impsy_test.dir/Users/mac/2024S2/COMP2560/pico/pico-sdk/src/rp2_common/pico_multicore/multicore.c.obj
                0x10007128                multicore_fifo_pop_blocking
 .text.multicore_reset_core1
                0x10007144       0x24 CMakeFiles/impsy_test.dir/Users/mac/2024S2/COMP2560/pico/pico-sdk/src/rp2_common/pico_multicore/multicore.c.obj
                0x10007144                multicore_reset_core1
 .text.multicore_launch_core1_raw
                0x10007168       0x84 CMakeFiles/impsy_test.dir/Users/mac/2024S2/COMP2560/pico/pico-sdk/src/rp2_common/pico_multicore/multicore.c.obj
                0x10007168                multicore_launch_core1_raw
 .text.multicore_launch_core1
                0x100071ec       0x58 CMakeFiles/impsy_test.dir/Users/mac/2024S2/COMP2560/pico/pico-sdk/src/rp2_common/pico_multicore/multicore.c.obj
                0x100071ec                multicore_launch_core1
 .text._ZN6tflite17ConvertTensorTypeENS_10TensorTypeEP10TfLiteTypePNS_13ErrorReporterE
                0x10007244       0x9c ../../libpico-tflmicro.a(flatbuffer_conversions.cpp.obj)
                0x10007244                tflite::ConvertTensorType(tflite::TensorType, TfLiteType*, tflite::ErrorReporter*)
 .text._ZN6tflite19ParseFullyConnectedEPKNS_8OperatorEPNS_13ErrorReporterEPNS_20BuiltinDataAllocatorEPPv
                0x100072e0      0x12c ../../libpico-tflmicro.a(flatbuffer_conversions.cpp.obj)
                0x100072e0                tflite::ParseFullyConnected(tflite::Operator const*, tflite::ErrorReporter*, tflite::BuiltinDataAllocator*, void**)
 .text._ZN6tflite12_GLOBAL__N_14InitEP13TfLiteContextPKcj
                0x1000740c        0xc ../../libpico-tflmicro.a(fully_connected.cpp.obj)
 .text._ZN6tflite12_GLOBAL__N_17PrepareEP13TfLiteContextP10TfLiteNode
                0x10007418      0x2e4 ../../libpico-tflmicro.a(fully_connected.cpp.obj)
 .text._ZN6tflite12_GLOBAL__N_118EvalQuantizedInt16EP13TfLiteContextP10TfLiteNodeRKNS0_6OpDataEPK16TfLiteEvalTensorSA_SA_PS8_.isra.0
                0x100076fc      0x108 ../../libpico-tflmicro.a(fully_connected.cpp.obj)
 .text._ZN6tflite12_GLOBAL__N_117EvalQuantizedInt8EP13TfLiteContextP10TfLiteNodeRKNS0_6OpDataEPK16TfLiteEvalTensorSA_SA_PS8_.isra.0
                0x10007804      0x234 ../../libpico-tflmicro.a(fully_connected.cpp.obj)
 .text._ZN6tflite12_GLOBAL__N_117EvalQuantizedInt4EP13TfLiteContextP10TfLiteNodeRKNS0_6OpDataEPK16TfLiteEvalTensorSA_SA_PS8_.isra.0
                0x10007a38      0x118 ../../libpico-tflmicro.a(fully_connected.cpp.obj)
 .text._ZN6tflite12_GLOBAL__N_14EvalEP13TfLiteContextP10TfLiteNode
                0x10007b50      0x298 ../../libpico-tflmicro.a(fully_connected.cpp.obj)
 .text._ZN6tflite24Register_FULLY_CONNECTEDEv
                0x10007de8       0x2c ../../libpico-tflmicro.a(fully_connected.cpp.obj)
                0x10007de8                tflite::Register_FULLY_CONNECTED()
 .text._ZN6tflite25FullyConnectedParamsFloatE21TfLiteFusedActivation
                0x10007e14       0x3c ../../libpico-tflmicro.a(fully_connected_common.cpp.obj)
                0x10007e14                tflite::FullyConnectedParamsFloat(TfLiteFusedActivation)
 .text._ZN6tflite29CalculateOpDataFullyConnectedEP13TfLiteContext21TfLiteFusedActivation10TfLiteTypePK12TfLiteTensorS6_S6_PS4_PNS_20OpDataFullyConnectedE
                0x10007e50       0x68 ../../libpico-tflmicro.a(fully_connected_common.cpp.obj)
                0x10007e50                tflite::CalculateOpDataFullyConnected(TfLiteContext*, TfLiteFusedActivation, TfLiteType, TfLiteTensor const*, TfLiteTensor const*, TfLiteTensor const*, TfLiteTensor*, tflite::OpDataFullyConnected*)
 .text._ZN6tflite5micro10RegisterOpEPFPvP13TfLiteContextPKcjEPF12TfLiteStatusS3_P10TfLiteNodeESC_PFvS3_S1_ESE_
                0x10007eb8       0x18 ../../libpico-tflmicro.a(kernel_util.cpp.obj)
                0x10007eb8                tflite::micro::RegisterOp(void* (*)(TfLiteContext*, char const*, unsigned int), TfLiteStatus (*)(TfLiteContext*, TfLiteNode*), TfLiteStatus (*)(TfLiteContext*, TfLiteNode*), void (*)(TfLiteContext*, void*), void (*)(TfLiteContext*, void*))
 .text._ZN6tflite5micro12GetEvalInputEPK13TfLiteContextPK10TfLiteNodei
                0x10007ed0       0x28 ../../libpico-tflmicro.a(kernel_util.cpp.obj)
                0x10007ed0                tflite::micro::GetEvalInput(TfLiteContext const*, TfLiteNode const*, int)
 .text._ZN6tflite5micro13GetEvalOutputEPK13TfLiteContextPK10TfLiteNodei
                0x10007ef8       0x10 ../../libpico-tflmicro.a(kernel_util.cpp.obj)
                0x10007ef8                tflite::micro::GetEvalOutput(TfLiteContext const*, TfLiteNode const*, int)
 .text._ZN6tflite5micro14GetTensorShapeEPK16TfLiteEvalTensor
                0x10007f08       0x24 ../../libpico-tflmicro.a(kernel_util.cpp.obj)
                0x10007f08                tflite::micro::GetTensorShape(TfLiteEvalTensor const*)
 .text._ZN6tflite14AlignPointerUpEPhj
                0x10007f2c       0x10 ../../libpico-tflmicro.a(memory_helpers.cpp.obj)
                0x10007f2c                tflite::AlignPointerUp(unsigned char*, unsigned int)
 .text._ZN6tflite16AlignPointerDownEPhj
                0x10007f3c        0xc ../../libpico-tflmicro.a(memory_helpers.cpp.obj)
                0x10007f3c                tflite::AlignPointerDown(unsigned char*, unsigned int)
 .text._ZN6tflite11AlignSizeUpEjj
                0x10007f48       0x10 ../../libpico-tflmicro.a(memory_helpers.cpp.obj)
                0x10007f48                tflite::AlignSizeUp(unsigned int, unsigned int)
 .text._ZN6tflite16TfLiteTypeSizeOfE10TfLiteTypePj
                0x10007f58       0x60 ../../libpico-tflmicro.a(memory_helpers.cpp.obj)
                0x10007f58                tflite::TfLiteTypeSizeOf(TfLiteType, unsigned int*)
 .text._ZN6tflite22BytesRequiredForTensorERKNS_6TensorEPjS3_
                0x10007fb8       0x8c ../../libpico-tflmicro.a(memory_helpers.cpp.obj)
                0x10007fb8                tflite::BytesRequiredForTensor(tflite::Tensor const&, unsigned int*, unsigned int*)
 .text._ZN6tflite26TfLiteEvalTensorByteLengthEPK16TfLiteEvalTensorPj
                0x10008044       0x88 ../../libpico-tflmicro.a(memory_helpers.cpp.obj)
                0x10008044                tflite::TfLiteEvalTensorByteLength(TfLiteEvalTensor const*, unsigned int*)
 .text._ZN6tflite12MicroContext23AllocateTempInputTensorEPK10TfLiteNodei
                0x100080cc       0x24 ../../libpico-tflmicro.a(micro_context.cpp.obj)
                0x100080cc                tflite::MicroContext::AllocateTempInputTensor(TfLiteNode const*, int)
 .text._ZN6tflite12MicroContext24AllocateTempOutputTensorEPK10TfLiteNodei
                0x100080f0       0x24 ../../libpico-tflmicro.a(micro_context.cpp.obj)
                0x100080f0                tflite::MicroContext::AllocateTempOutputTensor(TfLiteNode const*, int)
 .text._ZN6tflite25MicroContextReportOpErrorEP13TfLiteContextPKcz
                0x10008114       0x18 ../../libpico-tflmicro.a(micro_context.cpp.obj)
                0x10008114                tflite::MicroContextReportOpError(TfLiteContext*, char const*, ...)
 .text._ZN6tflite36MicroContextAllocatePersistentBufferEP13TfLiteContextj
                0x1000812c        0xc ../../libpico-tflmicro.a(micro_interpreter.cpp.obj)
                0x1000812c                tflite::MicroContextAllocatePersistentBuffer(TfLiteContext*, unsigned int)
 .text._ZN6tflite39MicroContextRequestScratchBufferInArenaEP13TfLiteContextjPi
                0x10008138        0xc ../../libpico-tflmicro.a(micro_interpreter.cpp.obj)
                0x10008138                tflite::MicroContextRequestScratchBufferInArena(TfLiteContext*, unsigned int, int*)
 .text._ZN6tflite28MicroContextGetScratchBufferEP13TfLiteContexti
                0x10008144        0xc ../../libpico-tflmicro.a(micro_interpreter.cpp.obj)
                0x10008144                tflite::MicroContextGetScratchBuffer(TfLiteContext*, int)
 .text._ZN6tflite21MicroContextGetTensorEPK13TfLiteContexti
                0x10008150        0xc ../../libpico-tflmicro.a(micro_interpreter.cpp.obj)
                0x10008150                tflite::MicroContextGetTensor(TfLiteContext const*, int)
 .text._ZN6tflite25MicroContextGetEvalTensorEPK13TfLiteContexti
                0x1000815c        0xc ../../libpico-tflmicro.a(micro_interpreter.cpp.obj)
                0x1000815c                tflite::MicroContextGetEvalTensor(TfLiteContext const*, int)
 .text._ZN6tflite23MicroInterpreterContext16external_contextEv
                0x10008168        0x4 ../../libpico-tflmicro.a(micro_interpreter.cpp.obj)
                0x10008168                tflite::MicroInterpreterContext::external_context()
 .text._ZN6tflite30MicroContextGetExternalContextEP13TfLiteContext25TfLiteExternalContextType
                0x1000816c       0x1c ../../libpico-tflmicro.a(micro_interpreter.cpp.obj)
                0x1000816c                tflite::MicroContextGetExternalContext(TfLiteContext*, TfLiteExternalContextType)
 .text._ZN6tflite16MicroInterpreterC2EPKNS_5ModelERKNS_15MicroOpResolverEPhjPNS_22MicroResourceVariablesEPNS_22MicroProfilerInterfaceEb
                0x10008188       0xc0 ../../libpico-tflmicro.a(micro_interpreter.cpp.obj)
                0x10008188                tflite::MicroInterpreter::MicroInterpreter(tflite::Model const*, tflite::MicroOpResolver const&, unsigned char*, unsigned int, tflite::MicroResourceVariables*, tflite::MicroProfilerInterface*, bool)
                0x10008188                tflite::MicroInterpreter::MicroInterpreter(tflite::Model const*, tflite::MicroOpResolver const&, unsigned char*, unsigned int, tflite::MicroResourceVariables*, tflite::MicroProfilerInterface*, bool)
 .text._ZN6tflite16MicroInterpreterD2Ev
                0x10008248       0x28 ../../libpico-tflmicro.a(micro_interpreter.cpp.obj)
                0x10008248                tflite::MicroInterpreter::~MicroInterpreter()
                0x10008248                tflite::MicroInterpreter::~MicroInterpreter()
 .text._ZN6tflite16MicroInterpreter44PrepareNodeAndRegistrationDataFromFlatbufferEv
                0x10008270      0x2dc ../../libpico-tflmicro.a(micro_interpreter.cpp.obj)
                0x10008270                tflite::MicroInterpreter::PrepareNodeAndRegistrationDataFromFlatbuffer()
 .text._ZN6tflite16MicroInterpreter15AllocateTensorsEv
                0x1000854c      0x320 ../../libpico-tflmicro.a(micro_interpreter.cpp.obj)
                0x1000854c                tflite::MicroInterpreter::AllocateTensors()
 .text._ZN6tflite23MicroInterpreterContext5graphEv
                0x1000886c        0x4 ../../libpico-tflmicro.a(micro_interpreter_context.cpp.obj)
                0x1000886c                tflite::MicroInterpreterContext::graph()
 .text._ZN6tflite23MicroInterpreterContextD0Ev
                0x10008870        0x4 ../../libpico-tflmicro.a(micro_interpreter_context.cpp.obj)
                0x10008870                tflite::MicroInterpreterContext::~MicroInterpreterContext()
                0x10008870                tflite::MicroInterpreterContext::~MicroInterpreterContext()
                0x10008870                tflite::MicroInterpreterContext::~MicroInterpreterContext()
 .text._ZN6tflite23MicroInterpreterContext24AllocatePersistentBufferEj
                0x10008874        0xc ../../libpico-tflmicro.a(micro_interpreter_context.cpp.obj)
                0x10008874                tflite::MicroInterpreterContext::AllocatePersistentBuffer(unsigned int)
 .text._ZN6tflite23MicroInterpreterContext16GetScratchBufferEi
                0x10008880        0x8 ../../libpico-tflmicro.a(micro_interpreter_context.cpp.obj)
                0x10008880                tflite::MicroInterpreterContext::GetScratchBuffer(int)
 .text._ZN6tflite23MicroInterpreterContext24AllocateTempTfLiteTensorEi
                0x10008888       0x20 ../../libpico-tflmicro.a(micro_interpreter_context.cpp.obj)
                0x10008888                tflite::MicroInterpreterContext::AllocateTempTfLiteTensor(int)
 .text._ZN6tflite23MicroInterpreterContext26DeallocateTempTfLiteTensorEP12TfLiteTensor
                0x100088a8        0xc ../../libpico-tflmicro.a(micro_interpreter_context.cpp.obj)
                0x100088a8                tflite::MicroInterpreterContext::DeallocateTempTfLiteTensor(TfLiteTensor*)
 .text._ZN6tflite23MicroInterpreterContext18AllocateTempBufferEjj
                0x100088b4        0xc ../../libpico-tflmicro.a(micro_interpreter_context.cpp.obj)
                0x100088b4                tflite::MicroInterpreterContext::AllocateTempBuffer(unsigned int, unsigned int)
 .text._ZN6tflite23MicroInterpreterContext20DeallocateTempBufferEPh
                0x100088c0        0xc ../../libpico-tflmicro.a(micro_interpreter_context.cpp.obj)
                0x100088c0                tflite::MicroInterpreterContext::DeallocateTempBuffer(unsigned char*)
 .text._ZN6tflite23MicroInterpreterContext13GetEvalTensorEi
                0x100088cc       0x18 ../../libpico-tflmicro.a(micro_interpreter_context.cpp.obj)
                0x100088cc                tflite::MicroInterpreterContext::GetEvalTensor(int)
 .text._ZN6tflite23MicroInterpreterContext27RequestScratchBufferInArenaEjPi
                0x100088e4       0x10 ../../libpico-tflmicro.a(micro_interpreter_context.cpp.obj)
                0x100088e4                tflite::MicroInterpreterContext::RequestScratchBufferInArena(unsigned int, int*)
 .text._ZN6tflite23MicroInterpreterContext20set_external_contextEPv
                0x100088f4       0x24 ../../libpico-tflmicro.a(micro_interpreter_context.cpp.obj)
                0x100088f4                tflite::MicroInterpreterContext::set_external_context(void*)
 .text._ZN6tflite23MicroInterpreterContextC2EPNS_14MicroAllocatorEPKNS_5ModelEPNS_21MicroInterpreterGraphE
                0x10008918       0x1c ../../libpico-tflmicro.a(micro_interpreter_context.cpp.obj)
                0x10008918                tflite::MicroInterpreterContext::MicroInterpreterContext(tflite::MicroAllocator*, tflite::Model const*, tflite::MicroInterpreterGraph*)
                0x10008918                tflite::MicroInterpreterContext::MicroInterpreterContext(tflite::MicroAllocator*, tflite::Model const*, tflite::MicroInterpreterGraph*)
 .text._ZN6tflite23MicroInterpreterContext23SetScratchBufferHandlesEPNS_19ScratchBufferHandleE
                0x10008934        0x4 ../../libpico-tflmicro.a(micro_interpreter_context.cpp.obj)
                0x10008934                tflite::MicroInterpreterContext::SetScratchBufferHandles(tflite::ScratchBufferHandle*)
 .text._ZN6tflite23MicroInterpreterContext19SetInterpreterStateENS0_16InterpreterStateE
                0x10008938        0x4 ../../libpico-tflmicro.a(micro_interpreter_context.cpp.obj)
                0x10008938                tflite::MicroInterpreterContext::SetInterpreterState(tflite::MicroInterpreterContext::InterpreterState)
 .text._ZN6tflite21MicroInterpreterGraph20GetResourceVariablesEv
                0x1000893c        0x4 ../../libpico-tflmicro.a(micro_interpreter_graph.cpp.obj)
                0x1000893c                tflite::MicroInterpreterGraph::GetResourceVariables()
 .text._ZN6tflite21MicroInterpreterGraphD0Ev
                0x10008940        0x4 ../../libpico-tflmicro.a(micro_interpreter_graph.cpp.obj)
                0x10008940                tflite::MicroInterpreterGraph::~MicroInterpreterGraph()
                0x10008940                tflite::MicroInterpreterGraph::~MicroInterpreterGraph()
                0x10008940                tflite::MicroInterpreterGraph::~MicroInterpreterGraph()
 .text._ZN6tflite21MicroInterpreterGraph12NumSubgraphsEv
                0x10008944       0x20 ../../libpico-tflmicro.a(micro_interpreter_graph.cpp.obj)
                0x10008944                tflite::MicroInterpreterGraph::NumSubgraphs()
 .text._ZN6tflite21MicroInterpreterGraph17NumSubgraphInputsEi
                0x10008964       0x44 ../../libpico-tflmicro.a(micro_interpreter_graph.cpp.obj)
                0x10008964                tflite::MicroInterpreterGraph::NumSubgraphInputs(int)
 .text._ZN6tflite21MicroInterpreterGraph16GetSubgraphInputEii
                0x100089a8       0x58 ../../libpico-tflmicro.a(micro_interpreter_graph.cpp.obj)
                0x100089a8                tflite::MicroInterpreterGraph::GetSubgraphInput(int, int)
 .text._ZN6tflite21MicroInterpreterGraph18NumSubgraphOutputsEi
                0x10008a00       0x44 ../../libpico-tflmicro.a(micro_interpreter_graph.cpp.obj)
                0x10008a00                tflite::MicroInterpreterGraph::NumSubgraphOutputs(int)
 .text._ZN6tflite21MicroInterpreterGraph17GetSubgraphOutputEii
                0x10008a44       0x58 ../../libpico-tflmicro.a(micro_interpreter_graph.cpp.obj)
                0x10008a44                tflite::MicroInterpreterGraph::GetSubgraphOutput(int, int)
 .text._ZN6tflite21MicroInterpreterGraph13InitSubgraphsEv
                0x10008a9c       0x84 ../../libpico-tflmicro.a(micro_interpreter_graph.cpp.obj)
                0x10008a9c                tflite::MicroInterpreterGraph::InitSubgraphs()
 .text._ZN6tflite21MicroInterpreterGraph14ResetSubgraphsEv
                0x10008b20       0x6c ../../libpico-tflmicro.a(micro_interpreter_graph.cpp.obj)
                0x10008b20                tflite::MicroInterpreterGraph::ResetSubgraphs()
 .text._ZN6tflite21MicroInterpreterGraph13FreeSubgraphsEv
                0x10008b8c       0x6c ../../libpico-tflmicro.a(micro_interpreter_graph.cpp.obj)
                0x10008b8c                tflite::MicroInterpreterGraph::FreeSubgraphs()
 .text._ZN6tflite21MicroInterpreterGraph14InvokeSubgraphEi
                0x10008bf8      0x118 ../../libpico-tflmicro.a(micro_interpreter_graph.cpp.obj)
                0x10008bf8                tflite::MicroInterpreterGraph::InvokeSubgraph(int)
 .text._ZN6tflite21MicroInterpreterGraph16PrepareSubgraphsEv
                0x10008d10       0xb4 ../../libpico-tflmicro.a(micro_interpreter_graph.cpp.obj)
                0x10008d10                tflite::MicroInterpreterGraph::PrepareSubgraphs()
 .text._ZN6tflite21MicroInterpreterGraph20ResetVariableTensorsEv
                0x10008dc4      0x124 ../../libpico-tflmicro.a(micro_interpreter_graph.cpp.obj)
                0x10008dc4                tflite::MicroInterpreterGraph::ResetVariableTensors()
 .text._ZN6tflite21MicroInterpreterGraphC2EP13TfLiteContextPKNS_5ModelEPNS_14MicroAllocatorEPNS_22MicroResourceVariablesE
                0x10008ee8       0x3c ../../libpico-tflmicro.a(micro_interpreter_graph.cpp.obj)
                0x10008ee8                tflite::MicroInterpreterGraph::MicroInterpreterGraph(TfLiteContext*, tflite::Model const*, tflite::MicroAllocator*, tflite::MicroResourceVariables*)
                0x10008ee8                tflite::MicroInterpreterGraph::MicroInterpreterGraph(TfLiteContext*, tflite::Model const*, tflite::MicroAllocator*, tflite::MicroResourceVariables*)
 .text._ZN6tflite21MicroInterpreterGraph22SetSubgraphAllocationsEPNS_19SubgraphAllocationsE
                0x10008f24        0x4 ../../libpico-tflmicro.a(micro_interpreter_graph.cpp.obj)
                0x10008f24                tflite::MicroInterpreterGraph::SetSubgraphAllocations(tflite::SubgraphAllocations*)
 .text._ZN12_GLOBAL__N_19VDebugLogEPKcz.constprop.0
                0x10008f28       0x1c ../../libpico-tflmicro.a(micro_log.cpp.obj)
 .text._Z12VMicroPrintfPKcSt9__va_list
                0x10008f44       0x14 ../../libpico-tflmicro.a(micro_log.cpp.obj)
                0x10008f44                VMicroPrintf(char const*, std::__va_list)
 .text._Z11MicroPrintfPKcz
                0x10008f58       0x24 ../../libpico-tflmicro.a(micro_log.cpp.obj)
                0x10008f58                MicroPrintf(char const*, ...)
 .text._ZN6tflite25GetRegistrationFromOpCodeEPKNS_12OperatorCodeERKNS_15MicroOpResolverEPPK16TFLMRegistration
                0x10008f7c       0x9c ../../libpico-tflmicro.a(micro_op_resolver.cpp.obj)
                0x10008f7c                tflite::GetRegistrationFromOpCode(tflite::OperatorCode const*, tflite::MicroOpResolver const&, TFLMRegistration const**)
 .text._ZN6tflite22MicroResourceVariables8ResetAllEv
                0x10009018       0x2c ../../libpico-tflmicro.a(micro_resource_variable.cpp.obj)
                0x10009018                tflite::MicroResourceVariables::ResetAll()
 .text._ZN6tflite16InitializeTargetEv
                0x10009044        0x8 ../../libpico-tflmicro.a(system_setup.cpp.obj)
                0x10009044                tflite::InitializeTarget()
 .text.DebugLog
                0x1000904c       0x18 ../../libpico-tflmicro.a(system_setup.cpp.obj)
                0x1000904c                DebugLog
 .text._ZN6tflite17ConvertTensorTypeENS_10TensorTypeEP10TfLiteType
                0x10009064       0x18 ../../libpico-tflmicro.a(flatbuffer_conversions_bridge.cpp.obj)
                0x10009064                tflite::ConvertTensorType(tflite::TensorType, TfLiteType*)
 .text._ZN6tflite24CallBuiltinParseFunctionEPF12TfLiteStatusPKNS_8OperatorEPNS_13ErrorReporterEPNS_20BuiltinDataAllocatorEPPvES3_S7_S9_
                0x1000907c       0x1c ../../libpico-tflmicro.a(flatbuffer_conversions_bridge.cpp.obj)
                0x1000907c                tflite::CallBuiltinParseFunction(TfLiteStatus (*)(tflite::Operator const*, tflite::ErrorReporter*, tflite::BuiltinDataAllocator*, void**), tflite::Operator const*, tflite::BuiltinDataAllocator*, void**)
 .text._ZN6tflite18MicroErrorReporterD0Ev
                0x10009098        0x4 ../../libpico-tflmicro.a(micro_error_reporter.cpp.obj)
                0x10009098                tflite::MicroErrorReporter::~MicroErrorReporter()
                0x10009098                tflite::MicroErrorReporter::~MicroErrorReporter()
                0x10009098                tflite::MicroErrorReporter::~MicroErrorReporter()
 .text._ZN6tflite18MicroErrorReporter6ReportEPKcSt9__va_list
                0x1000909c       0x10 ../../libpico-tflmicro.a(micro_error_reporter.cpp.obj)
                0x1000909c                tflite::MicroErrorReporter::Report(char const*, std::__va_list)
 .text._ZN6tflite21GetMicroErrorReporterEv
                0x100090ac       0x20 ../../libpico-tflmicro.a(micro_error_reporter.cpp.obj)
                0x100090ac                tflite::GetMicroErrorReporter()
 .text._ZN6tflite14GetBuiltinCodeEPKNS_12OperatorCodeE
                0x100090cc       0x3c ../../libpico-tflmicro.a(schema_utils.cpp.obj)
                0x100090cc                tflite::GetBuiltinCode(tflite::OperatorCode const*)
 .text.arm_convolve_1x1_s8_fast
                0x10009108       0x68 ../../libpico-tflmicro.a(arm_convolve_1x1_s8_fast.c.obj)
                0x10009108                arm_convolve_1x1_s8_fast
 .text.arm_convolve_1x1_s8_fast_get_buffer_size
                0x10009170        0x4 ../../libpico-tflmicro.a(arm_convolve_get_buffer_sizes_s8.c.obj)
                0x10009170                arm_convolve_1x1_s8_fast_get_buffer_size
 .text.arm_fully_connected_s16_get_buffer_size
                0x10009174        0x4 ../../libpico-tflmicro.a(arm_fully_connected_get_buffer_sizes_s16.c.obj)
                0x10009174                arm_fully_connected_s16_get_buffer_size
 .text.arm_fully_connected_s8_get_buffer_size
                0x10009178        0x4 ../../libpico-tflmicro.a(arm_fully_connected_get_buffer_sizes_s8.c.obj)
                0x10009178                arm_fully_connected_s8_get_buffer_size
 .text.arm_fully_connected_s16
                0x1000917c       0x9c ../../libpico-tflmicro.a(arm_fully_connected_s16.c.obj)
                0x1000917c                arm_fully_connected_s16
 .text.arm_fully_connected_s4
                0x10009218       0x88 ../../libpico-tflmicro.a(arm_fully_connected_s4.c.obj)
                0x10009218                arm_fully_connected_s4
 .text.arm_fully_connected_s8
                0x100092a0       0x90 ../../libpico-tflmicro.a(arm_fully_connected_s8.c.obj)
                0x100092a0                arm_fully_connected_s8
 .text.arm_vector_sum_s8
                0x10009330       0x5c ../../libpico-tflmicro.a(arm_vector_sum_s8.c.obj)
                0x10009330                arm_vector_sum_s8
 .text.mat_mul_task
                0x1000938c      0x48c ../../libpico-tflmicro.a(arm_nn_mat_mult_nt_t_s8.c.obj)
 .text.core1_mat_mul_worker
                0x10009818       0x14 ../../libpico-tflmicro.a(arm_nn_mat_mult_nt_t_s8.c.obj)
 .text.arm_nn_mat_mult_nt_t_s8
                0x1000982c      0x1d8 ../../libpico-tflmicro.a(arm_nn_mat_mult_nt_t_s8.c.obj)
                0x1000982c                arm_nn_mat_mult_nt_t_s8
 .text.arm_nn_vec_mat_mult_t_s16
                0x10009a04      0x1ac ../../libpico-tflmicro.a(arm_nn_vec_mat_mult_t_s16.c.obj)
                0x10009a04                arm_nn_vec_mat_mult_t_s16
 .text.arm_nn_vec_mat_mult_t_s4
                0x10009bb0      0x508 ../../libpico-tflmicro.a(arm_nn_vec_mat_mult_t_s4.c.obj)
                0x10009bb0                arm_nn_vec_mat_mult_t_s4
 .text.arm_nn_vec_mat_mult_t_s8
                0x1000a0b8      0x654 ../../libpico-tflmicro.a(arm_nn_vec_mat_mult_t_s8.c.obj)
                0x1000a0b8                arm_nn_vec_mat_mult_t_s8
 .text._ZN6tflite13ErrorReporter6ReportEPKcz
                0x1000a70c       0x1c ../../libpico-tflmicro.a(error_reporter.cpp.obj)
                0x1000a70c                tflite::ErrorReporter::Report(char const*, ...)
 .text.TfLiteIntArrayGetSizeInBytes
                0x1000a728        0x8 ../../libpico-tflmicro.a(common.cpp.obj)
                0x1000a728                TfLiteIntArrayGetSizeInBytes
 .text.TfLiteTypeGetName
                0x1000a730       0x18 ../../libpico-tflmicro.a(common.cpp.obj)
                0x1000a730                TfLiteTypeGetName
 .text._ZN6tflite18QuantizeMultiplierEdPlPi
                0x1000a748       0x74 ../../libpico-tflmicro.a(quantization_util.cpp.obj)
                0x1000a748                tflite::QuantizeMultiplier(double, long*, int*)
 .text._ZN6tflite14GetTensorShapeEPK12TfLiteTensor
                0x1000a7bc       0x1c ../../libpico-tflmicro.a(tensor_ctypes.cpp.obj)
                0x1000a7bc                tflite::GetTensorShape(TfLiteTensor const*)
 .text._ZN6tflite32GetQuantizedConvolutionMultiplerEP13TfLiteContextPK12TfLiteTensorS4_S4_PS2_Pd
                0x1000a7d8       0xfc ../../libpico-tflmicro.a(kernel_util.cpp.obj)
                0x1000a7d8                tflite::GetQuantizedConvolutionMultipler(TfLiteContext*, TfLiteTensor const*, TfLiteTensor const*, TfLiteTensor const*, TfLiteTensor*, double*)
 .text._ZN6tflite33CalculateActivationRangeQuantizedEP13TfLiteContext21TfLiteFusedActivationP12TfLiteTensorPlS5_
                0x1000a8d4      0x1d0 ../../libpico-tflmicro.a(kernel_util.cpp.obj)
                0x1000a8d4                tflite::CalculateActivationRangeQuantized(TfLiteContext*, TfLiteFusedActivation, TfLiteTensor*, long*, long*)
 .text._ZN6tflite20NumSubgraphOperatorsEPKNS_8SubGraphE
                0x1000aaa4       0x1c ../../libpico-tflmicro.a(flatbuffer_utils.cpp.obj)
                0x1000aaa4                tflite::NumSubgraphOperators(tflite::SubGraph const*)
 .text._ZN6tflite20NumSubgraphOperatorsEPKNS_5ModelEi
                0x1000aac0       0x40 ../../libpico-tflmicro.a(flatbuffer_utils.cpp.obj)
                0x1000aac0                tflite::NumSubgraphOperators(tflite::Model const*, int)
 .text._ZN6tflite33FlatBufferVectorToTfLiteTypeArrayEPKN11flatbuffers6VectorIlmEE
                0x1000ab00        0x4 ../../libpico-tflmicro.a(flatbuffer_utils.cpp.obj)
                0x1000ab00                tflite::FlatBufferVectorToTfLiteTypeArray(flatbuffers::Vector<long, unsigned long> const*)
 .text._ZN6tflite33FlatBufferVectorToTfLiteTypeArrayEPKN11flatbuffers6VectorIfmEE
                0x1000ab04        0x4 ../../libpico-tflmicro.a(flatbuffer_utils.cpp.obj)
                0x1000ab04                tflite::FlatBufferVectorToTfLiteTypeArray(flatbuffers::Vector<float, unsigned long> const*)
 .text._ZN6tflite18MicroMemoryPlanner9AddBufferEiiii
                0x1000ab08        0x4 ../../libpico-tflmicro.a(micro_allocator.cpp.obj)
                0x1000ab08                tflite::MicroMemoryPlanner::AddBuffer(int, int, int, int)
 .text._ZN6tflite18MicroMemoryPlanner4InitEPhi
                0x1000ab0c        0x4 ../../libpico-tflmicro.a(micro_allocator.cpp.obj)
                0x1000ab0c                tflite::MicroMemoryPlanner::Init(unsigned char*, int)
 .text._ZN6tflite12_GLOBAL__N_125MicroBuiltinDataAllocator8AllocateEjj
                0x1000ab10        0xc ../../libpico-tflmicro.a(micro_allocator.cpp.obj)
 .text._ZN6tflite12_GLOBAL__N_125MicroBuiltinDataAllocator10DeallocateEPv
                0x1000ab1c        0x4 ../../libpico-tflmicro.a(micro_allocator.cpp.obj)
 .text._ZN6tflite14MicroAllocatorD0Ev
                0x1000ab20        0x4 ../../libpico-tflmicro.a(micro_allocator.cpp.obj)
                0x1000ab20                tflite::MicroAllocator::~MicroAllocator()
                0x1000ab20                tflite::MicroAllocator::~MicroAllocator()
                0x1000ab20                tflite::MicroAllocator::~MicroAllocator()
 .text._ZN6tflite14MicroAllocator24AllocatePersistentBufferEj
                0x1000ab24       0x10 ../../libpico-tflmicro.a(micro_allocator.cpp.obj)
                0x1000ab24                tflite::MicroAllocator::AllocatePersistentBuffer(unsigned int)
 .text._ZN6tflite14MicroAllocator26DeallocateTempTfLiteTensorEP12TfLiteTensor
                0x1000ab34       0x38 ../../libpico-tflmicro.a(micro_allocator.cpp.obj)
                0x1000ab34                tflite::MicroAllocator::DeallocateTempTfLiteTensor(TfLiteTensor*)
 .text._ZN6tflite14MicroAllocator18AllocateTempBufferEjj
                0x1000ab6c        0xc ../../libpico-tflmicro.a(micro_allocator.cpp.obj)
                0x1000ab6c                tflite::MicroAllocator::AllocateTempBuffer(unsigned int, unsigned int)
 .text._ZN6tflite14MicroAllocator20DeallocateTempBufferEPh
                0x1000ab78        0xc ../../libpico-tflmicro.a(micro_allocator.cpp.obj)
                0x1000ab78                tflite::MicroAllocator::DeallocateTempBuffer(unsigned char*)
 .text._ZN6tflite14MicroAllocator20ResetTempAllocationsEv
                0x1000ab84        0xc ../../libpico-tflmicro.a(micro_allocator.cpp.obj)
                0x1000ab84                tflite::MicroAllocator::ResetTempAllocations()
 .text._ZN6tflite14MicroAllocator20IsAllTempDeallocatedEv
                0x1000ab90        0xc ../../libpico-tflmicro.a(micro_allocator.cpp.obj)
                0x1000ab90                tflite::MicroAllocator::IsAllTempDeallocated()
 .text._ZN6tflite14MicroAllocator38AllocatePersistentTfLiteTensorInternalEv
                0x1000ab9c       0x10 ../../libpico-tflmicro.a(micro_allocator.cpp.obj)
                0x1000ab9c                tflite::MicroAllocator::AllocatePersistentTfLiteTensorInternal()
 .text._ZN6tflite12_GLOBAL__N_125MicroBuiltinDataAllocatorD0Ev
                0x1000abac        0x4 ../../libpico-tflmicro.a(micro_allocator.cpp.obj)
 .text._ZN6tflite14MicroAllocator28AllocateNodeAndRegistrationsEPKNS_5ModelEPNS_19SubgraphAllocationsE
                0x1000abb0       0x64 ../../libpico-tflmicro.a(micro_allocator.cpp.obj)
                0x1000abb0                tflite::MicroAllocator::AllocateNodeAndRegistrations(tflite::Model const*, tflite::SubgraphAllocations*)
 .text._ZN6tflite14MicroAllocator17AllocateVariablesEPKNS_8SubGraphEP16TfLiteEvalTensorPKl
                0x1000ac14      0x108 ../../libpico-tflmicro.a(micro_allocator.cpp.obj)
                0x1000ac14                tflite::MicroAllocator::AllocateVariables(tflite::SubGraph const*, TfLiteEvalTensor*, long const*)
 .text._ZN6tflite14MicroAllocator22CommitStaticMemoryPlanEPKNS_5ModelEPNS_19SubgraphAllocationsEPNS_19ScratchBufferHandleE
                0x1000ad1c      0x218 ../../libpico-tflmicro.a(micro_allocator.cpp.obj)
                0x1000ad1c                tflite::MicroAllocator::CommitStaticMemoryPlan(tflite::Model const*, tflite::SubgraphAllocations*, tflite::ScratchBufferHandle*)
 .text._ZN6tflite14MicroAllocator28AllocateScratchBufferHandlesEPPNS_19ScratchBufferHandleEj
                0x1000af34       0x1c ../../libpico-tflmicro.a(micro_allocator.cpp.obj)
                0x1000af34                tflite::MicroAllocator::AllocateScratchBufferHandles(tflite::ScratchBufferHandle**, unsigned int)
 .text._ZN6tflite14MicroAllocator25AllocateTfLiteEvalTensorsEPKNS_5ModelEPNS_19SubgraphAllocationsE
                0x1000af50      0x1f8 ../../libpico-tflmicro.a(micro_allocator.cpp.obj)
                0x1000af50                tflite::MicroAllocator::AllocateTfLiteEvalTensors(tflite::Model const*, tflite::SubgraphAllocations*)
 .text._ZN6tflite8internal36InitializeTfLiteTensorFromFlatbufferEPNS_26IPersistentBufferAllocatorEPNS_29INonPersistentBufferAllocatorEbRKNS_6TensorEPKN11flatbuffers6VectorINS8_6OffsetINS_6BufferEEEmEEP12TfLiteTensor
                0x1000b148      0x2b8 ../../libpico-tflmicro.a(micro_allocator.cpp.obj)
                0x1000b148                tflite::internal::InitializeTfLiteTensorFromFlatbuffer(tflite::IPersistentBufferAllocator*, tflite::INonPersistentBufferAllocator*, bool, tflite::Tensor const&, flatbuffers::Vector<flatbuffers::Offset<tflite::Buffer>, unsigned long> const*, TfLiteTensor*)
 .text._ZN6tflite14MicroAllocator34PopulateTfLiteTensorFromFlatbufferEPKNS_5ModelEP12TfLiteTensoriib
                0x1000b400       0xb4 ../../libpico-tflmicro.a(micro_allocator.cpp.obj)
                0x1000b400                tflite::MicroAllocator::PopulateTfLiteTensorFromFlatbuffer(tflite::Model const*, TfLiteTensor*, int, int, bool)
 .text._ZN6tflite14MicroAllocator24AllocateTempTfLiteTensorEPKNS_5ModelEPKNS_19SubgraphAllocationsEii
                0x1000b4b4      0x104 ../../libpico-tflmicro.a(micro_allocator.cpp.obj)
                0x1000b4b4                tflite::MicroAllocator::AllocateTempTfLiteTensor(tflite::Model const*, tflite::SubgraphAllocations const*, int, int)
 .text._ZN6tflite14MicroAllocator30AllocatePersistentTfLiteTensorEPKNS_5ModelEPKNS_19SubgraphAllocationsEii
                0x1000b5b8      0x12c ../../libpico-tflmicro.a(micro_allocator.cpp.obj)
                0x1000b5b8                tflite::MicroAllocator::AllocatePersistentTfLiteTensor(tflite::Model const*, tflite::SubgraphAllocations const*, int, int)
 .text._ZN6tflite14MicroAllocator6CreateEPhjNS_17MemoryPlannerTypeE
                0x1000b6e4       0x7c ../../libpico-tflmicro.a(micro_allocator.cpp.obj)
                0x1000b6e4                tflite::MicroAllocator::Create(unsigned char*, unsigned int, tflite::MemoryPlannerType)
 .text._ZN6tflite14MicroAllocator20StartModelAllocationEPKNS_5ModelE
                0x1000b760       0xac ../../libpico-tflmicro.a(micro_allocator.cpp.obj)
                0x1000b760                tflite::MicroAllocator::StartModelAllocation(tflite::Model const*)
 .text._ZN6tflite14MicroAllocator21FinishModelAllocationEPKNS_5ModelEPNS_19SubgraphAllocationsEPPNS_19ScratchBufferHandleE
                0x1000b80c       0x68 ../../libpico-tflmicro.a(micro_allocator.cpp.obj)
                0x1000b80c                tflite::MicroAllocator::FinishModelAllocation(tflite::Model const*, tflite::SubgraphAllocations*, tflite::ScratchBufferHandle**)
 .text._ZN6tflite14MicroAllocator27RequestScratchBufferInArenaEjiPi
                0x1000b874       0x80 ../../libpico-tflmicro.a(micro_allocator.cpp.obj)
                0x1000b874                tflite::MicroAllocator::RequestScratchBufferInArena(unsigned int, int, int*)